Archive member included to satisfy reference by file (symbol)

/usr/lib/gcc/arm-none-eabi/16.1.0/../../../../arm-none-eabi/lib/thumb/v8-m.main+dp/hard/libc_nano.a(libc_a-assert.o)
                              build/cmw_camera.o (__assert_func)
/usr/lib/gcc/arm-none-eabi/16.1.0/../../../../arm-none-eabi/lib/thumb/v8-m.main+dp/hard/libc_nano.a(libc_a-atexit.o)
                              /usr/lib/gcc/arm-none-eabi/16.1.0/../../../../arm-none-eabi/lib/thumb/v8-m.main+dp/hard/crt0.o (atexit)
/usr/lib/gcc/arm-none-eabi/16.1.0/../../../../arm-none-eabi/lib/thumb/v8-m.main+dp/hard/libc_nano.a(libc_a-exit.o)
                              /usr/lib/gcc/arm-none-eabi/16.1.0/../../../../arm-none-eabi/lib/thumb/v8-m.main+dp/hard/crt0.o (exit)
/usr/lib/gcc/arm-none-eabi/16.1.0/../../../../arm-none-eabi/lib/thumb/v8-m.main+dp/hard/libc_nano.a(libc_a-findfp.o)
                              /usr/lib/gcc/arm-none-eabi/16.1.0/../../../../arm-none-eabi/lib/thumb/v8-m.main+dp/hard/libc_nano.a(libc_a-exit.o) (__stdio_exit_handler)
/usr/lib/gcc/arm-none-eabi/16.1.0/../../../../arm-none-eabi/lib/thumb/v8-m.main+dp/hard/libc_nano.a(libc_a-fprintf.o)
                              /usr/lib/gcc/arm-none-eabi/16.1.0/../../../../arm-none-eabi/lib/thumb/v8-m.main+dp/hard/libc_nano.a(libc_a-assert.o) (fiprintf)
/usr/lib/gcc/arm-none-eabi/16.1.0/../../../../arm-none-eabi/lib/thumb/v8-m.main+dp/hard/libc_nano.a(libc_a-fwalk.o)
                              /usr/lib/gcc/arm-none-eabi/16.1.0/../../../../arm-none-eabi/lib/thumb/v8-m.main+dp/hard/libc_nano.a(libc_a-findfp.o) (_fwalk_sglue)
/usr/lib/gcc/arm-none-eabi/16.1.0/../../../../arm-none-eabi/lib/thumb/v8-m.main+dp/hard/libc_nano.a(libc_a-printf.o)
                              build/isp_core.o (printf)
/usr/lib/gcc/arm-none-eabi/16.1.0/../../../../arm-none-eabi/lib/thumb/v8-m.main+dp/hard/libc_nano.a(libc_a-puts.o)
                              build/main.o (puts)
/usr/lib/gcc/arm-none-eabi/16.1.0/../../../../arm-none-eabi/lib/thumb/v8-m.main+dp/hard/libc_nano.a(libc_a-stdio.o)
                              /usr/lib/gcc/arm-none-eabi/16.1.0/../../../../arm-none-eabi/lib/thumb/v8-m.main+dp/hard/libc_nano.a(libc_a-findfp.o) (__sread)
/usr/lib/gcc/arm-none-eabi/16.1.0/../../../../arm-none-eabi/lib/thumb/v8-m.main+dp/hard/libc_nano.a(libc_a-wbuf.o)
                              /usr/lib/gcc/arm-none-eabi/16.1.0/../../../../arm-none-eabi/lib/thumb/v8-m.main+dp/hard/libc_nano.a(libc_a-puts.o) (__swbuf_r)
/usr/lib/gcc/arm-none-eabi/16.1.0/../../../../arm-none-eabi/lib/thumb/v8-m.main+dp/hard/libc_nano.a(libc_a-wsetup.o)
                              /usr/lib/gcc/arm-none-eabi/16.1.0/../../../../arm-none-eabi/lib/thumb/v8-m.main+dp/hard/libc_nano.a(libc_a-puts.o) (__swsetup_r)
/usr/lib/gcc/arm-none-eabi/16.1.0/../../../../arm-none-eabi/lib/thumb/v8-m.main+dp/hard/libc_nano.a(libc_a-memset.o)
                              /usr/lib/gcc/arm-none-eabi/16.1.0/../../../../arm-none-eabi/lib/thumb/v8-m.main+dp/hard/crt0.o (memset)
/usr/lib/gcc/arm-none-eabi/16.1.0/../../../../arm-none-eabi/lib/thumb/v8-m.main+dp/hard/libc_nano.a(libc_a-closer.o)
                              /usr/lib/gcc/arm-none-eabi/16.1.0/../../../../arm-none-eabi/lib/thumb/v8-m.main+dp/hard/libc_nano.a(libc_a-stdio.o) (_close_r)
/usr/lib/gcc/arm-none-eabi/16.1.0/../../../../arm-none-eabi/lib/thumb/v8-m.main+dp/hard/libc_nano.a(libc_a-reent.o)
                              /usr/lib/gcc/arm-none-eabi/16.1.0/../../../../arm-none-eabi/lib/thumb/v8-m.main+dp/hard/libc_nano.a(libc_a-closer.o) (errno)
/usr/lib/gcc/arm-none-eabi/16.1.0/../../../../arm-none-eabi/lib/thumb/v8-m.main+dp/hard/libc_nano.a(libc_a-impure.o)
                              /usr/lib/gcc/arm-none-eabi/16.1.0/../../../../arm-none-eabi/lib/thumb/v8-m.main+dp/hard/libc_nano.a(libc_a-assert.o) (_impure_ptr)
/usr/lib/gcc/arm-none-eabi/16.1.0/../../../../arm-none-eabi/lib/thumb/v8-m.main+dp/hard/libc_nano.a(libc_a-lseekr.o)
                              /usr/lib/gcc/arm-none-eabi/16.1.0/../../../../arm-none-eabi/lib/thumb/v8-m.main+dp/hard/libc_nano.a(libc_a-stdio.o) (_lseek_r)
/usr/lib/gcc/arm-none-eabi/16.1.0/../../../../arm-none-eabi/lib/thumb/v8-m.main+dp/hard/libc_nano.a(libc_a-readr.o)
                              /usr/lib/gcc/arm-none-eabi/16.1.0/../../../../arm-none-eabi/lib/thumb/v8-m.main+dp/hard/libc_nano.a(libc_a-stdio.o) (_read_r)
/usr/lib/gcc/arm-none-eabi/16.1.0/../../../../arm-none-eabi/lib/thumb/v8-m.main+dp/hard/libc_nano.a(libc_a-writer.o)
                              /usr/lib/gcc/arm-none-eabi/16.1.0/../../../../arm-none-eabi/lib/thumb/v8-m.main+dp/hard/libc_nano.a(libc_a-stdio.o) (_write_r)
/usr/lib/gcc/arm-none-eabi/16.1.0/../../../../arm-none-eabi/lib/thumb/v8-m.main+dp/hard/libc_nano.a(libc_a-errno.o)
                              build/sysmem.o (__errno)
/usr/lib/gcc/arm-none-eabi/16.1.0/../../../../arm-none-eabi/lib/thumb/v8-m.main+dp/hard/libc_nano.a(libc_a-init.o)
[...]
Memory Configuration

Name             Origin             Length             Attributes
ROM              0x34000400         0x0007fc00         xrw
RAM              0x34080000         0x00180000         xrw
*default*        0x00000000         0xffffffff

Linker script and memory map

LOAD /usr/lib/gcc/arm-none-eabi/16.1.0/thumb/v8-m.main+dp/hard/crti.o
LOAD /usr/lib/gcc/arm-none-eabi/16.1.0/thumb/v8-m.main+dp/hard/crtbegin.o
LOAD /usr/lib/gcc/arm-none-eabi/16.1.0/../../../../arm-none-eabi/lib/thumb/v8-m.main+dp/hard/crt0.o
LOAD build/main.o
LOAD build/camera.o
LOAD build/stm32n6xx_it.o
LOAD build/stm32n6xx_hal_msp.o
LOAD build/secure_nsc.o
LOAD build/system_stm32n6xx_s.o
LOAD build/stm32n6xx_nucleo.o
LOAD build/stm32n6xx_nucleo_bus.o
LOAD build/sysmem.o
LOAD build/syscalls.o
LOAD build/stm32n6xx_hal.o
LOAD build/stm32n6xx_hal_rcc.o
LOAD build/stm32n6xx_hal_rcc_ex.o
LOAD build/stm32n6xx_hal_gpio.o
LOAD build/stm32n6xx_hal_pwr.o
LOAD build/stm32n6xx_hal_pwr_ex.o
LOAD build/stm32n6xx_hal_uart.o
LOAD build/stm32n6xx_hal_dcmipp.o
LOAD build/stm32n6xx_hal_rif.o
LOAD build/stm32n6xx_hal_ramcfg.o
LOAD build/stm32n6xx_hal_cacheaxi.o
LOAD build/stm32n6xx_hal_uart_ex.o
LOAD build/stm32n6xx_hal_cortex.o
LOAD build/stm32n6xx_hal_i2c.o
LOAD build/stm32n6xx_hal_i2c_ex.o
LOAD build/cmw_camera.o
LOAD build/cmw_utils.o
LOAD build/isp_core.o
LOAD build/isp_services.o
LOAD build/isp_algo.o
LOAD build/isp_ae_algo.o
LOAD build/isp_awb_algo.o
LOAD build/cmw_imx335.o
LOAD build/imx335.o
LOAD build/imx335_reg.o
LOAD build/startup_stm32n657xx.o
LOAD /usr/lib/gcc/arm-none-eabi/16.1.0/../../../../arm-none-eabi/lib/thumb/v8-m.main+dp/hard/libc_nano.a
LOAD /usr/lib/gcc/arm-none-eabi/16.1.0/../../../../arm-none-eabi/lib/thumb/v8-m.main+dp/hard/libm.a
LOAD /usr/lib/gcc/arm-none-eabi/16.1.0/../../../../arm-none-eabi/lib/thumb/v8-m.main+dp/hard/libnosys.a
START GROUP
LOAD /usr/lib/gcc/arm-none-eabi/16.1.0/thumb/v8-m.main+dp/hard/libgcc.a
LOAD /usr/lib/gcc/arm-none-eabi/16.1.0/../../../../arm-none-eabi/lib/thumb/v8-m.main+dp/hard/libc_nano.a
END GROUP
START GROUP
LOAD /usr/lib/gcc/arm-none-eabi/16.1.0/thumb/v8-m.main+dp/hard/libgcc.a
LOAD /usr/lib/gcc/arm-none-eabi/16.1.0/../../../../arm-none-eabi/lib/thumb/v8-m.main+dp/hard/libc_nano.a
END GROUP
LOAD /usr/lib/gcc/arm-none-eabi/16.1.0/thumb/v8-m.main+dp/hard/crtend.o
LOAD /usr/lib/gcc/arm-none-eabi/16.1.0/thumb/v8-m.main+dp/hard/crtn.o
                0x34200000                        _estack = (ORIGIN (RAM) + LENGTH (RAM))
                0x341ff800                        _sstack = (_estack - _Min_Stack_Size)
                0x00000200                        _Min_Heap_Size = 0x200
                0x00000800                        _Min_Stack_Size = 0x800

.isr_vector     0x34000400      0x34c
                0x34000400                        . = ALIGN (0x4)
 *(.isr_vector)
 .isr_vector    0x34000400      0x34c build/startup_stm32n657xx.o
                0x34000400                g_pfnVectors
                0x3400074c                        . = ALIGN (0x4)

.text           0x34000750     0xe0a4
                0x34000750                        . = ALIGN (0x4)
 *(.text)
 .text          0x34000750      0x378 /usr/lib/gcc/arm-none-eabi/16.1.0/thumb/v8-m.main+dp/hard/libgcc.a(_arm_addsubdf3.o)
                0x34000750                __aeabi_drsub
                0x34000758                __aeabi_dsub
                0x34000758                __subdf3
                0x3400075c                __adddf3
                0x3400075c                __aeabi_dadd
                0x340009d4                __aeabi_ui2d
                0x340009d4                __floatunsidf
                0x340009f4                __floatsidf
                0x340009f4                __aeabi_i2d
                0x34000a18                __extendsfdf2
                0x34000a18                __aeabi_f2d
                0x34000a5c                __aeabi_ul2d
                0x34000a5c                __floatundidf
                0x34000a6c                __floatdidf
                0x34000a6c                __aeabi_l2d
 .text          0x34000ac8       0xa0 /usr/lib/gcc/arm-none-eabi/16.1.0/thumb/v8-m.main+dp/hard/libgcc.a(_aeabi_ldivmod.o)
                0x34000ac8                __aeabi_ldivmod
 .text          0x34000b68       0x30 /usr/lib/gcc/arm-none-eabi/16.1.0/thumb/v8-m.main+dp/hard/libgcc.a(_aeabi_uldivmod.o)
                0x34000b68                __aeabi_uldivmod
 .text          0x34000b98        0x4 /usr/lib/gcc/arm-none-eabi/16.1.0/thumb/v8-m.main+dp/hard/libgcc.a(_dvmd_tls.o)
                0x34000b98                __aeabi_ldiv0
                0x34000b98                __aeabi_idiv0
 *(.text*)
 .text.__do_global_dtors_aux
                0x34000b9c       0x24 /usr/lib/gcc/arm-none-eabi/16.1.0/thumb/v8-m.main+dp/hard/crtbegin.o
 .text.frame_dummy
                0x34000bc0       0x1c /usr/lib/gcc/arm-none-eabi/16.1.0/thumb/v8-m.main+dp/hard/crtbegin.o
 .text.MX_GPIO_Init
                0x34000bdc       0x54 build/main.o
 .text.SystemIsolation_Config
                0x34000c30      0x13c build/main.o
 .text.MX_DCMIPP_ClockConfig
                0x34000d6c       0x4c build/main.o
                0x34000d6c                MX_DCMIPP_ClockConfig
 .text.Error_Handler
                0x34000db8        0x4 build/main.o
                0x34000db8                Error_Handler
 .text.MX_CACHEAXI_Init
                0x34000dbc       0x1c build/main.o
 .text.MX_LPUART1_UART_Init
                0x34000dd8       0x64 build/main.o
 .text.MX_RAMCFG_Init
                0x34000e3c       0x64 build/main.o
 .text.main     0x34000ea0       0x68 build/main.o
                0x34000ea0                main
 .text.DCMIPP_initNN
                0x34000f08       0x30 build/camera.o
                0x34000f08                DCMIPP_initNN
 .text.DCMIPP_initDisplay
                0x34000f38       0x40 build/camera.o
                0x34000f38                DCMIPP_initDisplay
 .text.CAMERA_init
                0x34000f78       0x34 build/camera.o
                0x34000f78                CAMERA_init
 .text.NMI_Handler
                0x34000fac        0x2 build/stm32n6xx_it.o
                0x34000fac                NMI_Handler
 .text.HardFault_Handler
                0x34000fae        0x2 build/stm32n6xx_it.o
                0x34000fae                HardFault_Handler
 .text.MemManage_Handler
                0x34000fb0        0x2 build/stm32n6xx_it.o
                0x34000fb0                MemManage_Handler
 .text.BusFault_Handler
                0x34000fb2        0x2 build/stm32n6xx_it.o
                0x34000fb2                BusFault_Handler
 .text.UsageFault_Handler
                0x34000fb4        0x2 build/stm32n6xx_it.o
                0x34000fb4                UsageFault_Handler
 .text.SecureFault_Handler
                0x34000fb6        0x2 build/stm32n6xx_it.o
                0x34000fb6                SecureFault_Handler
 .text.SVC_Handler
                0x34000fb8        0x2 build/stm32n6xx_it.o
                0x34000fb8                SVC_Handler
 .text.DebugMon_Handler
                0x34000fba        0x2 build/stm32n6xx_it.o
                0x34000fba                DebugMon_Handler
 .text.PendSV_Handler
                0x34000fbc        0x2 build/stm32n6xx_it.o
                0x34000fbc                PendSV_Handler
 .text.SysTick_Handler
                0x34000fbe        0x8 build/stm32n6xx_it.o
                0x34000fbe                SysTick_Handler
 .text.HAL_MspInit
                0x34000fc6       0x14 build/stm32n6xx_hal_msp.o
                0x34000fc6                HAL_MspInit
 *fill*         0x34000fda        0x2 
 .text.HAL_CACHEAXI_MspInit
                0x34000fdc       0x2c build/stm32n6xx_hal_msp.o
                0x34000fdc                HAL_CACHEAXI_MspInit
 .text.HAL_UART_MspInit
                0x34001008       0x8c build/stm32n6xx_hal_msp.o
                0x34001008                HAL_UART_MspInit
 .text.HAL_RAMCFG_MspInit
                0x34001094       0x1c build/stm32n6xx_hal_msp.o
                0x34001094                HAL_RAMCFG_MspInit
 .text.SECURE_RegisterCallback
                0x340010b0       0x30 build/secure_nsc.o
                0x340010b0                __acle_se_SECURE_RegisterCallback
 .text.TZ_SAU_Setup
                0x340010e0       0x48 build/system_stm32n6xx_s.o
 .text.SystemInit
                0x34001128       0x5c build/system_stm32n6xx_s.o
                0x34001128                SystemInit
 .text.SystemCoreClockUpdate
                0x34001184      0x240 build/system_stm32n6xx_s.o
                0x34001184                SystemCoreClockUpdate
 .text.SECURE_SystemCoreClockUpdate
                0x340013c4       0x24 build/system_stm32n6xx_s.o
                0x340013c4                __acle_se_SECURE_SystemCoreClockUpdate
 .text.UART_MspInit
                0x340013e8       0x98 build/stm32n6xx_nucleo.o
 .text.BSP_LED_Toggle
                0x34001480       0x20 build/stm32n6xx_nucleo.o
                0x34001480                BSP_LED_Toggle
 .text.__io_putchar
                0x340014a0       0x30 build/stm32n6xx_nucleo.o
                0x340014a0                __io_putchar
 .text.MX_USART1_Init
                0x340014d0       0x34 build/stm32n6xx_nucleo.o
                0x340014d0                MX_USART1_Init
 .text.BSP_COM_Init
                0x34001504       0x48 build/stm32n6xx_nucleo.o
                0x34001504                BSP_COM_Init
 .text.I2C_Compute_PRESC_SCLDEL_SDADEL
                0x3400154c       0xe0 build/stm32n6xx_nucleo_bus.o
 .text.I2C_Compute_SCLL_SCLH
                0x3400162c      0x138 build/stm32n6xx_nucleo_bus.o
 .text.I2C_GetTiming
                0x34001764       0x8c build/stm32n6xx_nucleo_bus.o
 .text.I2C2_MspInit
                0x340017f0       0x94 build/stm32n6xx_nucleo_bus.o
 .text.I2C2_MspDeInit
                0x34001884       0x34 build/stm32n6xx_nucleo_bus.o
 .text.I2C2_WriteReg
                0x340018b8       0x34 build/stm32n6xx_nucleo_bus.o
 .text.I2C2_ReadReg
                0x340018ec       0x34 build/stm32n6xx_nucleo_bus.o
 .text.BSP_I2C2_DeInit
                0x34001920       0x30 build/stm32n6xx_nucleo_bus.o
                0x34001920                BSP_I2C2_DeInit
 .text.MX_I2C2_Init
                0x34001950       0x3e build/stm32n6xx_nucleo_bus.o
                0x34001950                MX_I2C2_Init
 *fill*         0x3400198e        0x2 
 .text.BSP_I2C2_Init
                0x34001990       0x54 build/stm32n6xx_nucleo_bus.o
                0x34001990                BSP_I2C2_Init
 .text.BSP_I2C2_WriteReg16
                0x340019e4       0x30 build/stm32n6xx_nucleo_bus.o
                0x340019e4                BSP_I2C2_WriteReg16
 .text.BSP_I2C2_ReadReg16
                0x34001a14       0x30 build/stm32n6xx_nucleo_bus.o
                0x34001a14                BSP_I2C2_ReadReg16
 .text.BSP_GetTick
                0x34001a44        0x8 build/stm32n6xx_nucleo_bus.o
                0x34001a44                BSP_GetTick
 .text._sbrk    0x34001a4c       0x4c build/sysmem.o
                0x34001a4c                _sbrk
 .text._getpid  0x34001a98        0x4 build/syscalls.o
                0x34001a98                _getpid
 .text._kill    0x34001a9c       0x10 build/syscalls.o
                0x34001a9c                _kill
 .text._exit    0x34001aac        0xc build/syscalls.o
                0x34001aac                _exit
 .text._read    0x34001ab8       0x20 build/syscalls.o
                0x34001ab8                _read
 .text._write   0x34001ad8       0x1c build/syscalls.o
                0x34001ad8                _write
 .text._close   0x34001af4        0x6 build/syscalls.o
                0x34001af4                _close
 .text._fstat   0x34001afa        0xa build/syscalls.o
                0x34001afa                _fstat
 .text._isatty  0x34001b04        0x4 build/syscalls.o
                0x34001b04                _isatty
 .text._lseek   0x34001b08        0x4 build/syscalls.o
                0x34001b08                _lseek
 .text.HAL_InitTick
                0x34001b0c       0x4c build/stm32n6xx_hal.o
                0x34001b0c                HAL_InitTick
 .text.HAL_Init
                0x34001b58       0x24 build/stm32n6xx_hal.o
                0x34001b58                HAL_Init
 .text.HAL_IncTick
                0x34001b7c       0x18 build/stm32n6xx_hal.o
                0x34001b7c                HAL_IncTick
 .text.HAL_GetTick
                0x34001b94        0xc build/stm32n6xx_hal.o
                0x34001b94                HAL_GetTick
 .text.HAL_Delay
                0x34001ba0       0x28 build/stm32n6xx_hal.o
                0x34001ba0                HAL_Delay
 .text.RCC_GetSysClockFreq
                0x34001bc8       0x9c build/stm32n6xx_hal_rcc.o
 .text.HAL_RCC_GetSysClockFreq
                0x34001c64       0x20 build/stm32n6xx_hal_rcc.o
                0x34001c64                HAL_RCC_GetSysClockFreq
 .text.HAL_RCC_GetPCLK1Freq
                0x34001c84       0x20 build/stm32n6xx_hal_rcc.o
                0x34001c84                HAL_RCC_GetPCLK1Freq
 .text.LL_RCC_SetClockSource
                0x34001ca4       0x30 build/stm32n6xx_hal_rcc_ex.o
 .text.LL_RCC_GetClockSource
                0x34001cd4       0x1c build/stm32n6xx_hal_rcc_ex.o
 .text.RCCEx_GetHCLKFreq
                0x34001cf0       0x10 build/stm32n6xx_hal_rcc_ex.o
 .text.RCCEx_GetPCLK1Freq
                0x34001d00       0x10 build/stm32n6xx_hal_rcc_ex.o
 .text.RCCEx_GetPCLK2Freq
                0x34001d10       0x10 build/stm32n6xx_hal_rcc_ex.o
 .text.RCCEx_GetPCLK4Freq
                0x34001d20       0x10 build/stm32n6xx_hal_rcc_ex.o
 .text.RCCEx_GetPCLK5Freq
                0x34001d30       0x10 build/stm32n6xx_hal_rcc_ex.o
 .text.RCCEx_GetPLLSourceFreq
                0x34001d40       0x7c build/stm32n6xx_hal_rcc_ex.o
 .text.RCCEx_CalcPLLFreq
                0x34001dbc       0x5c build/stm32n6xx_hal_rcc_ex.o
 .text.RCCEx_GetRTCCLKFreq
                0x34001e18       0x68 build/stm32n6xx_hal_rcc_ex.o
 .text.HAL_RCCEx_PeriphCLKConfig
                0x34001e80     0x1abc build/stm32n6xx_hal_rcc_ex.o
                0x34001e80                HAL_RCCEx_PeriphCLKConfig
 .text.HAL_RCCEx_GetPLL1CLKFreq
                0x3400393c       0x90 build/stm32n6xx_hal_rcc_ex.o
                0x3400393c                HAL_RCCEx_GetPLL1CLKFreq
 .text.HAL_RCCEx_GetPLL2CLKFreq
                0x340039cc       0x90 build/stm32n6xx_hal_rcc_ex.o
                0x340039cc                HAL_RCCEx_GetPLL2CLKFreq
 .text.HAL_RCCEx_GetPLL3CLKFreq
                0x34003a5c       0x90 build/stm32n6xx_hal_rcc_ex.o
                0x34003a5c                HAL_RCCEx_GetPLL3CLKFreq
 .text.HAL_RCCEx_GetPLL4CLKFreq
                0x34003aec       0x90 build/stm32n6xx_hal_rcc_ex.o
                0x34003aec                HAL_RCCEx_GetPLL4CLKFreq
 .text.RCCEx_GetCSICLKFreq
                0x34003b7c       0x6c build/stm32n6xx_hal_rcc_ex.o
 .text.RCCEx_GetCLKPCLKFreq
                0x34003be8      0x254 build/stm32n6xx_hal_rcc_ex.o
 .text.RCCEx_GetADCCLKFreq
                0x34003e3c      0x160 build/stm32n6xx_hal_rcc_ex.o
 .text.RCCEx_GetADFCLKFreq
                0x34003f9c      0x138 build/stm32n6xx_hal_rcc_ex.o
 .text.RCCEx_GetDCMIPPCLKFreq
                0x340040d4       0xb8 build/stm32n6xx_hal_rcc_ex.o
 .text.RCCEx_GetETH1CLKFreq
                0x3400418c       0xac build/stm32n6xx_hal_rcc_ex.o
 .text.RCCEx_GetETH1PTPCLKFreq
                0x34004238       0xb4 build/stm32n6xx_hal_rcc_ex.o
 .text.RCCEx_GetFDCANCLKFreq
                0x340042ec       0xa8 build/stm32n6xx_hal_rcc_ex.o
 .text.RCCEx_GetFMCCLKFreq
                0x34004394       0xf4 build/stm32n6xx_hal_rcc_ex.o
 .text.RCCEx_GetI2CCLKFreq
                0x34004488      0x1f0 build/stm32n6xx_hal_rcc_ex.o
 .text.RCCEx_GetI3CCLKFreq
                0x34004678      0x17c build/stm32n6xx_hal_rcc_ex.o
 .text.RCCEx_GetLPTIMCLKFreq
                0x340047f4      0x1e8 build/stm32n6xx_hal_rcc_ex.o
 .text.RCCEx_GetLPUARTCLKFreq
                0x340049dc      0x14c build/stm32n6xx_hal_rcc_ex.o
 .text.RCCEx_GetLTDCCLKFreq
                0x34004b28       0xb8 build/stm32n6xx_hal_rcc_ex.o
 .text.RCCEx_GetMDFCLKFreq
                0x34004be0      0x160 build/stm32n6xx_hal_rcc_ex.o
 .text.RCCEx_GetPSSICLKFreq
                0x34004d40       0xb0 build/stm32n6xx_hal_rcc_ex.o
 .text.RCCEx_GetSDMMCCLKFreq
                0x34004df0      0x128 build/stm32n6xx_hal_rcc_ex.o
 .text.RCCEx_GetSPDIFRXCLKFreq
                0x34004f18      0x12c build/stm32n6xx_hal_rcc_ex.o
 .text.RCCEx_GetSAICLKFreq
                0x34005044      0x1b8 build/stm32n6xx_hal_rcc_ex.o
 .text.RCCEx_GetSPICLKFreq
                0x340051fc      0x370 build/stm32n6xx_hal_rcc_ex.o
 .text.RCCEx_GetUARTCLKFreq
                0x3400556c      0x2ac build/stm32n6xx_hal_rcc_ex.o
 .text.RCCEx_GetUSARTCLKFreq
                0x34005818      0x2a8 build/stm32n6xx_hal_rcc_ex.o
 .text.RCCEx_GetOTGPHYCLKFreq
                0x34005ac0       0xf0 build/stm32n6xx_hal_rcc_ex.o
 .text.RCCEx_GetOTGPHYCKREFCLKFreq
                0x34005bb0       0x70 build/stm32n6xx_hal_rcc_ex.o
 .text.RCCEx_GetXSPICLKFreq
                0x34005c20      0x14c build/stm32n6xx_hal_rcc_ex.o
 .text.HAL_RCCEx_GetPeriphCLKFreq
                0x34005d6c      0x59c build/stm32n6xx_hal_rcc_ex.o
                0x34005d6c                HAL_RCCEx_GetPeriphCLKFreq
 .text.HAL_GPIO_Init
                0x34006308      0x228 build/stm32n6xx_hal_gpio.o
                0x34006308                HAL_GPIO_Init
 .text.HAL_GPIO_DeInit
                0x34006530      0x1a8 build/stm32n6xx_hal_gpio.o
                0x34006530                HAL_GPIO_DeInit
 .text.HAL_GPIO_WritePin
                0x340066d8        0xa build/stm32n6xx_hal_gpio.o
                0x340066d8                HAL_GPIO_WritePin
 .text.HAL_GPIO_TogglePin
                0x340066e2       0x12 build/stm32n6xx_hal_gpio.o
                0x340066e2                HAL_GPIO_TogglePin
 .text.HAL_GPIO_ConfigPinAttributes
                0x340066f4       0x3a build/stm32n6xx_hal_gpio.o
                0x340066f4                HAL_GPIO_ConfigPinAttributes
 *fill*         0x3400672e        0x2 
 .text.HAL_PWREx_EnableVddIO2
                0x34006730       0x10 build/stm32n6xx_hal_pwr_ex.o
                0x34006730                HAL_PWREx_EnableVddIO2
 .text.HAL_PWREx_EnableVddIO3
                0x34006740       0x10 build/stm32n6xx_hal_pwr_ex.o
                0x34006740                HAL_PWREx_EnableVddIO3
 .text.HAL_PWREx_EnableVddIO4
                0x34006750       0x10 build/stm32n6xx_hal_pwr_ex.o
                0x34006750                HAL_PWREx_EnableVddIO4
 .text.HAL_PWREx_EnableVddIO5
                0x34006760       0x10 build/stm32n6xx_hal_pwr_ex.o
                0x34006760                HAL_PWREx_EnableVddIO5
 .text.UART_EndRxTransfer
                0x34006770       0x56 build/stm32n6xx_hal_uart.o
 *fill*         0x340067c6        0x2 
 .text.UART_SetConfig
                0x340067c8      0x21c build/stm32n6xx_hal_uart.o
                0x340067c8                UART_SetConfig
 .text.UART_AdvFeatureConfig
                0x340069e4       0xca build/stm32n6xx_hal_uart.o
                0x340069e4                UART_AdvFeatureConfig
 .text.UART_WaitOnFlagUntilTimeout
                0x34006aae       0x94 build/stm32n6xx_hal_uart.o
                0x34006aae                UART_WaitOnFlagUntilTimeout
 .text.HAL_UART_Transmit
                0x34006b42       0xd4 build/stm32n6xx_hal_uart.o
                0x34006b42                HAL_UART_Transmit
 .text.UART_CheckIdleState
                0x34006c16       0xc4 build/stm32n6xx_hal_uart.o
                0x34006c16                UART_CheckIdleState
 .text.HAL_UART_Init
                0x34006cda       0x66 build/stm32n6xx_hal_uart.o
                0x34006cda                HAL_UART_Init
 .text.Pipe_Config
                0x34006d40       0xc2 build/stm32n6xx_hal_dcmipp.o
 .text.DCMIPP_CSI_WritePHYReg
                0x34006e02       0x74 build/stm32n6xx_hal_dcmipp.o
 .text.HAL_DCMIPP_Init
                0x34006e76       0x32 build/stm32n6xx_hal_dcmipp.o
                0x34006e76                HAL_DCMIPP_Init
 .text.HAL_DCMIPP_CSI_SetConfig
                0x34006ea8      0x15c build/stm32n6xx_hal_dcmipp.o
                0x34006ea8                HAL_DCMIPP_CSI_SetConfig
 .text.HAL_DCMIPP_CSI_PIPE_SetConfig
                0x34007004       0xd0 build/stm32n6xx_hal_dcmipp.o
                0x34007004                HAL_DCMIPP_CSI_PIPE_SetConfig
 .text.HAL_DCMIPP_CSI_SetVCConfig
                0x340070d4       0x48 build/stm32n6xx_hal_dcmipp.o
                0x340070d4                HAL_DCMIPP_CSI_SetVCConfig
 .text.HAL_DCMIPP_PIPE_SetConfig
                0x3400711c       0x42 build/stm32n6xx_hal_dcmipp.o
                0x3400711c                HAL_DCMIPP_PIPE_SetConfig
 .text.HAL_DCMIPP_PIPE_SetCropConfig
                0x3400715e       0xe4 build/stm32n6xx_hal_dcmipp.o
                0x3400715e                HAL_DCMIPP_PIPE_SetCropConfig
 .text.HAL_DCMIPP_PIPE_EnableCrop
                0x34007242       0x62 build/stm32n6xx_hal_dcmipp.o
                0x34007242                HAL_DCMIPP_PIPE_EnableCrop
 .text.HAL_DCMIPP_PIPE_DisableCrop
                0x340072a4       0x42 build/stm32n6xx_hal_dcmipp.o
                0x340072a4                HAL_DCMIPP_PIPE_DisableCrop
 .text.HAL_DCMIPP_PIPE_SetISPDecimationConfig
                0x340072e6       0x2e build/stm32n6xx_hal_dcmipp.o
                0x340072e6                HAL_DCMIPP_PIPE_SetISPDecimationConfig
 .text.HAL_DCMIPP_PIPE_EnableISPDecimation
                0x34007314       0x1c build/stm32n6xx_hal_dcmipp.o
                0x34007314                HAL_DCMIPP_PIPE_EnableISPDecimation
 .text.HAL_DCMIPP_PIPE_SetDecimationConfig
                0x34007330       0x48 build/stm32n6xx_hal_dcmipp.o
                0x34007330                HAL_DCMIPP_PIPE_SetDecimationConfig
 .text.HAL_DCMIPP_PIPE_EnableDecimation
                0x34007378       0x30 build/stm32n6xx_hal_dcmipp.o
                0x34007378                HAL_DCMIPP_PIPE_EnableDecimation
 .text.HAL_DCMIPP_PIPE_DisableDecimation
                0x340073a8       0x30 build/stm32n6xx_hal_dcmipp.o
                0x340073a8                HAL_DCMIPP_PIPE_DisableDecimation
 .text.HAL_DCMIPP_PIPE_SetDownsizeConfig
                0x340073d8       0xaa build/stm32n6xx_hal_dcmipp.o
                0x340073d8                HAL_DCMIPP_PIPE_SetDownsizeConfig
 .text.HAL_DCMIPP_PIPE_EnableDownsize
                0x34007482       0x30 build/stm32n6xx_hal_dcmipp.o
                0x34007482                HAL_DCMIPP_PIPE_EnableDownsize
 .text.HAL_DCMIPP_PIPE_EnableGammaConversion
                0x340074b2       0x30 build/stm32n6xx_hal_dcmipp.o
                0x340074b2                HAL_DCMIPP_PIPE_EnableGammaConversion
 .text.HAL_DCMIPP_PIPE_DisableGammaConversion
                0x340074e2       0x30 build/stm32n6xx_hal_dcmipp.o
                0x340074e2                HAL_DCMIPP_PIPE_DisableGammaConversion
 *fill*         0x34007512        0x2 
 .text.HAL_DCMIPP_PIPE_SetISPRawBayer2RGBConfig
                0x34007514       0x40 build/stm32n6xx_hal_dcmipp.o
                0x34007514                HAL_DCMIPP_PIPE_SetISPRawBayer2RGBConfig
 .text.HAL_DCMIPP_PIPE_EnableISPRawBayer2RGB
                0x34007554       0x1c build/stm32n6xx_hal_dcmipp.o
                0x34007554                HAL_DCMIPP_PIPE_EnableISPRawBayer2RGB
 .text.HAL_DCMIPP_PIPE_DisableISPRawBayer2RGB
                0x34007570       0x1c build/stm32n6xx_hal_dcmipp.o
                0x34007570                HAL_DCMIPP_PIPE_DisableISPRawBayer2RGB
 .text.HAL_DCMIPP_PIPE_SetISPRemovalStatisticConfig
                0x3400758c       0x22 build/stm32n6xx_hal_dcmipp.o
                0x3400758c                HAL_DCMIPP_PIPE_SetISPRemovalStatisticConfig
 .text.HAL_DCMIPP_PIPE_EnableISPRemovalStatistic
                0x340075ae       0x1c build/stm32n6xx_hal_dcmipp.o
                0x340075ae                HAL_DCMIPP_PIPE_EnableISPRemovalStatistic
 .text.HAL_DCMIPP_PIPE_DisableISPRemovalStatistic
                0x340075ca       0x1c build/stm32n6xx_hal_dcmipp.o
                0x340075ca                HAL_DCMIPP_PIPE_DisableISPRemovalStatistic
 .text.HAL_DCMIPP_PIPE_SetISPBadPixelRemovalConfig
                0x340075e6       0x20 build/stm32n6xx_hal_dcmipp.o
                0x340075e6                HAL_DCMIPP_PIPE_SetISPBadPixelRemovalConfig
 .text.HAL_DCMIPP_PIPE_EnableISPBadPixelRemoval
                0x34007606       0x1c build/stm32n6xx_hal_dcmipp.o
                0x34007606                HAL_DCMIPP_PIPE_EnableISPBadPixelRemoval
 .text.HAL_DCMIPP_PIPE_DisableISPBadPixelRemoval
                0x34007622       0x1c build/stm32n6xx_hal_dcmipp.o
                0x34007622                HAL_DCMIPP_PIPE_DisableISPBadPixelRemoval
 .text.HAL_DCMIPP_PIPE_GetISPBadPixelRemovalConfig
                0x3400763e        0xc build/stm32n6xx_hal_dcmipp.o
                0x3400763e                HAL_DCMIPP_PIPE_GetISPBadPixelRemovalConfig
 .text.HAL_DCMIPP_PIPE_IsEnabledISPBadPixelRemoval
                0x3400764a       0x14 build/stm32n6xx_hal_dcmipp.o
                0x3400764a                HAL_DCMIPP_PIPE_IsEnabledISPBadPixelRemoval
 .text.HAL_DCMIPP_PIPE_GetISPRemovedBadPixelCounter
                0x3400765e       0x1e build/stm32n6xx_hal_dcmipp.o
                0x3400765e                HAL_DCMIPP_PIPE_GetISPRemovedBadPixelCounter
 .text.HAL_DCMIPP_PIPE_SetISPColorConversionConfig
                0x3400767c      0x1b0 build/stm32n6xx_hal_dcmipp.o
                0x3400767c                HAL_DCMIPP_PIPE_SetISPColorConversionConfig
 .text.HAL_DCMIPP_PIPE_EnableISPColorConversion
                0x3400782c       0x1c build/stm32n6xx_hal_dcmipp.o
                0x3400782c                HAL_DCMIPP_PIPE_EnableISPColorConversion
 .text.HAL_DCMIPP_PIPE_DisableISPColorConversion
                0x34007848       0x1c build/stm32n6xx_hal_dcmipp.o
                0x34007848                HAL_DCMIPP_PIPE_DisableISPColorConversion
 .text.HAL_DCMIPP_PIPE_SetYUVConversionConfig
                0x34007864      0x1b0 build/stm32n6xx_hal_dcmipp.o
                0x34007864                HAL_DCMIPP_PIPE_SetYUVConversionConfig
 .text.HAL_DCMIPP_PIPE_EnableYUVConversion
                0x34007a14       0x1c build/stm32n6xx_hal_dcmipp.o
                0x34007a14                HAL_DCMIPP_PIPE_EnableYUVConversion
 .text.HAL_DCMIPP_PIPE_SetISPBlackLevelCalibrationConfig
                0x34007a30       0x30 build/stm32n6xx_hal_dcmipp.o
                0x34007a30                HAL_DCMIPP_PIPE_SetISPBlackLevelCalibrationConfig
 .text.HAL_DCMIPP_PIPE_EnableISPBlackLevelCalibration
                0x34007a60       0x1c build/stm32n6xx_hal_dcmipp.o
                0x34007a60                HAL_DCMIPP_PIPE_EnableISPBlackLevelCalibration
 .text.HAL_DCMIPP_PIPE_DisableISPBlackLevelCalibration
                0x34007a7c       0x1c build/stm32n6xx_hal_dcmipp.o
                0x34007a7c                HAL_DCMIPP_PIPE_DisableISPBlackLevelCalibration
 .text.HAL_DCMIPP_PIPE_GetISPBlackLevelCalibrationConfig
                0x34007a98       0x1e build/stm32n6xx_hal_dcmipp.o
                0x34007a98                HAL_DCMIPP_PIPE_GetISPBlackLevelCalibrationConfig
 .text.HAL_DCMIPP_PIPE_IsEnabledISPBlackLevelCalibration
                0x34007ab6       0x14 build/stm32n6xx_hal_dcmipp.o
                0x34007ab6                HAL_DCMIPP_PIPE_IsEnabledISPBlackLevelCalibration
 .text.HAL_DCMIPP_PIPE_SetISPStatisticExtractionConfig
                0x34007aca       0x5e build/stm32n6xx_hal_dcmipp.o
                0x34007aca                HAL_DCMIPP_PIPE_SetISPStatisticExtractionConfig
 .text.HAL_DCMIPP_PIPE_SetISPAreaStatisticExtractionConfig
                0x34007b28       0x48 build/stm32n6xx_hal_dcmipp.o
                0x34007b28                HAL_DCMIPP_PIPE_SetISPAreaStatisticExtractionConfig
 .text.HAL_DCMIPP_PIPE_EnableISPStatisticExtraction
                0x34007b70       0x44 build/stm32n6xx_hal_dcmipp.o
                0x34007b70                HAL_DCMIPP_PIPE_EnableISPStatisticExtraction
 .text.HAL_DCMIPP_PIPE_EnableISPAreaStatisticExtraction
                0x34007bb4       0x1c build/stm32n6xx_hal_dcmipp.o
                0x34007bb4                HAL_DCMIPP_PIPE_EnableISPAreaStatisticExtraction
 .text.HAL_DCMIPP_PIPE_SetISPExposureConfig
                0x34007bd0       0x4e build/stm32n6xx_hal_dcmipp.o
                0x34007bd0                HAL_DCMIPP_PIPE_SetISPExposureConfig
 .text.HAL_DCMIPP_PIPE_EnableISPExposure
                0x34007c1e       0x1c build/stm32n6xx_hal_dcmipp.o
                0x34007c1e                HAL_DCMIPP_PIPE_EnableISPExposure
 .text.HAL_DCMIPP_PIPE_DisableISPExposure
                0x34007c3a       0x1c build/stm32n6xx_hal_dcmipp.o
                0x34007c3a                HAL_DCMIPP_PIPE_DisableISPExposure
 .text.HAL_DCMIPP_PIPE_SetISPCtrlContrastConfig
                0x34007c56       0x62 build/stm32n6xx_hal_dcmipp.o
                0x34007c56                HAL_DCMIPP_PIPE_SetISPCtrlContrastConfig
 .text.HAL_DCMIPP_PIPE_EnableISPCtrlContrast
                0x34007cb8       0x1c build/stm32n6xx_hal_dcmipp.o
                0x34007cb8                HAL_DCMIPP_PIPE_EnableISPCtrlContrast
 .text.HAL_DCMIPP_PIPE_DisableISPCtrlContrast
                0x34007cd4       0x1c build/stm32n6xx_hal_dcmipp.o
                0x34007cd4                HAL_DCMIPP_PIPE_DisableISPCtrlContrast
 .text.HAL_DCMIPP_PIPE_SetPitch
                0x34007cf0       0x34 build/stm32n6xx_hal_dcmipp.o
                0x34007cf0                HAL_DCMIPP_PIPE_SetPitch
 .text.HAL_DCMIPP_PIPE_SetPixelPackerFormat
                0x34007d24       0x34 build/stm32n6xx_hal_dcmipp.o
                0x34007d24                HAL_DCMIPP_PIPE_SetPixelPackerFormat
 .text.HAL_DCMIPP_PIPE_EnableRedBlueSwap
                0x34007d58       0x38 build/stm32n6xx_hal_dcmipp.o
                0x34007d58                HAL_DCMIPP_PIPE_EnableRedBlueSwap
 .text.HAL_DCMIPP_PIPE_DisableRedBlueSwap
                0x34007d90       0x38 build/stm32n6xx_hal_dcmipp.o
                0x34007d90                HAL_DCMIPP_PIPE_DisableRedBlueSwap
 .text.HAL_DCMIPP_PIPE_CSI_EnableShare
                0x34007dc8       0x2a build/stm32n6xx_hal_dcmipp.o
                0x34007dc8                HAL_DCMIPP_PIPE_CSI_EnableShare
 .text.HAL_DCMIPP_PIPE_GetISPAccumulatedStatisticsCounter
                0x34007df2       0x44 build/stm32n6xx_hal_dcmipp.o
                0x34007df2                HAL_DCMIPP_PIPE_GetISPAccumulatedStatisticsCounter
 .text.HAL_DCMIPP_PIPE_GetISPAreaStatisticExtractionConfig
                0x34007e36       0x2c build/stm32n6xx_hal_dcmipp.o
                0x34007e36                HAL_DCMIPP_PIPE_GetISPAreaStatisticExtractionConfig
 .text.HAL_DCMIPP_PIPE_GetISPExposureConfig
                0x34007e62       0x38 build/stm32n6xx_hal_dcmipp.o
                0x34007e62                HAL_DCMIPP_PIPE_GetISPExposureConfig
 .text.HAL_DCMIPP_PIPE_IsEnabledISPExposure
                0x34007e9a       0x14 build/stm32n6xx_hal_dcmipp.o
                0x34007e9a                HAL_DCMIPP_PIPE_IsEnabledISPExposure
 .text.HAL_DCMIPP_PIPE_IsEnabledISPAreaStatisticExtraction
                0x34007eae       0x1a build/stm32n6xx_hal_dcmipp.o
                0x34007eae                HAL_DCMIPP_PIPE_IsEnabledISPAreaStatisticExtraction
 .text.HAL_DCMIPP_GetState
                0x34007ec8        0x4 build/stm32n6xx_hal_dcmipp.o
                0x34007ec8                HAL_DCMIPP_GetState
 .text.HAL_RIF_RIMC_ConfigMasterAttributes
                0x34007ecc       0x38 build/stm32n6xx_hal_rif.o
                0x34007ecc                HAL_RIF_RIMC_ConfigMasterAttributes
 .text.HAL_RAMCFG_Init
                0x34007f04       0x3e build/stm32n6xx_hal_ramcfg.o
                0x34007f04                HAL_RAMCFG_Init
 .text.HAL_CACHEAXI_Enable
                0x34007f42       0x50 build/stm32n6xx_hal_cacheaxi.o
                0x34007f42                HAL_CACHEAXI_Enable
 .text.HAL_CACHEAXI_Init
                0x34007f92       0x24 build/stm32n6xx_hal_cacheaxi.o
                0x34007f92                HAL_CACHEAXI_Init
 *fill*         0x34007fb6        0x2 
 .text.UARTEx_SetNbDataToProcess
                0x34007fb8       0x54 build/stm32n6xx_hal_uart_ex.o
 .text.HAL_UARTEx_DisableFifoMode
                0x3400800c       0x3e build/stm32n6xx_hal_uart_ex.o
                0x3400800c                HAL_UARTEx_DisableFifoMode
 .text.HAL_UARTEx_SetTxFifoThreshold
                0x3400804a       0x4a build/stm32n6xx_hal_uart_ex.o
                0x3400804a                HAL_UARTEx_SetTxFifoThreshold
 .text.HAL_UARTEx_SetRxFifoThreshold
                0x34008094       0x4a build/stm32n6xx_hal_uart_ex.o
                0x34008094                HAL_UARTEx_SetRxFifoThreshold
 *fill*         0x340080de        0x2 
 .text.__NVIC_EnableIRQ
                0x340080e0       0x1c build/stm32n6xx_hal_cortex.o
 .text.__NVIC_SetPriority
                0x340080fc       0x24 build/stm32n6xx_hal_cortex.o
 .text.NVIC_EncodePriority
                0x34008120       0x46 build/stm32n6xx_hal_cortex.o
 *fill*         0x34008166        0x2 
 .text.HAL_NVIC_SetPriorityGrouping
                0x34008168       0x24 build/stm32n6xx_hal_cortex.o
                0x34008168                HAL_NVIC_SetPriorityGrouping
 .text.HAL_NVIC_SetPriority
                0x3400818c       0x20 build/stm32n6xx_hal_cortex.o
                0x3400818c                HAL_NVIC_SetPriority
 .text.HAL_NVIC_EnableIRQ
                0x340081ac        0x8 build/stm32n6xx_hal_cortex.o
                0x340081ac                HAL_NVIC_EnableIRQ
 .text.HAL_SYSTICK_Config
                0x340081b4       0x28 build/stm32n6xx_hal_cortex.o
                0x340081b4                HAL_SYSTICK_Config
 .text.I2C_Flush_TXDR
                0x340081dc       0x22 build/stm32n6xx_hal_i2c.o
 .text.I2C_TransferConfig
                0x340081fe       0x3c build/stm32n6xx_hal_i2c.o
 .text.I2C_IsErrorOccurred
                0x3400823a      0x112 build/stm32n6xx_hal_i2c.o
 .text.I2C_WaitOnTXISFlagUntilTimeout
                0x3400834c       0x5c build/stm32n6xx_hal_i2c.o
 .text.I2C_WaitOnFlagUntilTimeout
                0x340083a8       0x78 build/stm32n6xx_hal_i2c.o
 .text.I2C_RequestMemoryWrite
                0x34008420       0x6c build/stm32n6xx_hal_i2c.o
 .text.I2C_RequestMemoryRead
                0x3400848c       0x6c build/stm32n6xx_hal_i2c.o
 .text.I2C_WaitOnSTOPFlagUntilTimeout
                0x340084f8       0x5a build/stm32n6xx_hal_i2c.o
 .text.HAL_I2C_MspInit
                0x34008552        0x2 build/stm32n6xx_hal_i2c.o
                0x34008552                HAL_I2C_MspInit
 .text.HAL_I2C_Init
                0x34008554       0xc8 build/stm32n6xx_hal_i2c.o
                0x34008554                HAL_I2C_Init
 .text.HAL_I2C_MspDeInit
                0x3400861c        0x2 build/stm32n6xx_hal_i2c.o
                0x3400861c                HAL_I2C_MspDeInit
 .text.HAL_I2C_DeInit
                0x3400861e       0x32 build/stm32n6xx_hal_i2c.o
                0x3400861e                HAL_I2C_DeInit
 .text.HAL_I2C_Mem_Write
                0x34008650      0x17c build/stm32n6xx_hal_i2c.o
                0x34008650                HAL_I2C_Mem_Write
 .text.HAL_I2C_Mem_Read
                0x340087cc      0x18c build/stm32n6xx_hal_i2c.o
                0x340087cc                HAL_I2C_Mem_Read
 .text.HAL_I2C_GetState
                0x34008958        0x6 build/stm32n6xx_hal_i2c.o
                0x34008958                HAL_I2C_GetState
 .text.HAL_I2C_GetError
                0x3400895e        0x4 build/stm32n6xx_hal_i2c.o
                0x3400895e                HAL_I2C_GetError
 .text.HAL_I2CEx_ConfigAnalogFilter
                0x34008962       0x56 build/stm32n6xx_hal_i2c_ex.o
                0x34008962                HAL_I2CEx_ConfigAnalogFilter
 .text.HAL_I2CEx_ConfigDigitalFilter
                0x340089b8       0x52 build/stm32n6xx_hal_i2c_ex.o
                0x340089b8                HAL_I2CEx_ConfigDigitalFilter
 *fill*         0x34008a0a        0x2 
 .text.CB_ISP_GetSensorInfo
                0x34008a0c       0x20 build/cmw_camera.o
 .text.CMW_CAMERA_SetPipe
                0x34008a2c      0x1e4 build/cmw_camera.o
 .text.CMW_CAMERA_EnableGPIOs
                0x34008c10       0x6c build/cmw_camera.o
 .text.CMW_CAMERA_IMX335_Init
                0x34008c7c      0x180 build/cmw_camera.o
 .text.CMW_CAMERA_Probe_Sensor
                0x34008dfc       0x16 build/cmw_camera.o
 *fill*         0x34008e12        0x2 
 .text.CMW_CAMERA_EnablePin
                0x34008e14       0x18 build/cmw_camera.o
 .text.CMW_CAMERA_ShutdownPin
                0x34008e2c       0x18 build/cmw_camera.o
 .text.CMW_CAMERA_SetPipeConfig
                0x34008e44       0x14 build/cmw_camera.o
                0x34008e44                CMW_CAMERA_SetPipeConfig
 .text.CMW_CAMERA_SetGain
                0x34008e58       0x30 build/cmw_camera.o
                0x34008e58                CMW_CAMERA_SetGain
 .text.CB_ISP_SetSensorGain
                0x34008e88       0x10 build/cmw_camera.o
 .text.CMW_CAMERA_GetGain
                0x34008e98       0x10 build/cmw_camera.o
                0x34008e98                CMW_CAMERA_GetGain
 .text.CB_ISP_GetSensorGain
                0x34008ea8       0x10 build/cmw_camera.o
 .text.CMW_CAMERA_SetExposure
                0x34008eb8       0x30 build/cmw_camera.o
                0x34008eb8                CMW_CAMERA_SetExposure
 .text.CB_ISP_SetSensorExposure
                0x34008ee8       0x10 build/cmw_camera.o
 .text.CMW_CAMERA_GetExposure
                0x34008ef8       0x10 build/cmw_camera.o
                0x34008ef8                CMW_CAMERA_GetExposure
 .text.CB_ISP_GetSensorExposure
                0x34008f08       0x10 build/cmw_camera.o
 .text.CMW_CAMERA_GetSensorInfo
                0x34008f18       0x28 build/cmw_camera.o
                0x34008f18                CMW_CAMERA_GetSensorInfo
 .text.CMW_CAMERA_Init
                0x34008f40       0xd0 build/cmw_camera.o
                0x34008f40                CMW_CAMERA_Init
 .text.HAL_DCMIPP_MspInit
                0x34009010       0x78 build/cmw_camera.o
                0x34009010                HAL_DCMIPP_MspInit
 .text.CMW_UTILS_get_crop_config_from_manual
                0x34009088       0x12 build/cmw_utils.o
 *fill*         0x3400909a        0x2 
 .text.CMW_UTILS_get_down_config
                0x3400909c       0x44 build/cmw_utils.o
 .text.CMW_UTILS_get_crop_config
                0x340090e0       0xe8 build/cmw_utils.o
 .text.CMW_UTILS_get_dec_ratio_from_decimal_ratio
                0x340091c8       0x50 build/cmw_utils.o
 .text.CMW_UTILS_get_dec_ratio_and_update
                0x34009218       0x2e build/cmw_utils.o
 .text.CMW_UTILS_get_scale_configs
                0x34009246       0x3c build/cmw_utils.o
 .text.CMW_UTILS_GetPipeConfig
                0x34009282       0xcc build/cmw_utils.o
                0x34009282                CMW_UTILS_GetPipeConfig
 .text._ISP_BackgroundProcess
                0x3400934e       0x20 build/isp_core.o
 *fill*         0x3400936e        0x2 
 .text.ISP_Init
                0x34009370      0x120 build/isp_core.o
                0x34009370                ISP_Init
 .text.ISP_DeInit
                0x34009490       0x24 build/isp_core.o
                0x34009490                ISP_DeInit
 *fill*         0x340094b4        0x4 
 .text.ISP_Start
                0x340094b8      0x19c build/isp_core.o
                0x340094b8                ISP_Start
 .text.ISP_BackgroundProcess
                0x34009654       0x10 build/isp_core.o
                0x34009654                ISP_BackgroundProcess
 .text.ISP_ListWBRefModes
                0x34009664       0x2c build/isp_core.o
                0x34009664                ISP_ListWBRefModes
 .text.ISP_SetWBRefMode
                0x34009690       0xd6 build/isp_core.o
                0x34009690                ISP_SetWBRefMode
 .text.ISP_GatherStatistics
                0x34009766        0x8 build/isp_core.o
                0x34009766                ISP_GatherStatistics
 .text.ISP_IncMainFrameId
                0x3400976e        0x8 build/isp_core.o
                0x3400976e                ISP_IncMainFrameId
 .text.ISP_IncAncillaryFrameId
                0x34009776        0x8 build/isp_core.o
                0x34009776                ISP_IncAncillaryFrameId
 .text.ISP_IncDumpFrameId
                0x3400977e        0x8 build/isp_core.o
                0x3400977e                ISP_IncDumpFrameId
 *fill*         0x34009786        0x2 
 .text.To_Shift_Multiplier
                0x34009788       0x40 build/isp_services.o
 .text.From_Shift_Multiplier
                0x340097c8       0x28 build/isp_services.o
 .text.To_CConv_Reg
                0x340097f0       0x14 build/isp_services.o
 .text.GetAvgStats
                0x34009804       0x4c build/isp_services.o
 .text.SetStatConfig
                0x34009850       0x28 build/isp_services.o
 .text.GetNextStatStage
                0x34009878       0xd4 build/isp_services.o
 .text.GetStatCycleStart
                0x3400994c       0x44 build/isp_services.o
 .text.GetStatCycleEnd
                0x34009990       0x40 build/isp_services.o
 .text.ReadStatHistogram
                0x340099d0       0x28 build/isp_services.o
 .text.LuminanceFromRGB
                0x340099f8       0x60 build/isp_services.o
                0x340099f8                LuminanceFromRGB
 .text.LuminanceFromRGBMono
                0x34009a58       0x10 build/isp_services.o
                0x34009a58                LuminanceFromRGBMono
 .text.ISP_SVC_ISP_SetDemosaicing
                0x34009a68       0x9c build/isp_services.o
                0x34009a68                ISP_SVC_ISP_SetDemosaicing
 .text.ISP_SVC_ISP_SetStatRemoval
                0x34009b04       0x4a build/isp_services.o
                0x34009b04                ISP_SVC_ISP_SetStatRemoval
 *fill*         0x34009b4e        0x2 
 .text.ISP_SVC_ISP_SetDecimation
                0x34009b50       0x78 build/isp_services.o
                0x34009b50                ISP_SVC_ISP_SetDecimation
 .text.ISP_SVC_ISP_SetContrast
                0x34009bc8      0x128 build/isp_services.o
                0x34009bc8                ISP_SVC_ISP_SetContrast
 .text.ISP_SVC_ISP_SetStatArea
                0x34009cf0       0xb0 build/isp_services.o
                0x34009cf0                ISP_SVC_ISP_SetStatArea
 .text.ISP_SVC_ISP_GetStatArea
                0x34009da0       0x60 build/isp_services.o
                0x34009da0                ISP_SVC_ISP_GetStatArea
 .text.ISP_SVC_ISP_SetBadPixel
                0x34009e00       0x42 build/isp_services.o
                0x34009e00                ISP_SVC_ISP_SetBadPixel
 .text.ISP_SVC_ISP_GetBadPixel
                0x34009e42       0x38 build/isp_services.o
                0x34009e42                ISP_SVC_ISP_GetBadPixel
 .text.ISP_SVC_ISP_SetBlackLevel
                0x34009e7a       0x54 build/isp_services.o
                0x34009e7a                ISP_SVC_ISP_SetBlackLevel
 .text.ISP_SVC_ISP_GetBlackLevel
                0x34009ece       0x40 build/isp_services.o
                0x34009ece                ISP_SVC_ISP_GetBlackLevel
 *fill*         0x34009f0e        0x2 
 .text.ISP_SVC_ISP_SetGain
                0x34009f10       0x80 build/isp_services.o
                0x34009f10                ISP_SVC_ISP_SetGain
 .text.ISP_SVC_ISP_GetGain
                0x34009f90       0x58 build/isp_services.o
                0x34009f90                ISP_SVC_ISP_GetGain
 .text.ISP_SVC_ISP_SetColorConv
                0x34009fe8       0xe0 build/isp_services.o
                0x34009fe8                ISP_SVC_ISP_SetColorConv
 .text.ISP_SVC_Sensor_GetInfo
                0x3400a0c8       0x22 build/isp_services.o
                0x3400a0c8                ISP_SVC_Sensor_GetInfo
 *fill*         0x3400a0ea        0x2 
 .text.ISP_SVC_Sensor_SetGain
                0x3400a0ec       0x30 build/isp_services.o
                0x3400a0ec                ISP_SVC_Sensor_SetGain
 .text.ISP_SVC_Sensor_GetGain
                0x3400a11c       0x22 build/isp_services.o
                0x3400a11c                ISP_SVC_Sensor_GetGain
 *fill*         0x3400a13e        0x2 
 .text.ISP_SVC_Sensor_SetExposure
                0x3400a140       0x30 build/isp_services.o
                0x3400a140                ISP_SVC_Sensor_SetExposure
 .text.ISP_SVC_Sensor_GetExposure
                0x3400a170       0x22 build/isp_services.o
                0x3400a170                ISP_SVC_Sensor_GetExposure
 .text.ISP_SVC_Misc_IsDCMIPPReady
                0x3400a192       0x1a build/isp_services.o
                0x3400a192                ISP_SVC_Misc_IsDCMIPPReady
 .text.ISP_SVC_Misc_IncMainFrameId
                0x3400a1ac        0x8 build/isp_services.o
                0x3400a1ac                ISP_SVC_Misc_IncMainFrameId
 .text.ISP_SVC_Misc_GetMainFrameId
                0x3400a1b4        0x4 build/isp_services.o
                0x3400a1b4                ISP_SVC_Misc_GetMainFrameId
 .text.ISP_SVC_Misc_IncAncillaryFrameId
                0x3400a1b8        0x8 build/isp_services.o
                0x3400a1b8                ISP_SVC_Misc_IncAncillaryFrameId
 .text.ISP_SVC_Misc_IncDumpFrameId
                0x3400a1c0        0x8 build/isp_services.o
                0x3400a1c0                ISP_SVC_Misc_IncDumpFrameId
 .text.ISP_SVC_Misc_SetWBRefMode
                0x3400a1c8        0xc build/isp_services.o
                0x3400a1c8                ISP_SVC_Misc_SetWBRefMode
 .text.ISP_SVC_ISP_SetGamma
                0x3400a1d4       0x4a build/isp_services.o
                0x3400a1d4                ISP_SVC_ISP_SetGamma
 *fill*         0x3400a21e        0x2 
 .text.ISP_SVC_IQParam_Init
                0x3400a220       0x14 build/isp_services.o
                0x3400a220                ISP_SVC_IQParam_Init
 .text.ISP_SVC_IQParam_Get
                0x3400a234        0x8 build/isp_services.o
                0x3400a234                ISP_SVC_IQParam_Get
 .text.ISP_SVC_GetRestartState
                0x3400a23c        0xc build/isp_services.o
                0x3400a23c                ISP_SVC_GetRestartState
 .text.ISP_SVC_Stats_Init
                0x3400a248       0x14 build/isp_services.o
                0x3400a248                ISP_SVC_Stats_Init
 .text.ISP_SVC_Stats_Gather
                0x3400a25c      0x4a8 build/isp_services.o
                0x3400a25c                ISP_SVC_Stats_Gather
 .text.ISP_SVC_Stats_ProcessCallbacks
                0x3400a704       0xd4 build/isp_services.o
                0x3400a704                ISP_SVC_Stats_ProcessCallbacks
 .text.ISP_SVC_Stats_GetNext
                0x3400a7d8       0xc8 build/isp_services.o
                0x3400a7d8                ISP_SVC_Stats_GetNext
 .text.ISP_SVC_Stats_WeightedAverageL
                0x3400a8a0       0x64 build/isp_services.o
                0x3400a8a0                ISP_SVC_Stats_WeightedAverageL
 *fill*         0x3400a904        0x4 
 .text.ISP_SVC_Stats_EvaluateUp
                0x3400a908      0x130 build/isp_services.o
                0x3400a908                ISP_SVC_Stats_EvaluateUp
 .text.ISP_SVC_Misc_GetEstimatedLux
                0x3400aa38      0x1b4 build/isp_services.o
                0x3400aa38                ISP_SVC_Misc_GetEstimatedLux
 .text.ISP_Algo_BadPixel_Init
                0x3400abec        0x6 build/isp_algo.o
                0x3400abec                ISP_Algo_BadPixel_Init
 .text.ISP_Algo_BadPixel_DeInit
                0x3400abf2        0x4 build/isp_algo.o
                0x3400abf2                ISP_Algo_BadPixel_DeInit
 .text.ISP_Algo_AEC_DeInit
                0x3400abf6        0x4 build/isp_algo.o
                0x3400abf6                ISP_Algo_AEC_DeInit
 .text.ISP_Algo_AEC_StatCb
                0x3400abfa        0x8 build/isp_algo.o
                0x3400abfa                ISP_Algo_AEC_StatCb
 .text.ISP_Algo_AWB_DeInit
                0x3400ac02        0x4 build/isp_algo.o
                0x3400ac02                ISP_Algo_AWB_DeInit
 .text.ISP_Algo_AWB_StatCb
                0x3400ac06        0xc build/isp_algo.o
                0x3400ac06                ISP_Algo_AWB_StatCb
 .text.ISP_Algo_Background_StatCb
                0x3400ac12        0x8 build/isp_algo.o
                0x3400ac12                ISP_Algo_Background_StatCb
 .text.ISP_Algo_Background_Init
                0x3400ac1a        0x6 build/isp_algo.o
                0x3400ac1a                ISP_Algo_Background_Init
 .text.ISP_Algo_Background_DeInit
                0x3400ac20        0x4 build/isp_algo.o
                0x3400ac20                ISP_Algo_Background_DeInit
 .text.ISP_Algo_BadPixel_Process
                0x3400ac24       0xc0 build/isp_algo.o
                0x3400ac24                ISP_Algo_BadPixel_Process
 .text.ISP_Algo_AEC_Init
                0x3400ace4       0x6c build/isp_algo.o
                0x3400ace4                ISP_Algo_AEC_Init
 .text.ISP_Algo_AEC_Process
                0x3400ad50      0x154 build/isp_algo.o
                0x3400ad50                ISP_Algo_AEC_Process
 .text.ISP_Algo_Background_Process
                0x3400aea4       0x9c build/isp_algo.o
                0x3400aea4                ISP_Algo_Background_Process
 .text.ISP_Algo_AWB_Init
                0x3400af40       0x2e build/isp_algo.o
                0x3400af40                ISP_Algo_AWB_Init
 *fill*         0x3400af6e        0x2 
 .text.ISP_Algo_AWB_Process
                0x3400af70      0x18c build/isp_algo.o
                0x3400af70                ISP_Algo_AWB_Process
 .text.ISP_Algo_Init
                0x3400b0fc       0x3c build/isp_algo.o
                0x3400b0fc                ISP_Algo_Init
 .text.ISP_Algo_DeInit
                0x3400b138       0x32 build/isp_algo.o
                0x3400b138                ISP_Algo_DeInit
 .text.ISP_Algo_Process
                0x3400b16a       0x32 build/isp_algo.o
                0x3400b16a                ISP_Algo_Process
 *fill*         0x3400b19c        0x4 
 .text.isp_ae_reverse_antiflicker
                0x3400b1a0       0xc8 build/isp_ae_algo.o
 .text.isp_ae_compute_antiflcker
                0x3400b268       0xb4 build/isp_ae_algo.o
 .text.isp_ae_init
                0x3400b31c       0x20 build/isp_ae_algo.o
                0x3400b31c                isp_ae_init
 *fill*         0x3400b33c        0x4 
 .text.isp_ae_get_new_exposure
                0x3400b340      0xac8 build/isp_ae_algo.o
                0x3400b340                isp_ae_get_new_exposure
 .text.ISP_AWB_Init
                0x3400be08       0xc8 build/isp_awb_algo.o
                0x3400be08                ISP_AWB_Init
 .text.ISP_AWB_GetConfig
                0x3400bed0      0x334 build/isp_awb_algo.o
                0x3400bed0                ISP_AWB_GetConfig
 .text.CMW_IMX335_GetResType
                0x3400c204       0x1a build/cmw_imx335.o
 .text.CMW_IMX335_getMirrorFlipConfig
                0x3400c21e       0x18 build/cmw_imx335.o
 .text.CMW_IMX335_PowerOn
                0x3400c236       0x2e build/cmw_imx335.o
 .text.CMW_IMX335_FrameEventCallback
                0x3400c264        0x2 build/cmw_imx335.o
 .text.CMW_IMX335_SetWBRefMode
                0x3400c266       0x12 build/cmw_imx335.o
                0x3400c266                CMW_IMX335_SetWBRefMode
 .text.CMW_IMX335_ListWBRefModes
                0x3400c278       0x12 build/cmw_imx335.o
                0x3400c278                CMW_IMX335_ListWBRefModes
 .text.CMW_IMX335_ReadID
                0x3400c28a        0xa build/cmw_imx335.o
 .text.CMW_IMX335_SetTestPattern
                0x3400c294        0xa build/cmw_imx335.o
 *fill*         0x3400c29e        0x2 
 .text.CMW_IMX335_GetSensorInfo
                0x3400c2a0       0x50 build/cmw_imx335.o
 .text.CMW_IMX335_SetMirrorFlip
                0x3400c2f0       0x16 build/cmw_imx335.o
 *fill*         0x3400c306        0x2 
 .text.CMW_IMX335_SetFramerate
                0x3400c308       0x50 build/cmw_imx335.o
 .text.CMW_IMX335_SetFrequency
                0x3400c358        0xa build/cmw_imx335.o
 .text.CMW_IMX335_SetExposure
                0x3400c362        0xa build/cmw_imx335.o
 .text.CMW_IMX335_SetGain
                0x3400c36c        0xa build/cmw_imx335.o
 .text.CMW_IMX335_VsyncEventCallback
                0x3400c376       0x30 build/cmw_imx335.o
 .text.CMW_IMX335_Run
                0x3400c3a6       0x12 build/cmw_imx335.o
 .text.CMW_IMX335_DeInit
                0x3400c3b8       0x24 build/cmw_imx335.o
 .text.CMW_IMX335_Start
                0x3400c3dc       0x44 build/cmw_imx335.o
 .text.CMW_IMX335_Init
                0x3400c420       0x40 build/cmw_imx335.o
 .text.CMW_IMX335_SetDefaultSensorValues
                0x3400c460       0x24 build/cmw_imx335.o
                0x3400c460                CMW_IMX335_SetDefaultSensorValues
 .text.CMW_IMX335_Probe
                0x3400c484       0xe8 build/cmw_imx335.o
                0x3400c484                CMW_IMX335_Probe
 .text.IMX335_Delay
                0x3400c56c       0x1a build/imx335.o
 .text.IMX335_ReadRegWrap
                0x3400c586        0xa build/imx335.o
 .text.IMX335_WriteRegWrap
                0x3400c590        0xa build/imx335.o
 .text.IMX335_WriteTable
                0x3400c59a       0x3e build/imx335.o
 .text.IMX335_RegisterBusIO
                0x3400c5d8       0x44 build/imx335.o
                0x3400c5d8                IMX335_RegisterBusIO
 .text.IMX335_Init
                0x3400c61c       0x40 build/imx335.o
                0x3400c61c                IMX335_Init
 .text.IMX335_Start
                0x3400c65c       0x36 build/imx335.o
                0x3400c65c                IMX335_Start
 .text.IMX335_DeInit
                0x3400c692       0x14 build/imx335.o
                0x3400c692                IMX335_DeInit
 .text.IMX335_ReadID
                0x3400c6a6       0x30 build/imx335.o
                0x3400c6a6                IMX335_ReadID
 *fill*         0x3400c6d6        0x2 
 .text.IMX335_SetGain
                0x3400c6d8       0x74 build/imx335.o
                0x3400c6d8                IMX335_SetGain
 .text.IMX335_SetExposure
                0x3400c74c       0x9c build/imx335.o
                0x3400c74c                IMX335_SetExposure
 .text.IMX335_SetFrequency
                0x3400c7e8       0x80 build/imx335.o
                0x3400c7e8                IMX335_SetFrequency
 .text.IMX335_SetFramerate
                0x3400c868       0x84 build/imx335.o
                0x3400c868                IMX335_SetFramerate
 .text.IMX335_MirrorFlipConfig
                0x3400c8ec       0x48 build/imx335.o
                0x3400c8ec                IMX335_MirrorFlipConfig
 .text.IMX335_SetTestPattern
                0x3400c934       0x58 build/imx335.o
                0x3400c934                IMX335_SetTestPattern
 .text.imx335_read_reg
                0x3400c98c        0xa build/imx335_reg.o
                0x3400c98c                imx335_read_reg
 .text.imx335_write_reg
                0x3400c996        0xa build/imx335_reg.o
                0x3400c996                imx335_write_reg
 .text.Reset_Handler
                0x3400c9a0       0x5c build/startup_stm32n657xx.o
                0x3400c9a0                Reset_Handler
 .text.Default_Handler
                0x3400c9fc        0x2 build/startup_stm32n657xx.o
                0x3400c9fc                HPDMA1_Channel13_IRQHandler
                0x3400c9fc                EXTI2_IRQHandler
                0x3400c9fc                MCE2_IRQHandler
                0x3400c9fc                TIM8_CC_IRQHandler
                0x3400c9fc                USB2_OTG_HS_IRQHandler
                0x3400c9fc                SAI1_A_IRQHandler
                0x3400c9fc                EXTI5_IRQHandler
                0x3400c9fc                I3C1_ER_IRQHandler
                0x3400c9fc                UART8_IRQHandler
                0x3400c9fc                CTI_INT0_IRQHandler
                0x3400c9fc                SPI4_IRQHandler
                0x3400c9fc                LTDC_LO_IRQHandler
                0x3400c9fc                NPU2_IRQHandler
                0x3400c9fc                FDCAN3_IT0_IRQHandler
                0x3400c9fc                EXTI13_IRQHandler
                0x3400c9fc                TIM1_CC_IRQHandler
                0x3400c9fc                XSPI1_IRQHandler
                0x3400c9fc                TIM10_IRQHandler
                0x3400c9fc                JPEG_IRQHandler
                0x3400c9fc                TAMP_IRQHandler
                0x3400c9fc                CACHE_ECC_IRQHandler
                0x3400c9fc                TIM6_IRQHandler
                0x3400c9fc                CSI_IRQHandler
                0x3400c9fc                EXTI12_IRQHandler
                0x3400c9fc                GFXTIM_IRQHandler
                0x3400c9fc                EXTI3_IRQHandler
                0x3400c9fc                LPTIM4_IRQHandler
                0x3400c9fc                GPDMA1_Channel5_IRQHandler
                0x3400c9fc                EXTI8_IRQHandler
                0x3400c9fc                LPTIM2_IRQHandler
                0x3400c9fc                GFXMMU_IRQHandler
                0x3400c9fc                LTDC_LO_ERR_IRQHandler
                0x3400c9fc                I2C3_ER_IRQHandler
                0x3400c9fc                RIFSC_TAMPER_IRQHandler
                0x3400c9fc                USART10_IRQHandler
                0x3400c9fc                MDF1_FLT2_IRQHandler
                0x3400c9fc                LPTIM3_IRQHandler
                0x3400c9fc                SAI2_A_IRQHandler
                0x3400c9fc                EXTI0_IRQHandler
                0x3400c9fc                HPDMA1_Channel9_IRQHandler
                0x3400c9fc                I2C2_EV_IRQHandler
                0x3400c9fc                GPU2D_IRQHandler
                0x3400c9fc                FPU_IRQHandler
                0x3400c9fc                GPDMA1_Channel3_IRQHandler
                0x3400c9fc                GPDMA1_Channel7_IRQHandler
                0x3400c9fc                MDF1_FLT4_IRQHandler
                0x3400c9fc                FDCAN1_IT1_IRQHandler
                0x3400c9fc                HPDMA1_Channel3_IRQHandler
                0x3400c9fc                ADC1_2_IRQHandler
                0x3400c9fc                GPDMA1_Channel9_IRQHandler
                0x3400c9fc                SPI1_IRQHandler
                0x3400c9fc                CACHEAXI_IRQHandler
                0x3400c9fc                SAI1_B_IRQHandler
                0x3400c9fc                GPDMA1_Channel2_IRQHandler
                0x3400c9fc                PAHB_ERR_IRQHandler
                0x3400c9fc                TIM8_UP_IRQHandler
                0x3400c9fc                RCC_S_IRQHandler
                0x3400c9fc                MDF1_FLT1_IRQHandler
                0x3400c9fc                LTDC_UP_IRQHandler
                0x3400c9fc                LOCKUP_IRQHandler
                0x3400c9fc                PKA_IRQHandler
                0x3400c9fc                USART6_IRQHandler
                0x3400c9fc                HPDMA1_Channel2_IRQHandler
                0x3400c9fc                MDF1_FLT5_IRQHandler
                0x3400c9fc                MCE4_IRQHandler
                0x3400c9fc                I3C2_ER_IRQHandler
                0x3400c9fc                EXTI15_IRQHandler
                0x3400c9fc                TIM17_IRQHandler
                0x3400c9fc                USART3_IRQHandler
                0x3400c9fc                HPDMA1_Channel6_IRQHandler
                0x3400c9fc                CRYP_IRQHandler
                0x3400c9fc                RTC_IRQHandler
                0x3400c9fc                XSPI2_IRQHandler
                0x3400c9fc                EXTI9_IRQHandler
                0x3400c9fc                IAC_IRQHandler
                0x3400c9fc                HPDMA1_Channel0_IRQHandler
                0x3400c9fc                LPTIM5_IRQHandler
                0x3400c9fc                HPDMA1_Channel1_IRQHandler
                0x3400c9fc                UART5_IRQHandler
                0x3400c9fc                TIM4_IRQHandler
                0x3400c9fc                NPU3_IRQHandler
                0x3400c9fc                I3C2_EV_IRQHandler
                0x3400c9fc                I2C1_EV_IRQHandler
                0x3400c9fc                FDCAN_CU_IRQHandler
                0x3400c9fc                GPDMA1_Channel12_IRQHandler
                0x3400c9fc                HPDMA1_Channel7_IRQHandler
                0x3400c9fc                GPDMA1_Channel1_IRQHandler
                0x3400c9fc                TIM16_IRQHandler
                0x3400c9fc                GPDMA1_Channel15_IRQHandler
                0x3400c9fc                UART4_IRQHandler
                0x3400c9fc                TCM_ECC_IRQHandler
                0x3400c9fc                TIM3_IRQHandler
                0x3400c9fc                RCC_IRQHandler
                0x3400c9fc                UART9_IRQHandler
                0x3400c9fc                NPU1_IRQHandler
                0x3400c9fc                SAI2_B_IRQHandler
                0x3400c9fc                Default_Handler
                0x3400c9fc                GPDMA1_Channel8_IRQHandler
                0x3400c9fc                HPDMA1_Channel8_IRQHandler
                0x3400c9fc                TIM18_IRQHandler
                0x3400c9fc                TIM14_IRQHandler
                0x3400c9fc                TIM13_IRQHandler
                0x3400c9fc                CTI_INT1_IRQHandler
                0x3400c9fc                GPDMA1_Channel11_IRQHandler
                0x3400c9fc                GPU2D_ER_IRQHandler
                0x3400c9fc                SPI5_IRQHandler
                0x3400c9fc                TIM12_IRQHandler
                0x3400c9fc                TIM7_IRQHandler
                0x3400c9fc                FDCAN3_IT1_IRQHandler
                0x3400c9fc                HPDMA1_Channel10_IRQHandler
                0x3400c9fc                SDMMC1_IRQHandler
                0x3400c9fc                SAES_IRQHandler
                0x3400c9fc                TIM5_IRQHandler
                0x3400c9fc                UCPD1_IRQHandler
                0x3400c9fc                GPDMA1_Channel0_IRQHandler
                0x3400c9fc                I3C1_EV_IRQHandler
                0x3400c9fc                HPDMA1_Channel5_IRQHandler
                0x3400c9fc                TIM15_IRQHandler
                0x3400c9fc                I2C3_EV_IRQHandler
                0x3400c9fc                HPDMA1_Channel4_IRQHandler
                0x3400c9fc                HPDMA1_Channel15_IRQHandler
                0x3400c9fc                TIM9_IRQHandler
                0x3400c9fc                ETH1_IRQHandler
                0x3400c9fc                USB1_OTG_HS_IRQHandler
                0x3400c9fc                PVD_PVM_IRQHandler
                0x3400c9fc                SPI2_IRQHandler
                0x3400c9fc                TIM1_TRG_CCU_IRQHandler
                0x3400c9fc                HPDMA1_Channel11_IRQHandler
                0x3400c9fc                EXTI14_IRQHandler
                0x3400c9fc                EXTI11_IRQHandler
                0x3400c9fc                VENC_IRQHandler
                0x3400c9fc                GPDMA1_Channel14_IRQHandler
                0x3400c9fc                EXTI4_IRQHandler
                0x3400c9fc                RTC_S_IRQHandler
                0x3400c9fc                GPDMA1_Channel13_IRQHandler
                0x3400c9fc                RNG_IRQHandler
                0x3400c9fc                XSPI3_IRQHandler
                0x3400c9fc                FDCAN2_IT1_IRQHandler
                0x3400c9fc                TIM1_UP_IRQHandler
                0x3400c9fc                NPU0_IRQHandler
                0x3400c9fc                BCK_ECC_IRQHandler
                0x3400c9fc                WWDG_IRQHandler
                0x3400c9fc                SPI6_IRQHandler
                0x3400c9fc                MDIOS_IRQHandler
                0x3400c9fc                I2C4_EV_IRQHandler
                0x3400c9fc                FDCAN2_IT0_IRQHandler
                0x3400c9fc                IWDG_IRQHandler
                0x3400c9fc                HPDMA1_Channel14_IRQHandler
                0x3400c9fc                LPUART1_IRQHandler
                0x3400c9fc                FDCAN1_IT0_IRQHandler
                0x3400c9fc                MDF1_FLT0_IRQHandler
                0x3400c9fc                TIM2_IRQHandler
                0x3400c9fc                MCE3_IRQHandler
                0x3400c9fc                GPDMA1_Channel4_IRQHandler
                0x3400c9fc                EXTI7_IRQHandler
                0x3400c9fc                DMA2D_IRQHandler
                0x3400c9fc                TIM1_BRK_IRQHandler
                0x3400c9fc                EXTI1_IRQHandler
                0x3400c9fc                SDMMC2_IRQHandler
                0x3400c9fc                TIM11_IRQHandler
                0x3400c9fc                LTDC_UP_ERR_IRQHandler
                0x3400c9fc                UART7_IRQHandler
                0x3400c9fc                DTS_IRQHandler
                0x3400c9fc                MDF1_FLT3_IRQHandler
                0x3400c9fc                USART2_IRQHandler
                0x3400c9fc                GPDMA1_Channel6_IRQHandler
                0x3400c9fc                ADF1_FLT0_IRQHandler
                0x3400c9fc                I2C2_ER_IRQHandler
                0x3400c9fc                MCE1_IRQHandler
                0x3400c9fc                SPDIFRX_IRQHandler
                0x3400c9fc                TIM8_BRK_IRQHandler
                0x3400c9fc                HPDMA1_Channel12_IRQHandler
                0x3400c9fc                USART1_IRQHandler
                0x3400c9fc                EXTI10_IRQHandler
                0x3400c9fc                SPI3_IRQHandler
                0x3400c9fc                WAKEUP_PIN_IRQHandler
                0x3400c9fc                DCMIPP_IRQHandler
                0x3400c9fc                I2C1_ER_IRQHandler
                0x3400c9fc                FMC_IRQHandler
                0x3400c9fc                EXTI6_IRQHandler
                0x3400c9fc                LPTIM1_IRQHandler
                0x3400c9fc                DCMI_PSSI_IRQHandler
                0x3400c9fc                TIM8_TRG_CCU_IRQHandler
                0x3400c9fc                I2C4_ER_IRQHandler
                0x3400c9fc                GPDMA1_Channel10_IRQHandler
                0x3400c9fc                ICACHE_IRQHandler
                0x3400c9fc                HASH_IRQHandler
 *fill*         0x3400c9fe        0x2 
 .text.__assert_func
                0x3400ca00       0x3c /usr/lib/gcc/arm-none-eabi/16.1.0/../../../../arm-none-eabi/lib/thumb/v8-m.main+dp/hard/libc_nano.a(libc_a-assert.o)
                0x3400ca00                __assert_func
 .text.std      0x3400ca3c       0x6c /usr/lib/gcc/arm-none-eabi/16.1.0/../../../../arm-none-eabi/lib/thumb/v8-m.main+dp/hard/libc_nano.a(libc_a-findfp.o)
 .text.stdio_exit_handler
                0x3400caa8       0x18 /usr/lib/gcc/arm-none-eabi/16.1.0/../../../../arm-none-eabi/lib/thumb/v8-m.main+dp/hard/libc_nano.a(libc_a-findfp.o)
 .text.cleanup_stdio
                0x3400cac0       0x40 /usr/lib/gcc/arm-none-eabi/16.1.0/../../../../arm-none-eabi/lib/thumb/v8-m.main+dp/hard/libc_nano.a(libc_a-findfp.o)
 .text.global_stdio_init.part.0
                0x3400cb00       0x40 /usr/lib/gcc/arm-none-eabi/16.1.0/../../../../arm-none-eabi/lib/thumb/v8-m.main+dp/hard/libc_nano.a(libc_a-findfp.o)
 .text.__sfp_lock_acquire
                0x3400cb40        0xc /usr/lib/gcc/arm-none-eabi/16.1.0/../../../../arm-none-eabi/lib/thumb/v8-m.main+dp/hard/libc_nano.a(libc_a-findfp.o)
                0x3400cb40                __sfp_lock_acquire
 .text.__sfp_lock_release
                0x3400cb4c        0xc /usr/lib/gcc/arm-none-eabi/16.1.0/../../../../arm-none-eabi/lib/thumb/v8-m.main+dp/hard/libc_nano.a(libc_a-findfp.o)
                0x3400cb4c                __sfp_lock_release
 .text.__sinit  0x3400cb58       0x30 /usr/lib/gcc/arm-none-eabi/16.1.0/../../../../arm-none-eabi/lib/thumb/v8-m.main+dp/hard/libc_nano.a(libc_a-findfp.o)
                0x3400cb58                __sinit
 .text.fprintf  0x3400cb88       0x24 /usr/lib/gcc/arm-none-eabi/16.1.0/../../../../arm-none-eabi/lib/thumb/v8-m.main+dp/hard/libc_nano.a(libc_a-fprintf.o)
                0x3400cb88                fprintf
                0x3400cb88                fiprintf
 .text._fwalk_sglue
                0x3400cbac       0x3a /usr/lib/gcc/arm-none-eabi/16.1.0/../../../../arm-none-eabi/lib/thumb/v8-m.main+dp/hard/libc_nano.a(libc_a-fwalk.o)
                0x3400cbac                _fwalk_sglue
 .text._puts_r  0x3400cbe6       0xb0 /usr/lib/gcc/arm-none-eabi/16.1.0/../../../../arm-none-eabi/lib/thumb/v8-m.main+dp/hard/libc_nano.a(libc_a-puts.o)
                0x3400cbe6                _puts_r
 *fill*         0x3400cc96        0x2 
 .text.puts     0x3400cc98       0x10 /usr/lib/gcc/arm-none-eabi/16.1.0/../../../../arm-none-eabi/lib/thumb/v8-m.main+dp/hard/libc_nano.a(libc_a-puts.o)
                0x3400cc98                puts
 .text.__sread  0x3400cca8       0x22 /usr/lib/gcc/arm-none-eabi/16.1.0/../../../../arm-none-eabi/lib/thumb/v8-m.main+dp/hard/libc_nano.a(libc_a-stdio.o)
                0x3400cca8                __sread
 .text.__swrite
                0x3400ccca       0x38 /usr/lib/gcc/arm-none-eabi/16.1.0/../../../../arm-none-eabi/lib/thumb/v8-m.main+dp/hard/libc_nano.a(libc_a-stdio.o)
                0x3400ccca                __swrite
 .text.__sseek  0x3400cd02       0x26 /usr/lib/gcc/arm-none-eabi/16.1.0/../../../../arm-none-eabi/lib/thumb/v8-m.main+dp/hard/libc_nano.a(libc_a-stdio.o)
                0x3400cd02                __sseek
 .text.__sclose
                0x3400cd28        0x8 /usr/lib/gcc/arm-none-eabi/16.1.0/../../../../arm-none-eabi/lib/thumb/v8-m.main+dp/hard/libc_nano.a(libc_a-stdio.o)
                0x3400cd28                __sclose
 .text.__swbuf_r
                0x3400cd30       0x7e /usr/lib/gcc/arm-none-eabi/16.1.0/../../../../arm-none-eabi/lib/thumb/v8-m.main+dp/hard/libc_nano.a(libc_a-wbuf.o)
                0x3400cd30                __swbuf_r
 *fill*         0x3400cdae        0x2 
 .text.__swsetup_r
                0x3400cdb0       0xa8 /usr/lib/gcc/arm-none-eabi/16.1.0/../../../../arm-none-eabi/lib/thumb/v8-m.main+dp/hard/libc_nano.a(libc_a-wsetup.o)
                0x3400cdb0                __swsetup_r
 .text.memset   0x3400ce58       0x10 /usr/lib/gcc/arm-none-eabi/16.1.0/../../../../arm-none-eabi/lib/thumb/v8-m.main+dp/hard/libc_nano.a(libc_a-memset.o)
                0x3400ce58                memset
 .text._close_r
                0x3400ce68       0x20 /usr/lib/gcc/arm-none-eabi/16.1.0/../../../../arm-none-eabi/lib/thumb/v8-m.main+dp/hard/libc_nano.a(libc_a-closer.o)
                0x3400ce68                _close_r
 .text._lseek_r
                0x3400ce88       0x24 /usr/lib/gcc/arm-none-eabi/16.1.0/../../../../arm-none-eabi/lib/thumb/v8-m.main+dp/hard/libc_nano.a(libc_a-lseekr.o)
                0x3400ce88                _lseek_r
 .text._read_r  0x3400ceac       0x24 /usr/lib/gcc/arm-none-eabi/16.1.0/../../../../arm-none-eabi/lib/thumb/v8-m.main+dp/hard/libc_nano.a(libc_a-readr.o)
                0x3400ceac                _read_r
 .text._write_r
                0x3400ced0       0x24 /usr/lib/gcc/arm-none-eabi/16.1.0/../../../../arm-none-eabi/lib/thumb/v8-m.main+dp/hard/libc_nano.a(libc_a-writer.o)
                0x3400ced0                _write_r
 .text.__errno  0x3400cef4        0xc /usr/lib/gcc/arm-none-eabi/16.1.0/../../../../arm-none-eabi/lib/thumb/v8-m.main+dp/hard/libc_nano.a(libc_a-errno.o)
                0x3400cef4                __errno
 .text.__libc_init_array
                0x3400cf00       0x48 /usr/lib/gcc/arm-none-eabi/16.1.0/../../../../arm-none-eabi/lib/thumb/v8-m.main+dp/hard/libc_nano.a(libc_a-init.o)
                0x3400cf00                __libc_init_array
 .text.__retarget_lock_init_recursive
                0x3400cf48        0x2 /usr/lib/gcc/arm-none-eabi/16.1.0/../../../../arm-none-eabi/lib/thumb/v8-m.main+dp/hard/libc_nano.a(libc_a-lock.o)
                0x3400cf48                __retarget_lock_init_recursive
 .text.__retarget_lock_acquire_recursive
                0x3400cf4a        0x2 /usr/lib/gcc/arm-none-eabi/16.1.0/../../../../arm-none-eabi/lib/thumb/v8-m.main+dp/hard/libc_nano.a(libc_a-lock.o)
                0x3400cf4a                __retarget_lock_acquire_recursive
 .text.__retarget_lock_release_recursive
                0x3400cf4c        0x2 /usr/lib/gcc/arm-none-eabi/16.1.0/../../../../arm-none-eabi/lib/thumb/v8-m.main+dp/hard/libc_nano.a(libc_a-lock.o)
                0x3400cf4c                __retarget_lock_release_recursive
 .text.memcpy   0x3400cf4e       0x1a /usr/lib/gcc/arm-none-eabi/16.1.0/../../../../arm-none-eabi/lib/thumb/v8-m.main+dp/hard/libc_nano.a(libc_a-memcpy-stub.o)
                0x3400cf4e                memcpy
 .text.abort    0x3400cf68        0xe /usr/lib/gcc/arm-none-eabi/16.1.0/../../../../arm-none-eabi/lib/thumb/v8-m.main+dp/hard/libc_nano.a(libc_a-abort.o)
                0x3400cf68                abort
 *fill*         0x3400cf76        0x2 
 .text._free_r  0x3400cf78       0x98 /usr/lib/gcc/arm-none-eabi/16.1.0/../../../../arm-none-eabi/lib/thumb/v8-m.main+dp/hard/libc_nano.a(libc_a-freer.o)
                0x3400cf78                _free_r
 .text.sbrk_aligned
                0x3400d010       0x44 /usr/lib/gcc/arm-none-eabi/16.1.0/../../../../arm-none-eabi/lib/thumb/v8-m.main+dp/hard/libc_nano.a(libc_a-mallocr.o)
 .text._malloc_r
                0x3400d054      0x100 /usr/lib/gcc/arm-none-eabi/16.1.0/../../../../arm-none-eabi/lib/thumb/v8-m.main+dp/hard/libc_nano.a(libc_a-mallocr.o)
                0x3400d054                _malloc_r
 .text.__malloc_lock
                0x3400d154        0xc /usr/lib/gcc/arm-none-eabi/16.1.0/../../../../arm-none-eabi/lib/thumb/v8-m.main+dp/hard/libc_nano.a(libc_a-mlock.o)
                0x3400d154                __malloc_lock
 .text.__malloc_unlock
                0x3400d160        0xc /usr/lib/gcc/arm-none-eabi/16.1.0/../../../../arm-none-eabi/lib/thumb/v8-m.main+dp/hard/libc_nano.a(libc_a-mlock.o)
                0x3400d160                __malloc_unlock
 .text.__sfputc_r
                0x3400d16c       0x28 /usr/lib/gcc/arm-none-eabi/16.1.0/../../../../arm-none-eabi/lib/thumb/v8-m.main+dp/hard/libc_nano.a(libc_a-nano-vfprintf.o)
 .text.__sfputs_r
                0x3400d194       0x24 /usr/lib/gcc/arm-none-eabi/16.1.0/../../../../arm-none-eabi/lib/thumb/v8-m.main+dp/hard/libc_nano.a(libc_a-nano-vfprintf.o)
                0x3400d194                __sfputs_r
 .text._vfprintf_r
                0x3400d1b8      0x228 /usr/lib/gcc/arm-none-eabi/16.1.0/../../../../arm-none-eabi/lib/thumb/v8-m.main+dp/hard/libc_nano.a(libc_a-nano-vfprintf.o)
                0x3400d1b8                _vfiprintf_r
                0x3400d1b8                _vfprintf_r
 .text._printf_common
                0x3400d3e0       0xe0 /usr/lib/gcc/arm-none-eabi/16.1.0/../../../../arm-none-eabi/lib/thumb/v8-m.main+dp/hard/libc_nano.a(libc_a-nano-vfprintf_i.o)
                0x3400d3e0                _printf_common
 .text._printf_i
                0x3400d4c0      0x258 /usr/lib/gcc/arm-none-eabi/16.1.0/../../../../arm-none-eabi/lib/thumb/v8-m.main+dp/hard/libc_nano.a(libc_a-nano-vfprintf_i.o)
                0x3400d4c0                _printf_i
 .text.__sflush_r
                0x3400d718      0x10c /usr/lib/gcc/arm-none-eabi/16.1.0/../../../../arm-none-eabi/lib/thumb/v8-m.main+dp/hard/libc_nano.a(libc_a-fflush.o)
                0x3400d718                __sflush_r
 .text._fflush_r
                0x3400d824       0x50 /usr/lib/gcc/arm-none-eabi/16.1.0/../../../../arm-none-eabi/lib/thumb/v8-m.main+dp/hard/libc_nano.a(libc_a-fflush.o)
                0x3400d824                _fflush_r
 .text.__swhatbuf_r
                0x3400d874       0x4a /usr/lib/gcc/arm-none-eabi/16.1.0/../../../../arm-none-eabi/lib/thumb/v8-m.main+dp/hard/libc_nano.a(libc_a-makebuf.o)
                0x3400d874                __swhatbuf_r
 .text.__smakebuf_r
                0x3400d8be       0x72 /usr/lib/gcc/arm-none-eabi/16.1.0/../../../../arm-none-eabi/lib/thumb/v8-m.main+dp/hard/libc_nano.a(libc_a-makebuf.o)
                0x3400d8be                __smakebuf_r
 .text._raise_r
                0x3400d930       0x52 /usr/lib/gcc/arm-none-eabi/16.1.0/../../../../arm-none-eabi/lib/thumb/v8-m.main+dp/hard/libc_nano.a(libc_a-signal.o)
                0x3400d930                _raise_r
 *fill*         0x3400d982        0x2 
 .text.raise    0x3400d984       0x10 /usr/lib/gcc/arm-none-eabi/16.1.0/../../../../arm-none-eabi/lib/thumb/v8-m.main+dp/hard/libc_nano.a(libc_a-signal.o)
                0x3400d984                raise
 .text._fstat_r
                0x3400d994       0x24 /usr/lib/gcc/arm-none-eabi/16.1.0/../../../../arm-none-eabi/lib/thumb/v8-m.main+dp/hard/libc_nano.a(libc_a-fstatr.o)
                0x3400d994                _fstat_r
 .text._isatty_r
                0x3400d9b8       0x20 /usr/lib/gcc/arm-none-eabi/16.1.0/../../../../arm-none-eabi/lib/thumb/v8-m.main+dp/hard/libc_nano.a(libc_a-isattyr.o)
                0x3400d9b8                _isatty_r
 .text._kill_r  0x3400d9d8       0x24 /usr/lib/gcc/arm-none-eabi/16.1.0/../../../../arm-none-eabi/lib/thumb/v8-m.main+dp/hard/libc_nano.a(libc_a-signalr.o)
                0x3400d9d8                _kill_r
 .text._getpid_r
                0x3400d9fc        0x4 /usr/lib/gcc/arm-none-eabi/16.1.0/../../../../arm-none-eabi/lib/thumb/v8-m.main+dp/hard/libc_nano.a(libc_a-signalr.o)
                0x3400d9fc                _getpid_r
 .text._sbrk_r  0x3400da00       0x20 /usr/lib/gcc/arm-none-eabi/16.1.0/../../../../arm-none-eabi/lib/thumb/v8-m.main+dp/hard/libc_nano.a(libc_a-sbrkr.o)
                0x3400da00                _sbrk_r
 .text.memchr   0x3400da20       0x1c /usr/lib/gcc/arm-none-eabi/16.1.0/../../../../arm-none-eabi/lib/thumb/v8-m.main+dp/hard/libc_nano.a(libc_a-memchr-stub.o)
                0x3400da20                memchr
 *fill*         0x3400da3c        0x4 
 .text.log10    0x3400da40       0x64 /usr/lib/gcc/arm-none-eabi/16.1.0/../../../../arm-none-eabi/lib/thumb/v8-m.main+dp/hard/libm.a(libm_a-w_log10.o)
                0x3400da40                log10
 *fill*         0x3400daa4        0x4 
 .text.nan      0x3400daa8       0x10 /usr/lib/gcc/arm-none-eabi/16.1.0/../../../../arm-none-eabi/lib/thumb/v8-m.main+dp/hard/libm.a(libm_a-s_nan.o)
                0x3400daa8                nan
 .text.pow      0x3400dab8      0x5f0 /usr/lib/gcc/arm-none-eabi/16.1.0/../../../../arm-none-eabi/lib/thumb/v8-m.main+dp/hard/libm.a(libm_a-pow.o)
                0x3400dab8                pow
 .text.__ieee754_log10
                0x3400e0a8       0xfc /usr/lib/gcc/arm-none-eabi/16.1.0/../../../../arm-none-eabi/lib/thumb/v8-m.main+dp/hard/libm.a(libm_a-e_log10.o)
                0x3400e0a8                __ieee754_log10
 .text.with_errno
                0x3400e1a4       0x18 /usr/lib/gcc/arm-none-eabi/16.1.0/../../../../arm-none-eabi/lib/thumb/v8-m.main+dp/hard/libm.a(libm_a-math_err.o)
 .text.xflow    0x3400e1bc       0x24 /usr/lib/gcc/arm-none-eabi/16.1.0/../../../../arm-none-eabi/lib/thumb/v8-m.main+dp/hard/libm.a(libm_a-math_err.o)
 .text.__math_uflow
                0x3400e1e0       0x10 /usr/lib/gcc/arm-none-eabi/16.1.0/../../../../arm-none-eabi/lib/thumb/v8-m.main+dp/hard/libm.a(libm_a-math_err.o)
                0x3400e1e0                __math_uflow
 .text.__math_oflow
                0x3400e1f0       0x10 /usr/lib/gcc/arm-none-eabi/16.1.0/../../../../arm-none-eabi/lib/thumb/v8-m.main+dp/hard/libm.a(libm_a-math_err.o)
                0x3400e1f0                __math_oflow
 .text.__math_divzero
                0x3400e200       0x38 /usr/lib/gcc/arm-none-eabi/16.1.0/../../../../arm-none-eabi/lib/thumb/v8-m.main+dp/hard/libm.a(libm_a-math_err.o)
                0x3400e200                __math_divzero
 .text.__math_invalid
                0x3400e238       0x24 /usr/lib/gcc/arm-none-eabi/16.1.0/../../../../arm-none-eabi/lib/thumb/v8-m.main+dp/hard/libm.a(libm_a-math_err.o)
                0x3400e238                __math_invalid
 .text.__math_check_uflow
                0x3400e25c       0x14 /usr/lib/gcc/arm-none-eabi/16.1.0/../../../../arm-none-eabi/lib/thumb/v8-m.main+dp/hard/libm.a(libm_a-math_err.o)
                0x3400e25c                __math_check_uflow
 .text.__math_check_oflow
                0x3400e270       0x28 /usr/lib/gcc/arm-none-eabi/16.1.0/../../../../arm-none-eabi/lib/thumb/v8-m.main+dp/hard/libm.a(libm_a-math_err.o)
                0x3400e270                __math_check_oflow
 .text.log      0x3400e298      0x218 /usr/lib/gcc/arm-none-eabi/16.1.0/../../../../arm-none-eabi/lib/thumb/v8-m.main+dp/hard/libm.a(libm_a-log.o)
                0x3400e298                log
 .text.__fixdfdi
                0x3400e4b0       0x2c /usr/lib/gcc/arm-none-eabi/16.1.0/thumb/v8-m.main+dp/hard/libgcc.a(_fixdfdi.o)
                0x3400e4b0                __aeabi_d2lz
                0x3400e4b0                __fixdfdi
 *fill*         0x3400e4dc        0x4 
 .text.__fixunsdfdi
                0x3400e4e0       0x40 /usr/lib/gcc/arm-none-eabi/16.1.0/thumb/v8-m.main+dp/hard/libgcc.a(_fixunsdfdi.o)
                0x3400e4e0                __aeabi_d2ulz
                0x3400e4e0                __fixunsdfdi
 .text.__udivmoddi4
                0x3400e520      0x2ba /usr/lib/gcc/arm-none-eabi/16.1.0/thumb/v8-m.main+dp/hard/libgcc.a(_udivmoddi4.o)
                0x3400e520                __udivmoddi4
 *(.glue_7)
 .glue_7        0x3400e7da        0x0 linker stubs
 *(.glue_7t)
 .glue_7t       0x3400e7da        0x0 linker stubs
 *(.eh_frame)
 *fill*         0x3400e7da        0x2 
 .eh_frame      0x3400e7dc        0x0 /usr/lib/gcc/arm-none-eabi/16.1.0/thumb/v8-m.main+dp/hard/crtbegin.o
 *(.RamFunc)
 *(.RamFunc*)
 *(.init)
 .init          0x3400e7dc        0x4 /usr/lib/gcc/arm-none-eabi/16.1.0/thumb/v8-m.main+dp/hard/crti.o
                0x3400e7dc                _init
 .init          0x3400e7e0        0x8 /usr/lib/gcc/arm-none-eabi/16.1.0/thumb/v8-m.main+dp/hard/crtn.o
 *(.fini)
 .fini          0x3400e7e8        0x4 /usr/lib/gcc/arm-none-eabi/16.1.0/thumb/v8-m.main+dp/hard/crti.o
                0x3400e7e8                _fini
 .fini          0x3400e7ec        0x8 /usr/lib/gcc/arm-none-eabi/16.1.0/thumb/v8-m.main+dp/hard/crtn.o
                0x3400e7f4                        . = ALIGN (0x4)
                0x3400e7f4                        _etext = .

.vfp11_veneer   0x3400e7f4        0x0
 .vfp11_veneer  0x3400e7f4        0x0 linker stubs

.v4_bx          0x3400e7f4        0x0
 .v4_bx         0x3400e7f4        0x0 linker stubs

.iplt           0x3400e7f4        0x0
 .iplt          0x3400e7f4        0x0 /usr/lib/gcc/arm-none-eabi/16.1.0/thumb/v8-m.main+dp/hard/crtbegin.o

.rodata         0x3400e7f8     0x2e70
                0x3400e7f8                        . = ALIGN (0x4)
 *(.rodata)
 .rodata        0x3400e7f8      0x1f8 build/stm32n6xx_hal_dcmipp.o
 .rodata        0x3400e9f0       0x1a build/cmw_camera.o
 *fill*         0x3400ea0a        0x2 
 .rodata        0x3400ea0c       0x14 build/cmw_imx335.o
 *(.rodata*)
 .rodata.main.str1.4
                0x3400ea20      0x367 build/main.o
                                  0xa (size before relaxing)
 *fill*         0x3400ed87        0x1 
 .rodata.LED_PORT
                0x3400ed88        0xc build/stm32n6xx_nucleo.o
 .rodata.LED_PIN
                0x3400ed94        0x6 build/stm32n6xx_nucleo.o
 *fill*         0x3400ed9a        0x2 
 .rodata.I2C_Charac
                0x3400ed9c       0x84 build/stm32n6xx_nucleo_bus.o
 .rodata.UARTPrescTable
                0x3400ee20       0x18 build/stm32n6xx_hal_uart.o
                0x3400ee20                UARTPrescTable
 .rodata.denominator.0
                0x3400ee38        0x8 build/stm32n6xx_hal_uart_ex.o
 .rodata.numerator.1
                0x3400ee40        0x8 build/stm32n6xx_hal_uart_ex.o
 .rodata.CMW_UTILS_get_crop_config.str1.4
                0x3400ee48        0x0 build/cmw_utils.o
                                 0x3b (size before relaxing)
 .rodata.CMW_UTILS_get_dec_ratio_from_decimal_ratio.str1.4
                0x3400ee48        0x0 build/cmw_utils.o
                                  0x2 (size before relaxing)
 .rodata.__func__.1
                0x3400ee48       0x2b build/cmw_utils.o
 *fill*         0x3400ee73        0x1 
 .rodata.__func__.2
                0x3400ee74       0x1a build/cmw_utils.o
 .rodata.ISP_Init.str1.4
                0x3400ee8e        0x0 build/isp_core.o
                                0x169 (size before relaxing)
 .rodata.ISP_SVC_Stats_Gather.str1.4
                0x3400ee8e        0x0 build/isp_services.o
                                 0xc1 (size before relaxing)
 *fill*         0x3400ee8e        0x2 
 .rodata.statConfDownBins_9_11
                0x3400ee90        0xc build/isp_services.o
 .rodata.statConfDownBins_6_8
                0x3400ee9c        0xc build/isp_services.o
 .rodata.statConfDownBins_3_5
                0x3400eea8        0xc build/isp_services.o
 .rodata.statConfDownBins_0_2
                0x3400eeb4        0xc build/isp_services.o
 .rodata.statConfUpBins_9_11
                0x3400eec0        0xc build/isp_services.o
 .rodata.statConfUpBins_6_8
                0x3400eecc        0xc build/isp_services.o
 .rodata.statConfUpBins_3_5
                0x3400eed8        0xc build/isp_services.o
 .rodata.statConfUpBins_0_2
                0x3400eee4        0xc build/isp_services.o
 .rodata.avgRGBDown
                0x3400eef0        0xc build/isp_services.o
 .rodata.avgRGBUp
                0x3400eefc        0xc build/isp_services.o
 .rodata.ISP_Algo_AEC_Process.str1.4
                0x3400ef08        0x0 build/isp_algo.o
                                 0x54 (size before relaxing)
 .rodata.ISP_Algo_Background_Process.str1.4
                0x3400ef08        0x0 build/isp_algo.o
                                 0x28 (size before relaxing)
 .rodata.ISP_Algo_AWB_Process.str1.4
                0x3400ef08        0x0 build/isp_algo.o
                                 0x21 (size before relaxing)
 .rodata.CMW_IMX335_GetSensorInfo.str1.4
                0x3400ef08        0x0 build/cmw_imx335.o
                                  0x7 (size before relaxing)
 .rodata.CMW_IMX335_SetDefaultSensorValues.str1.4
                0x3400ef08        0x0 build/cmw_imx335.o
                                 0x43 (size before relaxing)
 .rodata.__func__.0
                0x3400ef08       0x22 build/cmw_imx335.o
 *fill*         0x3400ef2a        0x2 
 .rodata.ISP_IQParamCacheInit_IMX335
                0x3400ef2c      0x294 build/cmw_imx335.o
 .rodata.test_pattern_disable_regs
                0x3400f1c0       0x1c build/imx335.o
 .rodata.test_pattern_enable_regs
                0x3400f1dc       0x1c build/imx335.o
 .rodata.mirrorflip_mode_regs
                0x3400f1f8       0xa0 build/imx335.o
 .rodata.framerate_30fps_regs
                0x3400f298        0x8 build/imx335.o
 .rodata.framerate_25fps_regs
                0x3400f2a0        0x8 build/imx335.o
 .rodata.framerate_20fps_regs
                0x3400f2a8        0x8 build/imx335.o
 .rodata.framerate_15fps_regs
                0x3400f2b0        0x8 build/imx335.o
 .rodata.framerate_10fps_regs
                0x3400f2b8        0x8 build/imx335.o
 .rodata.inck_6Mhz_regs
                0x3400f2c0       0x1c build/imx335.o
 .rodata.inck_18Mhz_regs
                0x3400f2dc       0x1c build/imx335.o
 .rodata.inck_24Mhz_regs
                0x3400f2f8       0x1c build/imx335.o
 .rodata.inck_27Mhz_regs
                0x3400f314       0x1c build/imx335.o
 .rodata.inck_74Mhz_regs
                0x3400f330       0x1c build/imx335.o
 .rodata.mode_2l_10b_regs
                0x3400f34c       0x14 build/imx335.o
 .rodata.res_2592_1944_regs
                0x3400f360      0x150 build/imx335.o
 .rodata.__assert_func.str1.1
                0x3400f4b0       0x6f /usr/lib/gcc/arm-none-eabi/16.1.0/../../../../arm-none-eabi/lib/thumb/v8-m.main+dp/hard/libc_nano.a(libc_a-assert.o)
                                 0x3d (size before relaxing)
 .rodata._vfprintf_r.str1.1
                0x3400f51f        0x0 /usr/lib/gcc/arm-none-eabi/16.1.0/../../../../arm-none-eabi/lib/thumb/v8-m.main+dp/hard/libc_nano.a(libc_a-nano-vfprintf.o)
                                 0x11 (size before relaxing)
 .rodata._printf_i.str1.1
                0x3400f51f        0x0 /usr/lib/gcc/arm-none-eabi/16.1.0/../../../../arm-none-eabi/lib/thumb/v8-m.main+dp/hard/libc_nano.a(libc_a-nano-vfprintf_i.o)
                                 0x22 (size before relaxing)
 .rodata.log10.str1.4
                0x3400f51f        0x0 /usr/lib/gcc/arm-none-eabi/16.1.0/../../../../arm-none-eabi/lib/thumb/v8-m.main+dp/hard/libm.a(libm_a-w_log10.o)
                                  0x1 (size before relaxing)
 *fill*         0x3400f51f        0x1 
 .rodata.__pow_log_data
                0x3400f520     0x1048 /usr/lib/gcc/arm-none-eabi/16.1.0/../../../../arm-none-eabi/lib/thumb/v8-m.main+dp/hard/libm.a(libm_a-pow_log_data.o)
                0x3400f520                __pow_log_data
 .rodata.__exp_data
                0x34010568      0x870 /usr/lib/gcc/arm-none-eabi/16.1.0/../../../../arm-none-eabi/lib/thumb/v8-m.main+dp/hard/libm.a(libm_a-exp_data.o)
                0x34010568                __exp_data
 .rodata.__log_data
                0x34010dd8      0x890 /usr/lib/gcc/arm-none-eabi/16.1.0/../../../../arm-none-eabi/lib/thumb/v8-m.main+dp/hard/libm.a(libm_a-log_data.o)
                0x34010dd8                __log_data
                0x34011668                        . = ALIGN (0x4)

.ARM.extab      0x34011668        0x0
                0x34011668                        . = ALIGN (0x4)
 *(.ARM.extab* .gnu.linkonce.armextab.*)
                0x34011668                        . = ALIGN (0x4)

.ARM            0x34011668        0x8
                0x34011668                        . = ALIGN (0x4)
                0x34011668                        __exidx_start = .
 *(.ARM.exidx*)
 .ARM.exidx.text.__udivmoddi4
                0x34011668        0x8 /usr/lib/gcc/arm-none-eabi/16.1.0/thumb/v8-m.main+dp/hard/libgcc.a(_udivmoddi4.o)
                0x34011670                        __exidx_end = .
                0x34011670                        . = ALIGN (0x4)

.rel.dyn        0x34011670        0x0
 .rel.iplt      0x34011670        0x0 /usr/lib/gcc/arm-none-eabi/16.1.0/thumb/v8-m.main+dp/hard/crtbegin.o

.preinit_array  0x34011670        0x0
                0x34011670                        . = ALIGN (0x4)
                0x34011670                        PROVIDE (__preinit_array_start = .)
 *(.preinit_array*)
                0x34011670                        PROVIDE (__preinit_array_end = .)
                0x34011670                        . = ALIGN (0x4)

.init_array     0x34011670        0x4
                0x34011670                        . = ALIGN (0x4)
                0x34011670                        PROVIDE (__init_array_start = .)
 *(SORT_BY_NAME(.init_array.*))
 *(.init_array*)
 .init_array    0x34011670        0x4 /usr/lib/gcc/arm-none-eabi/16.1.0/thumb/v8-m.main+dp/hard/crtbegin.o
                0x34011674                        PROVIDE (__init_array_end = .)
                0x34011674                        . = ALIGN (0x4)

.fini_array     0x34011674        0x4
                0x34011674                        . = ALIGN (0x4)
                0x34011674                        PROVIDE (__fini_array_start = .)
 *(SORT_BY_NAME(.fini_array.*))
 *(.fini_array*)
 .fini_array    0x34011674        0x4 /usr/lib/gcc/arm-none-eabi/16.1.0/thumb/v8-m.main+dp/hard/crtbegin.o
                0x34011678                        PROVIDE (__fini_array_end = .)
                0x34011678                        . = ALIGN (0x4)

.gnu.sgstubs    0x34011680       0x20
                0x34011680                        _sNSCVeneer = .
 *(.gnu.sgstubs*)
                0x34011680                        . = ALIGN (0x20)
 FILL mask 0x00
 .gnu.sgstubs.__stub
                0x34011680       0x10 linker stubs
                0x34011680                SECURE_SystemCoreClockUpdate
                0x34011688                SECURE_RegisterCallback
                0x340116a0                        _eNSCVeneer = .
                0x340116a0                        _sidata = LOADADDR (.data)

.data           0x34080000      0x178 load address 0x340116a0
                0x34080000                        . = ALIGN (0x4)
                0x34080000                        _sdata = .
 *(.data)
 *(.data*)
 .data.SystemCoreClock
                0x34080000        0x4 build/system_stm32n6xx_s.o
                0x34080000                SystemCoreClock
 .data.COM_UART
                0x34080004        0x8 build/stm32n6xx_nucleo.o
                0x34080004                COM_UART
 .data.uwTickFreq
                0x3408000c        0x1 build/stm32n6xx_hal.o
                0x3408000c                uwTickFreq
 *fill*         0x3408000d        0x3 
 .data.uwTickPrio
                0x34080010        0x4 build/stm32n6xx_hal.o
                0x34080010                uwTickPrio
 .data.stagePrevious1.0
                0x34080014        0x1 build/isp_services.o
 .data.stagePrevious2.1
                0x34080015        0x1 build/isp_services.o
 *fill*         0x34080016        0x2 
 .data.ISP_DecimationValue
                0x34080018        0x1 build/isp_services.o
 .data.statLocation.1
                0x34080019        0x1 build/isp_algo.o
 .data.statLocation.7
                0x3408001a        0x1 build/isp_algo.o
 *fill*         0x3408001b        0x1 
 .data.ISP_Algo_List
                0x3408001c       0x10 build/isp_algo.o
                0x3408001c                ISP_Algo_List
 .data.ISP_Algo_Background
                0x3408002c       0x3c build/isp_algo.o
                0x3408002c                ISP_Algo_Background
 .data.ISP_Algo_AWB
                0x34080068       0x3c build/isp_algo.o