Archive member included to satisfy reference by file (symbol)

/usr/lib/gcc/arm-none-eabi/16.1.0/../../../../arm-none-eabi/lib/thumb/v8-m.main+dp/hard/libc_nano.a(libc_a-atexit.o)
                              /usr/lib/gcc/arm-none-eabi/16.1.0/../../../../arm-none-eabi/lib/thumb/v8-m.main+dp/hard/crt0.o (atexit)
/usr/lib/gcc/arm-none-eabi/16.1.0/../../../../arm-none-eabi/lib/thumb/v8-m.main+dp/hard/libc_nano.a(libc_a-exit.o)
                              /usr/lib/gcc/arm-none-eabi/16.1.0/../../../../arm-none-eabi/lib/thumb/v8-m.main+dp/hard/crt0.o (exit)
/usr/lib/gcc/arm-none-eabi/16.1.0/../../../../arm-none-eabi/lib/thumb/v8-m.main+dp/hard/libc_nano.a(libc_a-findfp.o)
                              /usr/lib/gcc/arm-none-eabi/16.1.0/../../../../arm-none-eabi/lib/thumb/v8-m.main+dp/hard/libc_nano.a(libc_a-exit.o) (__stdio_exit_handler)
/usr/lib/gcc/arm-none-eabi/16.1.0/../../../../arm-none-eabi/lib/thumb/v8-m.main+dp/hard/libc_nano.a(libc_a-fwalk.o)
                              /usr/lib/gcc/arm-none-eabi/16.1.0/../../../../arm-none-eabi/lib/thumb/v8-m.main+dp/hard/libc_nano.a(libc_a-findfp.o) (_fwalk_sglue)
/usr/lib/gcc/arm-none-eabi/16.1.0/../../../../arm-none-eabi/lib/thumb/v8-m.main+dp/hard/libc_nano.a(libc_a-printf.o)
                              build/main.o (printf)
/usr/lib/gcc/arm-none-eabi/16.1.0/../../../../arm-none-eabi/lib/thumb/v8-m.main+dp/hard/libc_nano.a(libc_a-stdio.o)
                              /usr/lib/gcc/arm-none-eabi/16.1.0/../../../../arm-none-eabi/lib/thumb/v8-m.main+dp/hard/libc_nano.a(libc_a-findfp.o) (__sread)
/usr/lib/gcc/arm-none-eabi/16.1.0/../../../../arm-none-eabi/lib/thumb/v8-m.main+dp/hard/libc_nano.a(libc_a-memset.o)
                              /usr/lib/gcc/arm-none-eabi/16.1.0/../../../../arm-none-eabi/lib/thumb/v8-m.main+dp/hard/crt0.o (memset)
/usr/lib/gcc/arm-none-eabi/16.1.0/../../../../arm-none-eabi/lib/thumb/v8-m.main+dp/hard/libc_nano.a(libc_a-closer.o)
                              /usr/lib/gcc/arm-none-eabi/16.1.0/../../../../arm-none-eabi/lib/thumb/v8-m.main+dp/hard/libc_nano.a(libc_a-stdio.o) (_close_r)
/usr/lib/gcc/arm-none-eabi/16.1.0/../../../../arm-none-eabi/lib/thumb/v8-m.main+dp/hard/libc_nano.a(libc_a-reent.o)
                              /usr/lib/gcc/arm-none-eabi/16.1.0/../../../../arm-none-eabi/lib/thumb/v8-m.main+dp/hard/libc_nano.a(libc_a-closer.o) (errno)
/usr/lib/gcc/arm-none-eabi/16.1.0/../../../../arm-none-eabi/lib/thumb/v8-m.main+dp/hard/libc_nano.a(libc_a-impure.o)
                              /usr/lib/gcc/arm-none-eabi/16.1.0/../../../../arm-none-eabi/lib/thumb/v8-m.main+dp/hard/libc_nano.a(libc_a-printf.o) (_impure_ptr)
/usr/lib/gcc/arm-none-eabi/16.1.0/../../../../arm-none-eabi/lib/thumb/v8-m.main+dp/hard/libc_nano.a(libc_a-lseekr.o)
                              /usr/lib/gcc/arm-none-eabi/16.1.0/../../../../arm-none-eabi/lib/thumb/v8-m.main+dp/hard/libc_nano.a(libc_a-stdio.o) (_lseek_r)
/usr/lib/gcc/arm-none-eabi/16.1.0/../../../../arm-none-eabi/lib/thumb/v8-m.main+dp/hard/libc_nano.a(libc_a-readr.o)
                              /usr/lib/gcc/arm-none-eabi/16.1.0/../../../../arm-none-eabi/lib/thumb/v8-m.main+dp/hard/libc_nano.a(libc_a-stdio.o) (_read_r)
/usr/lib/gcc/arm-none-eabi/16.1.0/../../../../arm-none-eabi/lib/thumb/v8-m.main+dp/hard/libc_nano.a(libc_a-writer.o)
                              /usr/lib/gcc/arm-none-eabi/16.1.0/../../../../arm-none-eabi/lib/thumb/v8-m.main+dp/hard/libc_nano.a(libc_a-stdio.o) (_write_r)
/usr/lib/gcc/arm-none-eabi/16.1.0/../../../../arm-none-eabi/lib/thumb/v8-m.main+dp/hard/libc_nano.a(libc_a-errno.o)
                              build/sysmem.o (__errno)
/usr/lib/gcc/arm-none-eabi/16.1.0/../../../../arm-none-eabi/lib/thumb/v8-m.main+dp/hard/libc_nano.a(libc_a-init.o)
                              /usr/lib/gcc/arm-none-eabi/16.1.0/../../../../arm-none-eabi/lib/thumb/v8-m.main+dp/hard/crt0.o (__libc_init_array)
/usr/lib/gcc/arm-none-eabi/16.1.0/../../../../arm-none-eabi/lib/thumb/v8-m.main+dp/hard/libc_nano.a(libc_a-fini.o)
                              /usr/lib/gcc/arm-none-eabi/16.1.0/../../../../arm-none-eabi/lib/thumb/v8-m.main+dp/hard/crt0.o (__libc_fini_array)
/usr/lib/gcc/arm-none-eabi/16.1.0/../../../../arm-none-eabi/lib/thumb/v8-m.main+dp/hard/libc_nano.a(libc_a-lock.o)
                              /usr/lib/gcc/arm-none-eabi/16.1.0/../../../../arm-none-eabi/lib/thumb/v8-m.main+dp/hard/libc_nano.a(libc_a-findfp.o) (__retarget_lock_init_recursive)
/usr/lib/gcc/arm-none-eabi/16.1.0/../../../../arm-none-eabi/lib/thumb/v8-m.main+dp/hard/libc_nano.a(libc_a-memcpy-stub.o)
                              build/stm32n6xx_hal_dcmipp.o (memcpy)
/usr/lib/gcc/arm-none-eabi/16.1.0/../../../../arm-none-eabi/lib/thumb/v8-m.main+dp/hard/libc_nano.a(libc_a-__atexit.o)
                              /usr/lib/gcc/arm-none-eabi/16.1.0/../../../../arm-none-eabi/lib/thumb/v8-m.main+dp/hard/libc_nano.a(libc_a-atexit.o) (__register_exitproc)
[...]
Memory Configuration

Name             Origin             Length             Attributes
ROM              0x34000400         0x0007fc00         xrw
RAM              0x34080000         0x00180000         xrw
*default*        0x00000000         0xffffffff

Linker script and memory map

LOAD /usr/lib/gcc/arm-none-eabi/16.1.0/thumb/v8-m.main+dp/hard/crti.o
LOAD /usr/lib/gcc/arm-none-eabi/16.1.0/thumb/v8-m.main+dp/hard/crtbegin.o
LOAD /usr/lib/gcc/arm-none-eabi/16.1.0/../../../../arm-none-eabi/lib/thumb/v8-m.main+dp/hard/crt0.o
LOAD build/main.o
LOAD build/stm32n6xx_it.o
LOAD build/stm32n6xx_hal_msp.o
LOAD build/secure_nsc.o
LOAD build/system_stm32n6xx_s.o
LOAD build/stm32n6xx_nucleo.o
LOAD build/sysmem.o
LOAD build/syscalls.o
LOAD build/stm32n6xx_hal.o
LOAD build/stm32n6xx_hal_rcc.o
LOAD build/stm32n6xx_hal_rcc_ex.o
LOAD build/stm32n6xx_hal_gpio.o
LOAD build/stm32n6xx_hal_pwr.o
LOAD build/stm32n6xx_hal_pwr_ex.o
LOAD build/stm32n6xx_hal_uart.o
LOAD build/stm32n6xx_hal_dcmipp.o
LOAD build/stm32n6xx_hal_rif.o
LOAD build/stm32n6xx_hal_ramcfg.o
LOAD build/stm32n6xx_hal_cacheaxi.o
LOAD build/stm32n6xx_hal_uart_ex.o
LOAD build/stm32n6xx_hal_cortex.o
LOAD build/startup_stm32n657xx.o
LOAD /usr/lib/gcc/arm-none-eabi/16.1.0/../../../../arm-none-eabi/lib/thumb/v8-m.main+dp/hard/libc_nano.a
LOAD /usr/lib/gcc/arm-none-eabi/16.1.0/../../../../arm-none-eabi/lib/thumb/v8-m.main+dp/hard/libm.a
LOAD /usr/lib/gcc/arm-none-eabi/16.1.0/../../../../arm-none-eabi/lib/thumb/v8-m.main+dp/hard/libnosys.a
START GROUP
LOAD /usr/lib/gcc/arm-none-eabi/16.1.0/thumb/v8-m.main+dp/hard/libgcc.a
LOAD /usr/lib/gcc/arm-none-eabi/16.1.0/../../../../arm-none-eabi/lib/thumb/v8-m.main+dp/hard/libc_nano.a
END GROUP
START GROUP
LOAD /usr/lib/gcc/arm-none-eabi/16.1.0/thumb/v8-m.main+dp/hard/libgcc.a
LOAD /usr/lib/gcc/arm-none-eabi/16.1.0/../../../../arm-none-eabi/lib/thumb/v8-m.main+dp/hard/libc_nano.a
END GROUP
LOAD /usr/lib/gcc/arm-none-eabi/16.1.0/thumb/v8-m.main+dp/hard/crtend.o
LOAD /usr/lib/gcc/arm-none-eabi/16.1.0/thumb/v8-m.main+dp/hard/crtn.o
                0x34200000                        _estack = (ORIGIN (RAM) + LENGTH (RAM))
                0x341ff800                        _sstack = (_estack - _Min_Stack_Size)
                0x00000200                        _Min_Heap_Size = 0x200
                0x00000800                        _Min_Stack_Size = 0x800

.isr_vector     0x34000400      0x34c
                0x34000400                        . = ALIGN (0x4)
 *(.isr_vector)
 .isr_vector    0x34000400      0x34c build/startup_stm32n657xx.o
                0x34000400                g_pfnVectors
                0x3400074c                        . = ALIGN (0x4)

.text           0x3400074c     0x71f0
                0x3400074c                        . = ALIGN (0x4)
 *(.text)
 .text          0x3400074c       0x30 /usr/lib/gcc/arm-none-eabi/16.1.0/thumb/v8-m.main+dp/hard/libgcc.a(_aeabi_uldivmod.o)
                0x3400074c                __aeabi_uldivmod
 .text          0x3400077c        0x4 /usr/lib/gcc/arm-none-eabi/16.1.0/thumb/v8-m.main+dp/hard/libgcc.a(_dvmd_tls.o)
                0x3400077c                __aeabi_ldiv0
                0x3400077c                __aeabi_idiv0
 *(.text*)
 .text.__do_global_dtors_aux
                0x34000780       0x24 /usr/lib/gcc/arm-none-eabi/16.1.0/thumb/v8-m.main+dp/hard/crtbegin.o
 .text.frame_dummy
                0x340007a4       0x1c /usr/lib/gcc/arm-none-eabi/16.1.0/thumb/v8-m.main+dp/hard/crtbegin.o
 .text.MX_GPIO_Init
                0x340007c0       0x54 build/main.o
 .text.SystemIsolation_Config
                0x34000814      0x13c build/main.o
 .text.Error_Handler
                0x34000950        0x4 build/main.o
                0x34000950                Error_Handler
 .text.MX_CACHEAXI_Init
                0x34000954       0x1c build/main.o
 .text.MX_DCMIPP_Init
                0x34000970       0x8c build/main.o
 .text.MX_LPUART1_UART_Init
                0x340009fc       0x64 build/main.o
 .text.MX_RAMCFG_Init
                0x34000a60       0x64 build/main.o
 .text.main     0x34000ac4       0x5c build/main.o
                0x34000ac4                main
 .text.NMI_Handler
                0x34000b20        0x2 build/stm32n6xx_it.o
                0x34000b20                NMI_Handler
 .text.HardFault_Handler
                0x34000b22        0x2 build/stm32n6xx_it.o
                0x34000b22                HardFault_Handler
 .text.MemManage_Handler
                0x34000b24        0x2 build/stm32n6xx_it.o
                0x34000b24                MemManage_Handler
 .text.BusFault_Handler
                0x34000b26        0x2 build/stm32n6xx_it.o
                0x34000b26                BusFault_Handler
 .text.UsageFault_Handler
                0x34000b28        0x2 build/stm32n6xx_it.o
                0x34000b28                UsageFault_Handler
 .text.SecureFault_Handler
                0x34000b2a        0x2 build/stm32n6xx_it.o
                0x34000b2a                SecureFault_Handler
 .text.SVC_Handler
                0x34000b2c        0x2 build/stm32n6xx_it.o
                0x34000b2c                SVC_Handler
 .text.DebugMon_Handler
                0x34000b2e        0x2 build/stm32n6xx_it.o
                0x34000b2e                DebugMon_Handler
 .text.PendSV_Handler
                0x34000b30        0x2 build/stm32n6xx_it.o
                0x34000b30                PendSV_Handler
 .text.SysTick_Handler
                0x34000b32        0x8 build/stm32n6xx_it.o
                0x34000b32                SysTick_Handler
 .text.HAL_MspInit
                0x34000b3a       0x14 build/stm32n6xx_hal_msp.o
                0x34000b3a                HAL_MspInit
 *fill*         0x34000b4e        0x2 
 .text.HAL_CACHEAXI_MspInit
                0x34000b50       0x2c build/stm32n6xx_hal_msp.o
                0x34000b50                HAL_CACHEAXI_MspInit
 .text.HAL_DCMIPP_MspInit
                0x34000b7c      0x104 build/stm32n6xx_hal_msp.o
                0x34000b7c                HAL_DCMIPP_MspInit
 .text.HAL_UART_MspInit
                0x34000c80       0x8c build/stm32n6xx_hal_msp.o
                0x34000c80                HAL_UART_MspInit
 .text.HAL_RAMCFG_MspInit
                0x34000d0c       0x1c build/stm32n6xx_hal_msp.o
                0x34000d0c                HAL_RAMCFG_MspInit
 .text.SECURE_RegisterCallback
                0x34000d28       0x30 build/secure_nsc.o
                0x34000d28                __acle_se_SECURE_RegisterCallback
 .text.TZ_SAU_Setup
                0x34000d58       0x48 build/system_stm32n6xx_s.o
 .text.SystemInit
                0x34000da0       0x5c build/system_stm32n6xx_s.o
                0x34000da0                SystemInit
 .text.SystemCoreClockUpdate
                0x34000dfc      0x240 build/system_stm32n6xx_s.o
                0x34000dfc                SystemCoreClockUpdate
 .text.SECURE_SystemCoreClockUpdate
                0x3400103c       0x24 build/system_stm32n6xx_s.o
                0x3400103c                __acle_se_SECURE_SystemCoreClockUpdate
 .text.UART_MspInit
                0x34001060       0x98 build/stm32n6xx_nucleo.o
 .text.BSP_LED_Toggle
                0x340010f8       0x20 build/stm32n6xx_nucleo.o
                0x340010f8                BSP_LED_Toggle
 .text.__io_putchar
                0x34001118       0x30 build/stm32n6xx_nucleo.o
                0x34001118                __io_putchar
 .text.MX_USART1_Init
                0x34001148       0x34 build/stm32n6xx_nucleo.o
                0x34001148                MX_USART1_Init
 .text.BSP_COM_Init
                0x3400117c       0x48 build/stm32n6xx_nucleo.o
                0x3400117c                BSP_COM_Init
 .text._sbrk    0x340011c4       0x4c build/sysmem.o
                0x340011c4                _sbrk
 .text._read    0x34001210       0x20 build/syscalls.o
                0x34001210                _read
 .text._write   0x34001230       0x1c build/syscalls.o
                0x34001230                _write
 .text._close   0x3400124c        0x6 build/syscalls.o
                0x3400124c                _close
 .text._fstat   0x34001252        0xa build/syscalls.o
                0x34001252                _fstat
 .text._isatty  0x3400125c        0x4 build/syscalls.o
                0x3400125c                _isatty
 .text._lseek   0x34001260        0x4 build/syscalls.o
                0x34001260                _lseek
 .text.HAL_InitTick
                0x34001264       0x4c build/stm32n6xx_hal.o
                0x34001264                HAL_InitTick
 .text.HAL_Init
                0x340012b0       0x24 build/stm32n6xx_hal.o
                0x340012b0                HAL_Init
 .text.HAL_IncTick
                0x340012d4       0x18 build/stm32n6xx_hal.o
                0x340012d4                HAL_IncTick
 .text.HAL_GetTick
                0x340012ec        0xc build/stm32n6xx_hal.o
                0x340012ec                HAL_GetTick
 .text.HAL_Delay
                0x340012f8       0x28 build/stm32n6xx_hal.o
                0x340012f8                HAL_Delay
 .text.RCC_GetSysClockFreq
                0x34001320       0x9c build/stm32n6xx_hal_rcc.o
 .text.HAL_RCC_GetSysClockFreq
                0x340013bc       0x20 build/stm32n6xx_hal_rcc.o
                0x340013bc                HAL_RCC_GetSysClockFreq
 .text.LL_RCC_SetClockSource
                0x340013dc       0x30 build/stm32n6xx_hal_rcc_ex.o
 .text.LL_RCC_GetClockSource
                0x3400140c       0x1c build/stm32n6xx_hal_rcc_ex.o
 .text.RCCEx_GetHCLKFreq
                0x34001428       0x10 build/stm32n6xx_hal_rcc_ex.o
 .text.RCCEx_GetPCLK1Freq
                0x34001438       0x10 build/stm32n6xx_hal_rcc_ex.o
 .text.RCCEx_GetPCLK2Freq
                0x34001448       0x10 build/stm32n6xx_hal_rcc_ex.o
 .text.RCCEx_GetPCLK4Freq
                0x34001458       0x10 build/stm32n6xx_hal_rcc_ex.o
 .text.RCCEx_GetPCLK5Freq
                0x34001468       0x10 build/stm32n6xx_hal_rcc_ex.o
 .text.RCCEx_GetPLLSourceFreq
                0x34001478       0x7c build/stm32n6xx_hal_rcc_ex.o
 .text.RCCEx_CalcPLLFreq
                0x340014f4       0x5c build/stm32n6xx_hal_rcc_ex.o
 .text.RCCEx_GetRTCCLKFreq
                0x34001550       0x68 build/stm32n6xx_hal_rcc_ex.o
 .text.HAL_RCCEx_PeriphCLKConfig
                0x340015b8     0x1abc build/stm32n6xx_hal_rcc_ex.o
                0x340015b8                HAL_RCCEx_PeriphCLKConfig
 .text.HAL_RCCEx_GetPLL1CLKFreq
                0x34003074       0x90 build/stm32n6xx_hal_rcc_ex.o
                0x34003074                HAL_RCCEx_GetPLL1CLKFreq
 .text.HAL_RCCEx_GetPLL2CLKFreq
                0x34003104       0x90 build/stm32n6xx_hal_rcc_ex.o
                0x34003104                HAL_RCCEx_GetPLL2CLKFreq
 .text.HAL_RCCEx_GetPLL3CLKFreq
                0x34003194       0x90 build/stm32n6xx_hal_rcc_ex.o
                0x34003194                HAL_RCCEx_GetPLL3CLKFreq
 .text.HAL_RCCEx_GetPLL4CLKFreq
                0x34003224       0x90 build/stm32n6xx_hal_rcc_ex.o
                0x34003224                HAL_RCCEx_GetPLL4CLKFreq
 .text.RCCEx_GetCSICLKFreq
                0x340032b4       0x6c build/stm32n6xx_hal_rcc_ex.o
 .text.RCCEx_GetCLKPCLKFreq
                0x34003320      0x254 build/stm32n6xx_hal_rcc_ex.o
 .text.RCCEx_GetADCCLKFreq
                0x34003574      0x160 build/stm32n6xx_hal_rcc_ex.o
 .text.RCCEx_GetADFCLKFreq
                0x340036d4      0x138 build/stm32n6xx_hal_rcc_ex.o
 .text.RCCEx_GetDCMIPPCLKFreq
                0x3400380c       0xb8 build/stm32n6xx_hal_rcc_ex.o
 .text.RCCEx_GetETH1CLKFreq
                0x340038c4       0xac build/stm32n6xx_hal_rcc_ex.o
 .text.RCCEx_GetETH1PTPCLKFreq
                0x34003970       0xb4 build/stm32n6xx_hal_rcc_ex.o
 .text.RCCEx_GetFDCANCLKFreq
                0x34003a24       0xa8 build/stm32n6xx_hal_rcc_ex.o
 .text.RCCEx_GetFMCCLKFreq
                0x34003acc       0xf4 build/stm32n6xx_hal_rcc_ex.o
 .text.RCCEx_GetI2CCLKFreq
                0x34003bc0      0x1f0 build/stm32n6xx_hal_rcc_ex.o
 .text.RCCEx_GetI3CCLKFreq
                0x34003db0      0x17c build/stm32n6xx_hal_rcc_ex.o
 .text.RCCEx_GetLPTIMCLKFreq
                0x34003f2c      0x1e8 build/stm32n6xx_hal_rcc_ex.o
 .text.RCCEx_GetLPUARTCLKFreq
                0x34004114      0x14c build/stm32n6xx_hal_rcc_ex.o
 .text.RCCEx_GetLTDCCLKFreq
                0x34004260       0xb8 build/stm32n6xx_hal_rcc_ex.o
 .text.RCCEx_GetMDFCLKFreq
                0x34004318      0x160 build/stm32n6xx_hal_rcc_ex.o
 .text.RCCEx_GetPSSICLKFreq
                0x34004478       0xb0 build/stm32n6xx_hal_rcc_ex.o
 .text.RCCEx_GetSDMMCCLKFreq
                0x34004528      0x128 build/stm32n6xx_hal_rcc_ex.o
 .text.RCCEx_GetSPDIFRXCLKFreq
                0x34004650      0x12c build/stm32n6xx_hal_rcc_ex.o
 .text.RCCEx_GetSAICLKFreq
                0x3400477c      0x1b8 build/stm32n6xx_hal_rcc_ex.o
 .text.RCCEx_GetSPICLKFreq
                0x34004934      0x370 build/stm32n6xx_hal_rcc_ex.o
 .text.RCCEx_GetUARTCLKFreq
                0x34004ca4      0x2ac build/stm32n6xx_hal_rcc_ex.o
 .text.RCCEx_GetUSARTCLKFreq
                0x34004f50      0x2a8 build/stm32n6xx_hal_rcc_ex.o
 .text.RCCEx_GetOTGPHYCLKFreq
                0x340051f8       0xf0 build/stm32n6xx_hal_rcc_ex.o
 .text.RCCEx_GetOTGPHYCKREFCLKFreq
                0x340052e8       0x70 build/stm32n6xx_hal_rcc_ex.o
 .text.RCCEx_GetXSPICLKFreq
                0x34005358      0x14c build/stm32n6xx_hal_rcc_ex.o
 .text.HAL_RCCEx_GetPeriphCLKFreq
                0x340054a4      0x59c build/stm32n6xx_hal_rcc_ex.o
                0x340054a4                HAL_RCCEx_GetPeriphCLKFreq
 .text.HAL_GPIO_Init
                0x34005a40      0x228 build/stm32n6xx_hal_gpio.o
                0x34005a40                HAL_GPIO_Init
 .text.HAL_GPIO_TogglePin
                0x34005c68       0x12 build/stm32n6xx_hal_gpio.o
                0x34005c68                HAL_GPIO_TogglePin
 .text.HAL_GPIO_ConfigPinAttributes
                0x34005c7a       0x3a build/stm32n6xx_hal_gpio.o
                0x34005c7a                HAL_GPIO_ConfigPinAttributes
 .text.HAL_PWREx_EnableVddIO2
                0x34005cb4       0x10 build/stm32n6xx_hal_pwr_ex.o
                0x34005cb4                HAL_PWREx_EnableVddIO2
 .text.HAL_PWREx_EnableVddIO3
                0x34005cc4       0x10 build/stm32n6xx_hal_pwr_ex.o
                0x34005cc4                HAL_PWREx_EnableVddIO3
 .text.HAL_PWREx_EnableVddIO4
                0x34005cd4       0x10 build/stm32n6xx_hal_pwr_ex.o
                0x34005cd4                HAL_PWREx_EnableVddIO4
 .text.HAL_PWREx_EnableVddIO5
                0x34005ce4       0x10 build/stm32n6xx_hal_pwr_ex.o
                0x34005ce4                HAL_PWREx_EnableVddIO5
 .text.UART_EndRxTransfer
                0x34005cf4       0x56 build/stm32n6xx_hal_uart.o
 *fill*         0x34005d4a        0x2 
 .text.UART_SetConfig
                0x34005d4c      0x21c build/stm32n6xx_hal_uart.o
                0x34005d4c                UART_SetConfig
 .text.UART_AdvFeatureConfig
                0x34005f68       0xca build/stm32n6xx_hal_uart.o
                0x34005f68                UART_AdvFeatureConfig
 .text.UART_WaitOnFlagUntilTimeout
                0x34006032       0x94 build/stm32n6xx_hal_uart.o
                0x34006032                UART_WaitOnFlagUntilTimeout
 .text.HAL_UART_Transmit
                0x340060c6       0xd4 build/stm32n6xx_hal_uart.o
                0x340060c6                HAL_UART_Transmit
 .text.UART_CheckIdleState
                0x3400619a       0xc4 build/stm32n6xx_hal_uart.o
                0x3400619a                UART_CheckIdleState
 .text.HAL_UART_Init
                0x3400625e       0x66 build/stm32n6xx_hal_uart.o
                0x3400625e                HAL_UART_Init
 .text.Pipe_Config
                0x340062c4       0xc2 build/stm32n6xx_hal_dcmipp.o
 .text.HAL_DCMIPP_Init
                0x34006386       0x32 build/stm32n6xx_hal_dcmipp.o
                0x34006386                HAL_DCMIPP_Init
 .text.HAL_DCMIPP_PARALLEL_SetConfig
                0x340063b8       0x94 build/stm32n6xx_hal_dcmipp.o
                0x340063b8                HAL_DCMIPP_PARALLEL_SetConfig
 .text.HAL_DCMIPP_PIPE_SetConfig
                0x3400644c       0x42 build/stm32n6xx_hal_dcmipp.o
                0x3400644c                HAL_DCMIPP_PIPE_SetConfig
 *fill*         0x3400648e        0x2 
 .text.HAL_RIF_RIMC_ConfigMasterAttributes
                0x34006490       0x38 build/stm32n6xx_hal_rif.o
                0x34006490                HAL_RIF_RIMC_ConfigMasterAttributes
 .text.HAL_RAMCFG_Init
                0x340064c8       0x3e build/stm32n6xx_hal_ramcfg.o
                0x340064c8                HAL_RAMCFG_Init
 .text.HAL_CACHEAXI_Enable
                0x34006506       0x50 build/stm32n6xx_hal_cacheaxi.o
                0x34006506                HAL_CACHEAXI_Enable
 .text.HAL_CACHEAXI_Init
                0x34006556       0x24 build/stm32n6xx_hal_cacheaxi.o
                0x34006556                HAL_CACHEAXI_Init
 *fill*         0x3400657a        0x2 
 .text.UARTEx_SetNbDataToProcess
                0x3400657c       0x54 build/stm32n6xx_hal_uart_ex.o
 .text.HAL_UARTEx_DisableFifoMode
                0x340065d0       0x3e build/stm32n6xx_hal_uart_ex.o
                0x340065d0                HAL_UARTEx_DisableFifoMode
 .text.HAL_UARTEx_SetTxFifoThreshold
                0x3400660e       0x4a build/stm32n6xx_hal_uart_ex.o
                0x3400660e                HAL_UARTEx_SetTxFifoThreshold
 .text.HAL_UARTEx_SetRxFifoThreshold
                0x34006658       0x4a build/stm32n6xx_hal_uart_ex.o
                0x34006658                HAL_UARTEx_SetRxFifoThreshold
 *fill*         0x340066a2        0x2 
 .text.__NVIC_SetPriority
                0x340066a4       0x24 build/stm32n6xx_hal_cortex.o
 .text.NVIC_EncodePriority
                0x340066c8       0x46 build/stm32n6xx_hal_cortex.o
 *fill*         0x3400670e        0x2 
 .text.HAL_NVIC_SetPriorityGrouping
                0x34006710       0x24 build/stm32n6xx_hal_cortex.o
                0x34006710                HAL_NVIC_SetPriorityGrouping
 .text.HAL_NVIC_SetPriority
                0x34006734       0x20 build/stm32n6xx_hal_cortex.o
                0x34006734                HAL_NVIC_SetPriority
 .text.HAL_SYSTICK_Config
                0x34006754       0x28 build/stm32n6xx_hal_cortex.o
                0x34006754                HAL_SYSTICK_Config
 .text.Reset_Handler
                0x3400677c       0x5c build/startup_stm32n657xx.o
                0x3400677c                Reset_Handler
 .text.Default_Handler
                0x340067d8        0x2 build/startup_stm32n657xx.o
                0x340067d8                HPDMA1_Channel13_IRQHandler
                0x340067d8                EXTI2_IRQHandler
                0x340067d8                MCE2_IRQHandler
                0x340067d8                TIM8_CC_IRQHandler
                0x340067d8                USB2_OTG_HS_IRQHandler
                0x340067d8                SAI1_A_IRQHandler
                0x340067d8                EXTI5_IRQHandler
                0x340067d8                I3C1_ER_IRQHandler
                0x340067d8                UART8_IRQHandler
                0x340067d8                CTI_INT0_IRQHandler
                0x340067d8                SPI4_IRQHandler
                0x340067d8                LTDC_LO_IRQHandler
                0x340067d8                NPU2_IRQHandler
                0x340067d8                FDCAN3_IT0_IRQHandler
                0x340067d8                EXTI13_IRQHandler
                0x340067d8                TIM1_CC_IRQHandler
                0x340067d8                XSPI1_IRQHandler
                0x340067d8                TIM10_IRQHandler
                0x340067d8                JPEG_IRQHandler
                0x340067d8                TAMP_IRQHandler
                0x340067d8                CACHE_ECC_IRQHandler
                0x340067d8                TIM6_IRQHandler
                0x340067d8                CSI_IRQHandler
                0x340067d8                EXTI12_IRQHandler
                0x340067d8                GFXTIM_IRQHandler
                0x340067d8                EXTI3_IRQHandler
                0x340067d8                LPTIM4_IRQHandler
                0x340067d8                GPDMA1_Channel5_IRQHandler
                0x340067d8                EXTI8_IRQHandler
                0x340067d8                LPTIM2_IRQHandler
                0x340067d8                GFXMMU_IRQHandler
                0x340067d8                LTDC_LO_ERR_IRQHandler
                0x340067d8                I2C3_ER_IRQHandler
                0x340067d8                RIFSC_TAMPER_IRQHandler
                0x340067d8                USART10_IRQHandler
                0x340067d8                MDF1_FLT2_IRQHandler
                0x340067d8                LPTIM3_IRQHandler
                0x340067d8                SAI2_A_IRQHandler
                0x340067d8                EXTI0_IRQHandler
                0x340067d8                HPDMA1_Channel9_IRQHandler
                0x340067d8                I2C2_EV_IRQHandler
                0x340067d8                GPU2D_IRQHandler
                0x340067d8                FPU_IRQHandler
                0x340067d8                GPDMA1_Channel3_IRQHandler
                0x340067d8                GPDMA1_Channel7_IRQHandler
                0x340067d8                MDF1_FLT4_IRQHandler
                0x340067d8                FDCAN1_IT1_IRQHandler
                0x340067d8                HPDMA1_Channel3_IRQHandler
                0x340067d8                ADC1_2_IRQHandler
                0x340067d8                GPDMA1_Channel9_IRQHandler
                0x340067d8                SPI1_IRQHandler
                0x340067d8                CACHEAXI_IRQHandler
                0x340067d8                SAI1_B_IRQHandler
                0x340067d8                GPDMA1_Channel2_IRQHandler
                0x340067d8                PAHB_ERR_IRQHandler
                0x340067d8                TIM8_UP_IRQHandler
                0x340067d8                RCC_S_IRQHandler
                0x340067d8                MDF1_FLT1_IRQHandler
                0x340067d8                LTDC_UP_IRQHandler
                0x340067d8                LOCKUP_IRQHandler
                0x340067d8                PKA_IRQHandler
                0x340067d8                USART6_IRQHandler
                0x340067d8                HPDMA1_Channel2_IRQHandler
                0x340067d8                MDF1_FLT5_IRQHandler
                0x340067d8                MCE4_IRQHandler
                0x340067d8                I3C2_ER_IRQHandler
                0x340067d8                EXTI15_IRQHandler
                0x340067d8                TIM17_IRQHandler
                0x340067d8                USART3_IRQHandler
                0x340067d8                HPDMA1_Channel6_IRQHandler
                0x340067d8                CRYP_IRQHandler
                0x340067d8                RTC_IRQHandler
                0x340067d8                XSPI2_IRQHandler
                0x340067d8                EXTI9_IRQHandler
                0x340067d8                IAC_IRQHandler
                0x340067d8                HPDMA1_Channel0_IRQHandler
                0x340067d8                LPTIM5_IRQHandler
                0x340067d8                HPDMA1_Channel1_IRQHandler
                0x340067d8                UART5_IRQHandler
                0x340067d8                TIM4_IRQHandler
                0x340067d8                NPU3_IRQHandler
                0x340067d8                I3C2_EV_IRQHandler
                0x340067d8                I2C1_EV_IRQHandler
                0x340067d8                FDCAN_CU_IRQHandler
                0x340067d8                GPDMA1_Channel12_IRQHandler
                0x340067d8                HPDMA1_Channel7_IRQHandler
                0x340067d8                GPDMA1_Channel1_IRQHandler
                0x340067d8                TIM16_IRQHandler
                0x340067d8                GPDMA1_Channel15_IRQHandler
                0x340067d8                UART4_IRQHandler
                0x340067d8                TCM_ECC_IRQHandler
                0x340067d8                TIM3_IRQHandler
                0x340067d8                RCC_IRQHandler
                0x340067d8                UART9_IRQHandler
                0x340067d8                NPU1_IRQHandler
                0x340067d8                SAI2_B_IRQHandler
                0x340067d8                Default_Handler
                0x340067d8                GPDMA1_Channel8_IRQHandler
                0x340067d8                HPDMA1_Channel8_IRQHandler
                0x340067d8                TIM18_IRQHandler
                0x340067d8                TIM14_IRQHandler
                0x340067d8                TIM13_IRQHandler
                0x340067d8                CTI_INT1_IRQHandler
                0x340067d8                GPDMA1_Channel11_IRQHandler
                0x340067d8                GPU2D_ER_IRQHandler
                0x340067d8                SPI5_IRQHandler
                0x340067d8                TIM12_IRQHandler
                0x340067d8                TIM7_IRQHandler
                0x340067d8                FDCAN3_IT1_IRQHandler
                0x340067d8                HPDMA1_Channel10_IRQHandler
                0x340067d8                SDMMC1_IRQHandler
                0x340067d8                SAES_IRQHandler
                0x340067d8                TIM5_IRQHandler
                0x340067d8                UCPD1_IRQHandler
                0x340067d8                GPDMA1_Channel0_IRQHandler
                0x340067d8                I3C1_EV_IRQHandler
                0x340067d8                HPDMA1_Channel5_IRQHandler
                0x340067d8                TIM15_IRQHandler
                0x340067d8                I2C3_EV_IRQHandler
                0x340067d8                HPDMA1_Channel4_IRQHandler
                0x340067d8                HPDMA1_Channel15_IRQHandler
                0x340067d8                TIM9_IRQHandler
                0x340067d8                ETH1_IRQHandler
                0x340067d8                USB1_OTG_HS_IRQHandler
                0x340067d8                PVD_PVM_IRQHandler
                0x340067d8                SPI2_IRQHandler
                0x340067d8                TIM1_TRG_CCU_IRQHandler
                0x340067d8                HPDMA1_Channel11_IRQHandler
                0x340067d8                EXTI14_IRQHandler
                0x340067d8                EXTI11_IRQHandler
                0x340067d8                VENC_IRQHandler
                0x340067d8                GPDMA1_Channel14_IRQHandler
                0x340067d8                EXTI4_IRQHandler
                0x340067d8                RTC_S_IRQHandler
                0x340067d8                GPDMA1_Channel13_IRQHandler
                0x340067d8                RNG_IRQHandler
                0x340067d8                XSPI3_IRQHandler
                0x340067d8                FDCAN2_IT1_IRQHandler
                0x340067d8                TIM1_UP_IRQHandler
                0x340067d8                NPU0_IRQHandler
                0x340067d8                BCK_ECC_IRQHandler
                0x340067d8                WWDG_IRQHandler
                0x340067d8                SPI6_IRQHandler
                0x340067d8                MDIOS_IRQHandler
                0x340067d8                I2C4_EV_IRQHandler
                0x340067d8                FDCAN2_IT0_IRQHandler
                0x340067d8                IWDG_IRQHandler
                0x340067d8                HPDMA1_Channel14_IRQHandler
                0x340067d8                LPUART1_IRQHandler
                0x340067d8                FDCAN1_IT0_IRQHandler
                0x340067d8                MDF1_FLT0_IRQHandler
                0x340067d8                TIM2_IRQHandler
                0x340067d8                MCE3_IRQHandler
                0x340067d8                GPDMA1_Channel4_IRQHandler
                0x340067d8                EXTI7_IRQHandler
                0x340067d8                DMA2D_IRQHandler
                0x340067d8                TIM1_BRK_IRQHandler
                0x340067d8                EXTI1_IRQHandler
                0x340067d8                SDMMC2_IRQHandler
                0x340067d8                TIM11_IRQHandler
                0x340067d8                LTDC_UP_ERR_IRQHandler
                0x340067d8                UART7_IRQHandler
                0x340067d8                DTS_IRQHandler
                0x340067d8                MDF1_FLT3_IRQHandler
                0x340067d8                USART2_IRQHandler
                0x340067d8                GPDMA1_Channel6_IRQHandler
                0x340067d8                ADF1_FLT0_IRQHandler
                0x340067d8                I2C2_ER_IRQHandler
                0x340067d8                MCE1_IRQHandler
                0x340067d8                SPDIFRX_IRQHandler
                0x340067d8                TIM8_BRK_IRQHandler
                0x340067d8                HPDMA1_Channel12_IRQHandler
                0x340067d8                USART1_IRQHandler
                0x340067d8                EXTI10_IRQHandler
                0x340067d8                SPI3_IRQHandler
                0x340067d8                WAKEUP_PIN_IRQHandler
                0x340067d8                DCMIPP_IRQHandler
                0x340067d8                I2C1_ER_IRQHandler
                0x340067d8                FMC_IRQHandler
                0x340067d8                EXTI6_IRQHandler
                0x340067d8                LPTIM1_IRQHandler
                0x340067d8                DCMI_PSSI_IRQHandler
                0x340067d8                TIM8_TRG_CCU_IRQHandler
                0x340067d8                I2C4_ER_IRQHandler
                0x340067d8                GPDMA1_Channel10_IRQHandler
                0x340067d8                ICACHE_IRQHandler
                0x340067d8                HASH_IRQHandler
 *fill*         0x340067da        0x2 
 .text.std      0x340067dc       0x6c /usr/lib/gcc/arm-none-eabi/16.1.0/../../../../arm-none-eabi/lib/thumb/v8-m.main+dp/hard/libc_nano.a(libc_a-findfp.o)
 .text.stdio_exit_handler
                0x34006848       0x18 /usr/lib/gcc/arm-none-eabi/16.1.0/../../../../arm-none-eabi/lib/thumb/v8-m.main+dp/hard/libc_nano.a(libc_a-findfp.o)
 .text.cleanup_stdio
                0x34006860       0x40 /usr/lib/gcc/arm-none-eabi/16.1.0/../../../../arm-none-eabi/lib/thumb/v8-m.main+dp/hard/libc_nano.a(libc_a-findfp.o)
 .text.global_stdio_init.part.0
                0x340068a0       0x40 /usr/lib/gcc/arm-none-eabi/16.1.0/../../../../arm-none-eabi/lib/thumb/v8-m.main+dp/hard/libc_nano.a(libc_a-findfp.o)
 .text.__sfp_lock_acquire
                0x340068e0        0xc /usr/lib/gcc/arm-none-eabi/16.1.0/../../../../arm-none-eabi/lib/thumb/v8-m.main+dp/hard/libc_nano.a(libc_a-findfp.o)
                0x340068e0                __sfp_lock_acquire
 .text.__sfp_lock_release
                0x340068ec        0xc /usr/lib/gcc/arm-none-eabi/16.1.0/../../../../arm-none-eabi/lib/thumb/v8-m.main+dp/hard/libc_nano.a(libc_a-findfp.o)
                0x340068ec                __sfp_lock_release
 .text.__sinit  0x340068f8       0x30 /usr/lib/gcc/arm-none-eabi/16.1.0/../../../../arm-none-eabi/lib/thumb/v8-m.main+dp/hard/libc_nano.a(libc_a-findfp.o)
                0x340068f8                __sinit
 .text._fwalk_sglue
                0x34006928       0x3a /usr/lib/gcc/arm-none-eabi/16.1.0/../../../../arm-none-eabi/lib/thumb/v8-m.main+dp/hard/libc_nano.a(libc_a-fwalk.o)
                0x34006928                _fwalk_sglue
 *fill*         0x34006962        0x2 
 .text.printf   0x34006964       0x24 /usr/lib/gcc/arm-none-eabi/16.1.0/../../../../arm-none-eabi/lib/thumb/v8-m.main+dp/hard/libc_nano.a(libc_a-printf.o)
                0x34006964                printf
                0x34006964                iprintf
 .text.__sread  0x34006988       0x22 /usr/lib/gcc/arm-none-eabi/16.1.0/../../../../arm-none-eabi/lib/thumb/v8-m.main+dp/hard/libc_nano.a(libc_a-stdio.o)
                0x34006988                __sread
 .text.__swrite
                0x340069aa       0x38 /usr/lib/gcc/arm-none-eabi/16.1.0/../../../../arm-none-eabi/lib/thumb/v8-m.main+dp/hard/libc_nano.a(libc_a-stdio.o)
                0x340069aa                __swrite
 .text.__sseek  0x340069e2       0x26 /usr/lib/gcc/arm-none-eabi/16.1.0/../../../../arm-none-eabi/lib/thumb/v8-m.main+dp/hard/libc_nano.a(libc_a-stdio.o)
                0x340069e2                __sseek
 .text.__sclose
                0x34006a08        0x8 /usr/lib/gcc/arm-none-eabi/16.1.0/../../../../arm-none-eabi/lib/thumb/v8-m.main+dp/hard/libc_nano.a(libc_a-stdio.o)
                0x34006a08                __sclose
 .text.memset   0x34006a10       0x10 /usr/lib/gcc/arm-none-eabi/16.1.0/../../../../arm-none-eabi/lib/thumb/v8-m.main+dp/hard/libc_nano.a(libc_a-memset.o)
                0x34006a10                memset
 .text._close_r
                0x34006a20       0x20 /usr/lib/gcc/arm-none-eabi/16.1.0/../../../../arm-none-eabi/lib/thumb/v8-m.main+dp/hard/libc_nano.a(libc_a-closer.o)
                0x34006a20                _close_r
 .text._lseek_r
                0x34006a40       0x24 /usr/lib/gcc/arm-none-eabi/16.1.0/../../../../arm-none-eabi/lib/thumb/v8-m.main+dp/hard/libc_nano.a(libc_a-lseekr.o)
                0x34006a40                _lseek_r
 .text._read_r  0x34006a64       0x24 /usr/lib/gcc/arm-none-eabi/16.1.0/../../../../arm-none-eabi/lib/thumb/v8-m.main+dp/hard/libc_nano.a(libc_a-readr.o)
                0x34006a64                _read_r
 .text._write_r
                0x34006a88       0x24 /usr/lib/gcc/arm-none-eabi/16.1.0/../../../../arm-none-eabi/lib/thumb/v8-m.main+dp/hard/libc_nano.a(libc_a-writer.o)
                0x34006a88                _write_r
 .text.__errno  0x34006aac        0xc /usr/lib/gcc/arm-none-eabi/16.1.0/../../../../arm-none-eabi/lib/thumb/v8-m.main+dp/hard/libc_nano.a(libc_a-errno.o)
                0x34006aac                __errno
 .text.__libc_init_array
                0x34006ab8       0x48 /usr/lib/gcc/arm-none-eabi/16.1.0/../../../../arm-none-eabi/lib/thumb/v8-m.main+dp/hard/libc_nano.a(libc_a-init.o)
                0x34006ab8                __libc_init_array
 .text.__retarget_lock_init_recursive
                0x34006b00        0x2 /usr/lib/gcc/arm-none-eabi/16.1.0/../../../../arm-none-eabi/lib/thumb/v8-m.main+dp/hard/libc_nano.a(libc_a-lock.o)
                0x34006b00                __retarget_lock_init_recursive
 .text.__retarget_lock_acquire_recursive
                0x34006b02        0x2 /usr/lib/gcc/arm-none-eabi/16.1.0/../../../../arm-none-eabi/lib/thumb/v8-m.main+dp/hard/libc_nano.a(libc_a-lock.o)
                0x34006b02                __retarget_lock_acquire_recursive
 .text.__retarget_lock_release_recursive
                0x34006b04        0x2 /usr/lib/gcc/arm-none-eabi/16.1.0/../../../../arm-none-eabi/lib/thumb/v8-m.main+dp/hard/libc_nano.a(libc_a-lock.o)
                0x34006b04                __retarget_lock_release_recursive
 *fill*         0x34006b06        0x2 
 .text._free_r  0x34006b08       0x98 /usr/lib/gcc/arm-none-eabi/16.1.0/../../../../arm-none-eabi/lib/thumb/v8-m.main+dp/hard/libc_nano.a(libc_a-freer.o)
                0x34006b08                _free_r
 .text.sbrk_aligned
                0x34006ba0       0x44 /usr/lib/gcc/arm-none-eabi/16.1.0/../../../../arm-none-eabi/lib/thumb/v8-m.main+dp/hard/libc_nano.a(libc_a-mallocr.o)
 .text._malloc_r
                0x34006be4      0x100 /usr/lib/gcc/arm-none-eabi/16.1.0/../../../../arm-none-eabi/lib/thumb/v8-m.main+dp/hard/libc_nano.a(libc_a-mallocr.o)
                0x34006be4                _malloc_r
 .text.__malloc_lock
                0x34006ce4        0xc /usr/lib/gcc/arm-none-eabi/16.1.0/../../../../arm-none-eabi/lib/thumb/v8-m.main+dp/hard/libc_nano.a(libc_a-mlock.o)
                0x34006ce4                __malloc_lock
 .text.__malloc_unlock
                0x34006cf0        0xc /usr/lib/gcc/arm-none-eabi/16.1.0/../../../../arm-none-eabi/lib/thumb/v8-m.main+dp/hard/libc_nano.a(libc_a-mlock.o)
                0x34006cf0                __malloc_unlock
 .text.__sfputc_r
                0x34006cfc       0x28 /usr/lib/gcc/arm-none-eabi/16.1.0/../../../../arm-none-eabi/lib/thumb/v8-m.main+dp/hard/libc_nano.a(libc_a-nano-vfprintf.o)
 .text.__sfputs_r
                0x34006d24       0x24 /usr/lib/gcc/arm-none-eabi/16.1.0/../../../../arm-none-eabi/lib/thumb/v8-m.main+dp/hard/libc_nano.a(libc_a-nano-vfprintf.o)
                0x34006d24                __sfputs_r
 .text._vfprintf_r
                0x34006d48      0x228 /usr/lib/gcc/arm-none-eabi/16.1.0/../../../../arm-none-eabi/lib/thumb/v8-m.main+dp/hard/libc_nano.a(libc_a-nano-vfprintf.o)
                0x34006d48                _vfiprintf_r
                0x34006d48                _vfprintf_r
 .text._printf_common
                0x34006f70       0xe0 /usr/lib/gcc/arm-none-eabi/16.1.0/../../../../arm-none-eabi/lib/thumb/v8-m.main+dp/hard/libc_nano.a(libc_a-nano-vfprintf_i.o)
                0x34006f70                _printf_common
 .text._printf_i
                0x34007050      0x258 /usr/lib/gcc/arm-none-eabi/16.1.0/../../../../arm-none-eabi/lib/thumb/v8-m.main+dp/hard/libc_nano.a(libc_a-nano-vfprintf_i.o)
                0x34007050                _printf_i
 .text.__sflush_r
                0x340072a8      0x10c /usr/lib/gcc/arm-none-eabi/16.1.0/../../../../arm-none-eabi/lib/thumb/v8-m.main+dp/hard/libc_nano.a(libc_a-fflush.o)
                0x340072a8                __sflush_r
 .text._fflush_r
                0x340073b4       0x50 /usr/lib/gcc/arm-none-eabi/16.1.0/../../../../arm-none-eabi/lib/thumb/v8-m.main+dp/hard/libc_nano.a(libc_a-fflush.o)
                0x340073b4                _fflush_r
 .text.__swbuf_r
                0x34007404       0x7e /usr/lib/gcc/arm-none-eabi/16.1.0/../../../../arm-none-eabi/lib/thumb/v8-m.main+dp/hard/libc_nano.a(libc_a-wbuf.o)
                0x34007404                __swbuf_r
 *fill*         0x34007482        0x2 
 .text.__swsetup_r
                0x34007484       0xa8 /usr/lib/gcc/arm-none-eabi/16.1.0/../../../../arm-none-eabi/lib/thumb/v8-m.main+dp/hard/libc_nano.a(libc_a-wsetup.o)
                0x34007484                __swsetup_r
 .text._sbrk_r  0x3400752c       0x20 /usr/lib/gcc/arm-none-eabi/16.1.0/../../../../arm-none-eabi/lib/thumb/v8-m.main+dp/hard/libc_nano.a(libc_a-sbrkr.o)
                0x3400752c                _sbrk_r
 .text.memchr   0x3400754c       0x1c /usr/lib/gcc/arm-none-eabi/16.1.0/../../../../arm-none-eabi/lib/thumb/v8-m.main+dp/hard/libc_nano.a(libc_a-memchr-stub.o)
                0x3400754c                memchr
 .text.__swhatbuf_r
                0x34007568       0x4a /usr/lib/gcc/arm-none-eabi/16.1.0/../../../../arm-none-eabi/lib/thumb/v8-m.main+dp/hard/libc_nano.a(libc_a-makebuf.o)
                0x34007568                __swhatbuf_r
 .text.__smakebuf_r
                0x340075b2       0x72 /usr/lib/gcc/arm-none-eabi/16.1.0/../../../../arm-none-eabi/lib/thumb/v8-m.main+dp/hard/libc_nano.a(libc_a-makebuf.o)
                0x340075b2                __smakebuf_r
 .text._fstat_r
                0x34007624       0x24 /usr/lib/gcc/arm-none-eabi/16.1.0/../../../../arm-none-eabi/lib/thumb/v8-m.main+dp/hard/libc_nano.a(libc_a-fstatr.o)
                0x34007624                _fstat_r
 .text._isatty_r
                0x34007648       0x20 /usr/lib/gcc/arm-none-eabi/16.1.0/../../../../arm-none-eabi/lib/thumb/v8-m.main+dp/hard/libc_nano.a(libc_a-isattyr.o)
                0x34007648                _isatty_r
 .text.__udivmoddi4
                0x34007668      0x2ba /usr/lib/gcc/arm-none-eabi/16.1.0/thumb/v8-m.main+dp/hard/libgcc.a(_udivmoddi4.o)
                0x34007668                __udivmoddi4
 *(.glue_7)
 .glue_7        0x34007922        0x0 linker stubs
 *(.glue_7t)
 .glue_7t       0x34007922        0x0 linker stubs
 *(.eh_frame)
 *fill*         0x34007922        0x2 
 .eh_frame      0x34007924        0x0 /usr/lib/gcc/arm-none-eabi/16.1.0/thumb/v8-m.main+dp/hard/crtbegin.o
 *(.RamFunc)
 *(.RamFunc*)
 *(.init)
 .init          0x34007924        0x4 /usr/lib/gcc/arm-none-eabi/16.1.0/thumb/v8-m.main+dp/hard/crti.o
                0x34007924                _init
 .init          0x34007928        0x8 /usr/lib/gcc/arm-none-eabi/16.1.0/thumb/v8-m.main+dp/hard/crtn.o
 *(.fini)
 .fini          0x34007930        0x4 /usr/lib/gcc/arm-none-eabi/16.1.0/thumb/v8-m.main+dp/hard/crti.o
                0x34007930                _fini
 .fini          0x34007934        0x8 /usr/lib/gcc/arm-none-eabi/16.1.0/thumb/v8-m.main+dp/hard/crtn.o
                0x3400793c                        . = ALIGN (0x4)
                0x3400793c                        _etext = .

.vfp11_veneer   0x3400793c        0x0
 .vfp11_veneer  0x3400793c        0x0 linker stubs

.v4_bx          0x3400793c        0x0
 .v4_bx         0x3400793c        0x0 linker stubs

.iplt           0x3400793c        0x0
 .iplt          0x3400793c        0x0 /usr/lib/gcc/arm-none-eabi/16.1.0/thumb/v8-m.main+dp/hard/crtbegin.o

.rodata         0x3400793c       0x7c
                0x3400793c                        . = ALIGN (0x4)
 *(.rodata)
 *(.rodata*)
 .rodata.main.str1.4
                0x3400793c        0x9 build/main.o
 *fill*         0x34007945        0x3 
 .rodata.LED_PORT
                0x34007948        0xc build/stm32n6xx_nucleo.o
 .rodata.LED_PIN
                0x34007954        0x6 build/stm32n6xx_nucleo.o
 *fill*         0x3400795a        0x2 
 .rodata.UARTPrescTable
                0x3400795c       0x18 build/stm32n6xx_hal_uart.o
                0x3400795c                UARTPrescTable
 .rodata.denominator.0
                0x34007974        0x8 build/stm32n6xx_hal_uart_ex.o
 .rodata.numerator.1
                0x3400797c        0x8 build/stm32n6xx_hal_uart_ex.o
 .rodata._vfprintf_r.str1.1
                0x34007984       0x33 /usr/lib/gcc/arm-none-eabi/16.1.0/../../../../arm-none-eabi/lib/thumb/v8-m.main+dp/hard/libc_nano.a(libc_a-nano-vfprintf.o)
                                 0x11 (size before relaxing)
 .rodata._printf_i.str1.1
                0x340079b7        0x0 /usr/lib/gcc/arm-none-eabi/16.1.0/../../../../arm-none-eabi/lib/thumb/v8-m.main+dp/hard/libc_nano.a(libc_a-nano-vfprintf_i.o)
                                 0x22 (size before relaxing)
                0x340079b8                        . = ALIGN (0x4)
 *fill*         0x340079b7        0x1 

.ARM.extab      0x340079b8        0x0
                0x340079b8                        . = ALIGN (0x4)
 *(.ARM.extab* .gnu.linkonce.armextab.*)
                0x340079b8                        . = ALIGN (0x4)

.ARM            0x340079b8        0x8
                0x340079b8                        . = ALIGN (0x4)
                0x340079b8                        __exidx_start = .
 *(.ARM.exidx*)
 .ARM.exidx.text.__udivmoddi4
                0x340079b8        0x8 /usr/lib/gcc/arm-none-eabi/16.1.0/thumb/v8-m.main+dp/hard/libgcc.a(_udivmoddi4.o)
                0x340079c0                        __exidx_end = .
                0x340079c0                        . = ALIGN (0x4)

.rel.dyn        0x340079c0        0x0
 .rel.iplt      0x340079c0        0x0 /usr/lib/gcc/arm-none-eabi/16.1.0/thumb/v8-m.main+dp/hard/crtbegin.o

.preinit_array  0x340079c0        0x0
                0x340079c0                        . = ALIGN (0x4)
                0x340079c0                        PROVIDE (__preinit_array_start = .)
 *(.preinit_array*)
                0x340079c0                        PROVIDE (__preinit_array_end = .)
                0x340079c0                        . = ALIGN (0x4)

.init_array     0x340079c0        0x4
                0x340079c0                        . = ALIGN (0x4)
                0x340079c0                        PROVIDE (__init_array_start = .)
 *(SORT_BY_NAME(.init_array.*))
 *(.init_array*)
 .init_array    0x340079c0        0x4 /usr/lib/gcc/arm-none-eabi/16.1.0/thumb/v8-m.main+dp/hard/crtbegin.o
                0x340079c4                        PROVIDE (__init_array_end = .)
                0x340079c4                        . = ALIGN (0x4)

.fini_array     0x340079c4        0x4
                0x340079c4                        . = ALIGN (0x4)
                0x340079c4                        PROVIDE (__fini_array_start = .)
 *(SORT_BY_NAME(.fini_array.*))
 *(.fini_array*)
 .fini_array    0x340079c4        0x4 /usr/lib/gcc/arm-none-eabi/16.1.0/thumb/v8-m.main+dp/hard/crtbegin.o
                0x340079c8                        PROVIDE (__fini_array_end = .)
                0x340079c8                        . = ALIGN (0x4)

.gnu.sgstubs    0x340079e0       0x20
                0x340079e0                        _sNSCVeneer = .
 *(.gnu.sgstubs*)
                0x340079e0                        . = ALIGN (0x20)
 FILL mask 0x00
 .gnu.sgstubs.__stub
                0x340079e0       0x10 linker stubs
                0x340079e0                SECURE_SystemCoreClockUpdate
                0x340079e8                SECURE_RegisterCallback
                0x34007a00                        _eNSCVeneer = .
                0x34007a00                        _sidata = LOADADDR (.data)

.data           0x34080000       0x70 load address 0x34007a00
                0x34080000                        . = ALIGN (0x4)
                0x34080000                        _sdata = .
 *(.data)
 *(.data*)
 .data.SystemCoreClock
                0x34080000        0x4 build/system_stm32n6xx_s.o
                0x34080000                SystemCoreClock
 .data.COM_UART
                0x34080004        0x8 build/stm32n6xx_nucleo.o
                0x34080004                COM_UART
 .data.uwTickFreq
                0x3408000c        0x1 build/stm32n6xx_hal.o
                0x3408000c                uwTickFreq
 *fill*         0x3408000d        0x3 
 .data.uwTickPrio
                0x34080010        0x4 build/stm32n6xx_hal.o
                0x34080010                uwTickPrio
 .data.__sglue  0x34080014        0xc /usr/lib/gcc/arm-none-eabi/16.1.0/../../../../arm-none-eabi/lib/thumb/v8-m.main+dp/hard/libc_nano.a(libc_a-findfp.o)
                0x34080014                __sglue
 .data._impure_ptr
                0x34080020        0x4 /usr/lib/gcc/arm-none-eabi/16.1.0/../../../../arm-none-eabi/lib/thumb/v8-m.main+dp/hard/libc_nano.a(libc_a-impure.o)
                0x34080020                _impure_ptr
 .data._impure_data
                0x34080024       0x4c /usr/lib/gcc/arm-none-eabi/16.1.0/../../../../arm-none-eabi/lib/thumb/v8-m.main+dp/hard/libc_nano.a(libc_a-impure.o)
                0x34080024                _impure_data
                0x34080070                        . = ALIGN (0x4)

.igot.plt       0x34080070        0x0 load address 0x34007a70
 .igot.plt      0x34080070        0x0 /usr/lib/gcc/arm-none-eabi/16.1.0/thumb/v8-m.main+dp/hard/crtbegin.o

.tdata          0x34080070        0x0 load address 0x34007a70
 *(.tdata .tdata.* .gnu.linkonce.td.*)
                0x34080070                        . = ALIGN (0x4)
                0x34080070                        _edata = .
                [!provide]                        PROVIDE (__data_end = .)
                [!provide]                        PROVIDE (__tdata_end = .)
                [!provide]                        PROVIDE (__tdata_start = ADDR (.tdata))
                [!provide]                        PROVIDE (__tdata_size = (__tdata_end - __tdata_start))
                [!provide]                        PROVIDE (__data_start = ADDR (.data))
                [!provide]                        PROVIDE (__data_size = (__data_end - __data_start))
                [!provide]                        PROVIDE (__tdata_source = LOADADDR (.tdata))
                [!provide]                        PROVIDE (__tdata_source_end = (LOADADDR (.tdata) + SIZEOF (.tdata)))
                [!provide]                        PROVIDE (__tdata_source_size = (__tdata_source_end - __tdata_source))
                [!provide]                        PROVIDE (__data_source = LOADADDR (.data))
                [!provide]                        PROVIDE (__data_source_end = __tdata_source_end)
                [!provide]                        PROVIDE (__data_source_size = (__data_source_end - __data_source))

.noncacheable   0x34080070        0x0 load address 0x34007a70
                0x34080070                        . = ALIGN (0x8)
                0x34080070                        __snoncacheable = .
 *(.noncacheable)
                0x34080070                        . = ALIGN (0x8)
                0x34080070                        __enoncacheable = .

.tbss           0x34080070        0x0 load address 0x34007a70
                0x34080070                        _sbss = .
                0x34080070                        __bss_start__ = _sbss
 *(.tbss .tbss.*)
                0x34080070                        . = ALIGN (0x4)
                [!provide]                        PROVIDE (__tbss_end = .)
                [!provide]                        PROVIDE (__tbss_start = ADDR (.tbss))
                [!provide]                        PROVIDE (__tbss_size = (__tbss_end - __tbss_start))
                [!provide]                        PROVIDE (__tbss_offset = (ADDR (.tbss) - ADDR (.tdata)))
                [!provide]                        PROVIDE (__tls_base = __tdata_start)
                [!provide]                        PROVIDE (__tls_end = __tbss_end)
                [!provide]                        PROVIDE (__tls_size = (__tls_end - __tls_base))
                [!provide]                        PROVIDE (__tls_align = MAX (ALIGNOF (.tdata), ALIGNOF (.tbss)))
                [!provide]                        PROVIDE (__tls_size_align = (((__tls_size + __tls_align) - 0x1) & ~ ((__tls_align - 0x1))))
                [!provide]                        PROVIDE (__arm32_tls_tcb_offset = MAX (0x8, __tls_align))
                [!provide]                        PROVIDE (__arm64_tls_tcb_offset = MAX (0x10, __tls_align))

.bss            0x34080070      0x390 load address 0x34007a70
 *(.bss)
 *(.bss*)
 .bss.completed.1
                0x34080070        0x1 /usr/lib/gcc/arm-none-eabi/16.1.0/thumb/v8-m.main+dp/hard/crtbegin.o
 *fill*         0x34080071        0x3 
 .bss.object.0  0x34080074       0x18 /usr/lib/gcc/arm-none-eabi/16.1.0/thumb/v8-m.main+dp/hard/crtbegin.o
 .bss.hramcfg_SRAM6
                0x3408008c        0xc build/main.o
                0x3408008c                hramcfg_SRAM6
 .bss.hramcfg_SRAM5
                0x34080098        0xc build/main.o
                0x34080098                hramcfg_SRAM5
 .bss.hramcfg_SRAM4
                0x340800a4        0xc build/main.o
                0x340800a4                hramcfg_SRAM4
 .bss.hramcfg_SRAM3
                0x340800b0        0xc build/main.o
                0x340800b0                hramcfg_SRAM3
 .bss.hlpuart1  0x340800bc       0x94 build/main.o
                0x340800bc                hlpuart1
 .bss.hdcmipp   0x34080150        0xc build/main.o
                0x34080150                hdcmipp
 .bss.hcacheaxi
                0x3408015c        0xc build/main.o
                0x3408015c                hcacheaxi
 .bss.BspCOMInit
                0x34080168       0x10 build/main.o
                0x34080168                BspCOMInit
 .bss.pSecureErrorCallback
                0x34080178        0x4 build/secure_nsc.o
                0x34080178                pSecureErrorCallback
 .bss.pSecureFaultCallback
                0x3408017c        0x4 build/secure_nsc.o
                0x3408017c                pSecureFaultCallback
 .bss.COM_ActiveLogPort
                0x34080180        0x1 build/stm32n6xx_nucleo.o
 *fill*         0x34080181        0x3 
 .bss.hcom_uart
                0x34080184      0x128 build/stm32n6xx_nucleo.o
                0x34080184                hcom_uart
 .bss.__sbrk_heap_end
                0x340802ac        0x4 build/sysmem.o
 .bss.uwTick    0x340802b0        0x4 build/stm32n6xx_hal.o
                0x340802b0                uwTick
 .bss.__sf      0x340802b4      0x138 /usr/lib/gcc/arm-none-eabi/16.1.0/../../../../arm-none-eabi/lib/thumb/v8-m.main+dp/hard/libc_nano.a(libc_a-findfp.o)
                0x340802b4                __sf
 .bss.__stdio_exit_handler
                0x340803ec        0x4 /usr/lib/gcc/arm-none-eabi/16.1.0/../../../../arm-none-eabi/lib/thumb/v8-m.main+dp/hard/libc_nano.a(libc_a-findfp.o)
                0x340803ec                __stdio_exit_handler
 .bss.errno     0x340803f0        0x4 /usr/lib/gcc/arm-none-eabi/16.1.0/../../../../arm-none-eabi/lib/thumb/v8-m.main+dp/hard/libc_nano.a(libc_a-reent.o)
                0x340803f0                errno
 .bss.__lock___malloc_recursive_mutex
                0x340803f4        0x1 /usr/lib/gcc/arm-none-eabi/16.1.0/../../../../arm-none-eabi/lib/thumb/v8-m.main+dp/hard/libc_nano.a(libc_a-lock.o)
                0x340803f4                __lock___malloc_recursive_mutex
 .bss.__lock___sfp_recursive_mutex
                0x340803f5        0x1 /usr/lib/gcc/arm-none-eabi/16.1.0/../../../../arm-none-eabi/lib/thumb/v8-m.main+dp/hard/libc_nano.a(libc_a-lock.o)
                0x340803f5                __lock___sfp_recursive_mutex
 *fill*         0x340803f6        0x2 
 .bss.__malloc_sbrk_start
                0x340803f8        0x4 /usr/lib/gcc/arm-none-eabi/16.1.0/../../../../arm-none-eabi/lib/thumb/v8-m.main+dp/hard/libc_nano.a(libc_a-mallocr.o)
                0x340803f8                __malloc_sbrk_start
 .bss.__malloc_free_list
                0x340803fc        0x4 /usr/lib/gcc/arm-none-eabi/16.1.0/../../../../arm-none-eabi/lib/thumb/v8-m.main+dp/hard/libc_nano.a(libc_a-mallocr.o)
                0x340803fc                __malloc_free_list
 *(COMMON)
                0x34080400                        . = ALIGN (0x4)
                0x34080400                        _ebss = .
                0x34080400                        __bss_end__ = _ebss
                [!provide]                        PROVIDE (__bss_end = .)
                [!provide]                        PROVIDE (__non_tls_bss_start = ADDR (.bss))
                [!provide]                        PROVIDE (__bss_start = __tbss_start)
                [!provide]                        PROVIDE (__bss_size = (__bss_end - __bss_start))

._user_heap_stack
                0x34080400      0xa00 load address 0x34007a70
                0x34080400                        . = ALIGN (0x8)
                [!provide]                        PROVIDE (end = .)
                0x34080400                        PROVIDE (_end = .)
                0x34080600                        . = (. + _Min_Heap_Size)
 *fill*         0x34080400      0x200 
                0x34080e00                        . = (. + _Min_Stack_Size)
 *fill*         0x34080600      0x800 
                0x34080e00                        . = ALIGN (0x8)

/DISCARD/
 libc.a:*(*)
 libm.a:*(*)
 libgcc.a:*(*)

.ARM.attributes
                0x00000000       0x3a
 *(.ARM.attributes)
 .ARM.attributes
                0x00000000       0x24 /usr/lib/gcc/arm-none-eabi/16.1.0/thumb/v8-m.main+dp/hard/crti.o
 .ARM.attributes
                0x00000024       0x36 /usr/lib/gcc/arm-none-eabi/16.1.0/thumb/v8-m.main+dp/hard/crtbegin.o
 .ARM.attributes
                0x0000005a       0x3e build/main.o
 .ARM.attributes
                0x00000098       0x3e build/stm32n6xx_it.o
 .ARM.attributes
                0x000000d6       0x3e build/stm32n6xx_hal_msp.o
 .ARM.attributes
                0x00000114       0x3e build/secure_nsc.o
 .ARM.attributes
                0x00000152       0x3e build/system_stm32n6xx_s.o
 .ARM.attributes
                0x00000190       0x3e build/stm32n6xx_nucleo.o
 .ARM.attributes
                0x000001ce       0x3e build/sysmem.o
 .ARM.attributes
                0x0000020c       0x3e build/syscalls.o
 .ARM.attributes
                0x0000024a       0x3e build/stm32n6xx_hal.o
 .ARM.attributes
                0x00000288       0x3e build/stm32n6xx_hal_rcc.o
 .ARM.attributes
                0x000002c6       0x3e build/stm32n6xx_hal_rcc_ex.o
 .ARM.attributes
                0x00000304       0x3e build/stm32n6xx_hal_gpio.o
 .ARM.attributes
                0x00000342       0x3e build/stm32n6xx_hal_pwr_ex.o
 .ARM.attributes
                0x00000380       0x3e build/stm32n6xx_hal_uart.o
 .ARM.attributes
                0x000003be       0x3e build/stm32n6xx_hal_dcmipp.o
 .ARM.attributes
                0x000003fc       0x3e build/stm32n6xx_hal_rif.o
 .ARM.attributes
                0x0000043a       0x3e build/stm32n6xx_hal_ramcfg.o
 .ARM.attributes
                0x00000478       0x3e build/stm32n6xx_hal_cacheaxi.o
 .ARM.attributes
                0x000004b6       0x3e build/stm32n6xx_hal_uart_ex.o
 .ARM.attributes
                0x000004f4       0x3e build/stm32n6xx_hal_cortex.o
 .ARM.attributes
                0x00000532       0x22 build/startup_stm32n657xx.o
 .ARM.attributes
                0x00000554       0x36 /usr/lib/gcc/arm-none-eabi/16.1.0/../../../../arm-none-eabi/lib/thumb/v8-m.main+dp/hard/libc_nano.a(libc_a-findfp.o)
 .ARM.attributes
                0x0000058a       0x36 /usr/lib/gcc/arm-none-eabi/16.1.0/../../../../arm-none-eabi/lib/thumb/v8-m.main+dp/hard/libc_nano.a(libc_a-fwalk.o)
 .ARM.attributes
                0x000005c0       0x36 /usr/lib/gcc/arm-none-eabi/16.1.0/../../../../arm-none-eabi/lib/thumb/v8-m.main+dp/hard/libc_nano.a(libc_a-printf.o)
 .ARM.attributes
                0x000005f6       0x36 /usr/lib/gcc/arm-none-eabi/16.1.0/../../../../arm-none-eabi/lib/thumb/v8-m.main+dp/hard/libc_nano.a(libc_a-stdio.o)
 .ARM.attributes
                0x0000062c       0x36 /usr/lib/gcc/arm-none-eabi/16.1.0/../../../../arm-none-eabi/lib/thumb/v8-m.main+dp/hard/libc_nano.a(libc_a-memset.o)
 .ARM.attributes
                0x00000662       0x36 /usr/lib/gcc/arm-none-eabi/16.1.0/../../../../arm-none-eabi/lib/thumb/v8-m.main+dp/hard/libc_nano.a(libc_a-closer.o)
 .ARM.attributes
                0x00000698       0x36 /usr/lib/gcc/arm-none-eabi/16.1.0/../../../../arm-none-eabi/lib/thumb/v8-m.main+dp/hard/libc_nano.a(libc_a-reent.o)
 .ARM.attributes
                0x000006ce       0x36 /usr/lib/gcc/arm-none-eabi/16.1.0/../../../../arm-none-eabi/lib/thumb/v8-m.main+dp/hard/libc_nano.a(libc_a-impure.o)
 .ARM.attributes
                0x00000704       0x36 /usr/lib/gcc/arm-none-eabi/16.1.0/../../../../arm-none-eabi/lib/thumb/v8-m.main+dp/hard/libc_nano.a(libc_a-lseekr.o)
 .ARM.attributes
                0x0000073a       0x36 /usr/lib/gcc/arm-none-eabi/16.1.0/../../../../arm-none-eabi/lib/thumb/v8-m.main+dp/hard/libc_nano.a(libc_a-readr.o)
 .ARM.attributes
                0x00000770       0x36 /usr/lib/gcc/arm-none-eabi/16.1.0/../../../../arm-none-eabi/lib/thumb/v8-m.main+dp/hard/libc_nano.a(libc_a-writer.o)
 .ARM.attributes
                0x000007a6       0x36 /usr/lib/gcc/arm-none-eabi/16.1.0/../../../../arm-none-eabi/lib/thumb/v8-m.main+dp/hard/libc_nano.a(libc_a-errno.o)
 .ARM.attributes
                0x000007dc       0x36 /usr/lib/gcc/arm-none-eabi/16.1.0/../../../../arm-none-eabi/lib/thumb/v8-m.main+dp/hard/libc_nano.a(libc_a-init.o)
 .ARM.attributes
                0x00000812       0x36 /usr/lib/gcc/arm-none-eabi/16.1.0/../../../../arm-none-eabi/lib/thumb/v8-m.main+dp/hard/libc_nano.a(libc_a-lock.o)
 .ARM.attributes
                0x00000848       0x36 /usr/lib/gcc/arm-none-eabi/16.1.0/../../../../arm-none-eabi/lib/thumb/v8-m.main+dp/hard/libc_nano.a(libc_a-freer.o)
 .ARM.attributes
                0x0000087e       0x36 /usr/lib/gcc/arm-none-eabi/16.1.0/../../../../arm-none-eabi/lib/thumb/v8-m.main+dp/hard/libc_nano.a(libc_a-mallocr.o)
 .ARM.attributes
                0x000008b4       0x36 /usr/lib/gcc/arm-none-eabi/16.1.0/../../../../arm-none-eabi/lib/thumb/v8-m.main+dp/hard/libc_nano.a(libc_a-mlock.o)
 .ARM.attributes
                0x000008ea       0x36 /usr/lib/gcc/arm-none-eabi/16.1.0/../../../../arm-none-eabi/lib/thumb/v8-m.main+dp/hard/libc_nano.a(libc_a-nano-vfprintf.o)
 .ARM.attributes
                0x00000920       0x36 /usr/lib/gcc/arm-none-eabi/16.1.0/../../../../arm-none-eabi/lib/thumb/v8-m.main+dp/hard/libc_nano.a(libc_a-nano-vfprintf_i.o)
 .ARM.attributes
                0x00000956       0x36 /usr/lib/gcc/arm-none-eabi/16.1.0/../../../../arm-none-eabi/lib/thumb/v8-m.main+dp/hard/libc_nano.a(libc_a-fflush.o)
 .ARM.attributes
                0x0000098c       0x36 /usr/lib/gcc/arm-none-eabi/16.1.0/../../../../arm-none-eabi/lib/thumb/v8-m.main+dp/hard/libc_nano.a(libc_a-wbuf.o)
 .ARM.attributes
                0x000009c2       0x36 /usr/lib/gcc/arm-none-eabi/16.1.0/../../../../arm-none-eabi/lib/thumb/v8-m.main+dp/hard/libc_nano.a(libc_a-wsetup.o)
 .ARM.attributes
                0x000009f8       0x36 /usr/lib/gcc/arm-none-eabi/16.1.0/../../../../arm-none-eabi/lib/thumb/v8-m.main+dp/hard/libc_nano.a(libc_a-sbrkr.o)
 .ARM.attributes
                0x00000a2e       0x36 /usr/lib/gcc/arm-none-eabi/16.1.0/../../../../arm-none-eabi/lib/thumb/v8-m.main+dp/hard/libc_nano.a(libc_a-memchr-stub.o)
 .ARM.attributes
                0x00000a64       0x36 /usr/lib/gcc/arm-none-eabi/16.1.0/../../../../arm-none-eabi/lib/thumb/v8-m.main+dp/hard/libc_nano.a(libc_a-makebuf.o)
 .ARM.attributes
                0x00000a9a       0x36 /usr/lib/gcc/arm-none-eabi/16.1.0/../../../../arm-none-eabi/lib/thumb/v8-m.main+dp/hard/libc_nano.a(libc_a-fstatr.o)
 .ARM.attributes
                0x00000ad0       0x36 /usr/lib/gcc/arm-none-eabi/16.1.0/../../../../arm-none-eabi/lib/thumb/v8-m.main+dp/hard/libc_nano.a(libc_a-isattyr.o)
 .ARM.attributes
                0x00000b06       0x24 /usr/lib/gcc/arm-none-eabi/16.1.0/thumb/v8-m.main+dp/hard/libgcc.a(_aeabi_uldivmod.o)
 .ARM.attributes
                0x00000b2a       0x36 /usr/lib/gcc/arm-none-eabi/16.1.0/thumb/v8-m.main+dp/hard/libgcc.a(_udivmoddi4.o)
 .ARM.attributes
                0x00000b60       0x24 /usr/lib/gcc/arm-none-eabi/16.1.0/thumb/v8-m.main+dp/hard/libgcc.a(_dvmd_tls.o)
 .ARM.attributes
                0x00000b84       0x24 /usr/lib/gcc/arm-none-eabi/16.1.0/thumb/v8-m.main+dp/hard/crtn.o
OUTPUT(build/Appli.elf elf32-littlearm)
LOAD linker stubs

.debug_info     0x00000000    0x3f114
 .debug_info    0x00000000     0x410b build/main.o
 .debug_info    0x0000410b      0x183 build/stm32n6xx_it.o
 .debug_info    0x0000428e     0x403f build/stm32n6xx_hal_msp.o
 .debug_info    0x000082cd      0x157 build/secure_nsc.o
 .debug_info    0x00008424     0x1e62 build/system_stm32n6xx_s.o
 .debug_info    0x0000a286     0x35a6 build/stm32n6xx_nucleo.o
 .debug_info    0x0000d82c      0x18c build/sysmem.o
 .debug_info    0x0000d9b8      0x854 build/syscalls.o
 .debug_info    0x0000e20c     0x30c1 build/stm32n6xx_hal.o
 .debug_info    0x000112cd     0x3755 build/stm32n6xx_hal_rcc.o
 .debug_info    0x00014a22     0x88eb build/stm32n6xx_hal_rcc_ex.o
 .debug_info    0x0001d30d      0xd99 build/stm32n6xx_hal_gpio.o
 .debug_info    0x0001e0a6     0x1104 build/stm32n6xx_hal_pwr_ex.o
 .debug_info    0x0001f1aa     0x5e18 build/stm32n6xx_hal_uart.o
 .debug_info    0x00024fc2     0x68e6 build/stm32n6xx_hal_dcmipp.o
 .debug_info    0x0002b8a8     0x11fb build/stm32n6xx_hal_rif.o
 .debug_info    0x0002caa3      0x6e7 build/stm32n6xx_hal_ramcfg.o
 .debug_info    0x0002d18a      0xdb8 build/stm32n6xx_hal_cacheaxi.o
 .debug_info    0x0002df42     0x1531 build/stm32n6xx_hal_uart_ex.o
 .debug_info    0x0002f473     0x1a66 build/stm32n6xx_hal_cortex.o
 .debug_info    0x00030ed9       0x30 build/startup_stm32n657xx.o
 .debug_info    0x00030f09      0xfb4 /usr/lib/gcc/arm-none-eabi/16.1.0/../../../../arm-none-eabi/lib/thumb/v8-m.main+dp/hard/libc_nano.a(libc_a-findfp.o)
 .debug_info    0x00031ebd      0x7d7 /usr/lib/gcc/arm-none-eabi/16.1.0/../../../../arm-none-eabi/lib/thumb/v8-m.main+dp/hard/libc_nano.a(libc_a-fwalk.o)
 .debug_info    0x00032694      0x846 /usr/lib/gcc/arm-none-eabi/16.1.0/../../../../arm-none-eabi/lib/thumb/v8-m.main+dp/hard/libc_nano.a(libc_a-printf.o)
 .debug_info    0x00032eda      0xa95 /usr/lib/gcc/arm-none-eabi/16.1.0/../../../../arm-none-eabi/lib/thumb/v8-m.main+dp/hard/libc_nano.a(libc_a-stdio.o)
 .debug_info    0x0003396f       0xe5 /usr/lib/gcc/arm-none-eabi/16.1.0/../../../../arm-none-eabi/lib/thumb/v8-m.main+dp/hard/libc_nano.a(libc_a-memset.o)
 .debug_info    0x00033a54      0x762 /usr/lib/gcc/arm-none-eabi/16.1.0/../../../../arm-none-eabi/lib/thumb/v8-m.main+dp/hard/libc_nano.a(libc_a-closer.o)
 .debug_info    0x000341b6      0x8a6 /usr/lib/gcc/arm-none-eabi/16.1.0/../../../../arm-none-eabi/lib/thumb/v8-m.main+dp/hard/libc_nano.a(libc_a-reent.o)
 .debug_info    0x00034a5c      0x71a /usr/lib/gcc/arm-none-eabi/16.1.0/../../../../arm-none-eabi/lib/thumb/v8-m.main+dp/hard/libc_nano.a(libc_a-impure.o)
 .debug_info    0x00035176      0x7ad /usr/lib/gcc/arm-none-eabi/16.1.0/../../../../arm-none-eabi/lib/thumb/v8-m.main+dp/hard/libc_nano.a(libc_a-lseekr.o)
 .debug_info    0x00035923      0x7c4 /usr/lib/gcc/arm-none-eabi/16.1.0/../../../../arm-none-eabi/lib/thumb/v8-m.main+dp/hard/libc_nano.a(libc_a-readr.o)
 .debug_info    0x000360e7      0x7ca /usr/lib/gcc/arm-none-eabi/16.1.0/../../../../arm-none-eabi/lib/thumb/v8-m.main+dp/hard/libc_nano.a(libc_a-writer.o)
 .debug_info    0x000368b1      0x700 /usr/lib/gcc/arm-none-eabi/16.1.0/../../../../arm-none-eabi/lib/thumb/v8-m.main+dp/hard/libc_nano.a(libc_a-errno.o)
 .debug_info    0x00036fb1      0x110 /usr/lib/gcc/arm-none-eabi/16.1.0/../../../../arm-none-eabi/lib/thumb/v8-m.main+dp/hard/libc_nano.a(libc_a-init.o)
 .debug_info    0x000370c1      0x21d /usr/lib/gcc/arm-none-eabi/16.1.0/../../../../arm-none-eabi/lib/thumb/v8-m.main+dp/hard/libc_nano.a(libc_a-lock.o)
 .debug_info    0x000372de      0x845 /usr/lib/gcc/arm-none-eabi/16.1.0/../../../../arm-none-eabi/lib/thumb/v8-m.main+dp/hard/libc_nano.a(libc_a-freer.o)
 .debug_info    0x00037b23      0x9c1 /usr/lib/gcc/arm-none-eabi/16.1.0/../../../../arm-none-eabi/lib/thumb/v8-m.main+dp/hard/libc_nano.a(libc_a-mallocr.o)
 .debug_info    0x000384e4      0x770 /usr/lib/gcc/arm-none-eabi/16.1.0/../../../../arm-none-eabi/lib/thumb/v8-m.main+dp/hard/libc_nano.a(libc_a-mlock.o)
 .debug_info    0x00038c54     0x1099 /usr/lib/gcc/arm-none-eabi/16.1.0/../../../../arm-none-eabi/lib/thumb/v8-m.main+dp/hard/libc_nano.a(libc_a-nano-vfprintf.o)
 .debug_info    0x00039ced      0xdf2 /usr/lib/gcc/arm-none-eabi/16.1.0/../../../../arm-none-eabi/lib/thumb/v8-m.main+dp/hard/libc_nano.a(libc_a-nano-vfprintf_i.o)
 .debug_info    0x0003aadf      0x9f7 /usr/lib/gcc/arm-none-eabi/16.1.0/../../../../arm-none-eabi/lib/thumb/v8-m.main+dp/hard/libc_nano.a(libc_a-fflush.o)
 .debug_info    0x0003b4d6      0x879 /usr/lib/gcc/arm-none-eabi/16.1.0/../../../../arm-none-eabi/lib/thumb/v8-m.main+dp/hard/libc_nano.a(libc_a-wbuf.o)
 .debug_info    0x0003bd4f      0x7c0 /usr/lib/gcc/arm-none-eabi/16.1.0/../../../../arm-none-eabi/lib/thumb/v8-m.main+dp/hard/libc_nano.a(libc_a-wsetup.o)
 .debug_info    0x0003c50f      0x787 /usr/lib/gcc/arm-none-eabi/16.1.0/../../../../arm-none-eabi/lib/thumb/v8-m.main+dp/hard/libc_nano.a(libc_a-sbrkr.o)
 .debug_info    0x0003cc96      0x115 /usr/lib/gcc/arm-none-eabi/16.1.0/../../../../arm-none-eabi/lib/thumb/v8-m.main+dp/hard/libc_nano.a(libc_a-memchr-stub.o)
 .debug_info    0x0003cdab      0xb25 /usr/lib/gcc/arm-none-eabi/16.1.0/../../../../arm-none-eabi/lib/thumb/v8-m.main+dp/hard/libc_nano.a(libc_a-makebuf.o)
 .debug_info    0x0003d8d0      0x986 /usr/lib/gcc/arm-none-eabi/16.1.0/../../../../arm-none-eabi/lib/thumb/v8-m.main+dp/hard/libc_nano.a(libc_a-fstatr.o)
 .debug_info    0x0003e256      0x762 /usr/lib/gcc/arm-none-eabi/16.1.0/../../../../arm-none-eabi/lib/thumb/v8-m.main+dp/hard/libc_nano.a(libc_a-isattyr.o)
 .debug_info    0x0003e9b8       0x24 /usr/lib/gcc/arm-none-eabi/16.1.0/thumb/v8-m.main+dp/hard/libgcc.a(_aeabi_uldivmod.o)
 .debug_info    0x0003e9dc      0x6fc /usr/lib/gcc/arm-none-eabi/16.1.0/thumb/v8-m.main+dp/hard/libgcc.a(_udivmoddi4.o)
 .debug_info    0x0003f0d8       0x3c /usr/lib/gcc/arm-none-eabi/16.1.0/thumb/v8-m.main+dp/hard/libgcc.a(_dvmd_tls.o)

.debug_abbrev   0x00000000     0x6a40
 .debug_abbrev  0x00000000      0x321 build/main.o
 .debug_abbrev  0x00000321       0x80 build/stm32n6xx_it.o
 .debug_abbrev  0x000003a1      0x355 build/stm32n6xx_hal_msp.o
 .debug_abbrev  0x000006f6       0x9f build/secure_nsc.o
 .debug_abbrev  0x00000795      0x169 build/system_stm32n6xx_s.o
 .debug_abbrev  0x000008fe      0x40b build/stm32n6xx_nucleo.o
 .debug_abbrev  0x00000d09       0xeb build/sysmem.o
 .debug_abbrev  0x00000df4      0x1ec build/syscalls.o
 .debug_abbrev  0x00000fe0      0x2d4 build/stm32n6xx_hal.o
 .debug_abbrev  0x000012b4      0x434 build/stm32n6xx_hal_rcc.o
 .debug_abbrev  0x000016e8      0x3d8 build/stm32n6xx_hal_rcc_ex.o
 .debug_abbrev  0x00001ac0      0x2b0 build/stm32n6xx_hal_gpio.o
 .debug_abbrev  0x00001d70      0x2aa build/stm32n6xx_hal_pwr_ex.o
 .debug_abbrev  0x0000201a      0x363 build/stm32n6xx_hal_uart.o
 .debug_abbrev  0x0000237d      0x2d5 build/stm32n6xx_hal_dcmipp.o
 .debug_abbrev  0x00002652      0x2e3 build/stm32n6xx_hal_rif.o
 .debug_abbrev  0x00002935      0x212 build/stm32n6xx_hal_ramcfg.o
 .debug_abbrev  0x00002b47      0x24f build/stm32n6xx_hal_cacheaxi.o
 .debug_abbrev  0x00002d96      0x346 build/stm32n6xx_hal_uart_ex.o
 .debug_abbrev  0x000030dc      0x3f8 build/stm32n6xx_hal_cortex.o
 .debug_abbrev  0x000034d4       0x1d build/startup_stm32n657xx.o
 .debug_abbrev  0x000034f1      0x41a /usr/lib/gcc/arm-none-eabi/16.1.0/../../../../arm-none-eabi/lib/thumb/v8-m.main+dp/hard/libc_nano.a(libc_a-findfp.o)
 .debug_abbrev  0x0000390b      0x1a1 /usr/lib/gcc/arm-none-eabi/16.1.0/../../../../arm-none-eabi/lib/thumb/v8-m.main+dp/hard/libc_nano.a(libc_a-fwalk.o)
 .debug_abbrev  0x00003aac      0x220 /usr/lib/gcc/arm-none-eabi/16.1.0/../../../../arm-none-eabi/lib/thumb/v8-m.main+dp/hard/libc_nano.a(libc_a-printf.o)
 .debug_abbrev  0x00003ccc      0x227 /usr/lib/gcc/arm-none-eabi/16.1.0/../../../../arm-none-eabi/lib/thumb/v8-m.main+dp/hard/libc_nano.a(libc_a-stdio.o)
 .debug_abbrev  0x00003ef3       0xa4 /usr/lib/gcc/arm-none-eabi/16.1.0/../../../../arm-none-eabi/lib/thumb/v8-m.main+dp/hard/libc_nano.a(libc_a-memset.o)
 .debug_abbrev  0x00003f97      0x1b6 /usr/lib/gcc/arm-none-eabi/16.1.0/../../../../arm-none-eabi/lib/thumb/v8-m.main+dp/hard/libc_nano.a(libc_a-closer.o)
 .debug_abbrev  0x0000414d      0x1fd /usr/lib/gcc/arm-none-eabi/16.1.0/../../../../arm-none-eabi/lib/thumb/v8-m.main+dp/hard/libc_nano.a(libc_a-reent.o)
 .debug_abbrev  0x0000434a      0x14f /usr/lib/gcc/arm-none-eabi/16.1.0/../../../../arm-none-eabi/lib/thumb/v8-m.main+dp/hard/libc_nano.a(libc_a-impure.o)
 .debug_abbrev  0x00004499      0x1ca /usr/lib/gcc/arm-none-eabi/16.1.0/../../../../arm-none-eabi/lib/thumb/v8-m.main+dp/hard/libc_nano.a(libc_a-lseekr.o)
 .debug_abbrev  0x00004663      0x1b6 /usr/lib/gcc/arm-none-eabi/16.1.0/../../../../arm-none-eabi/lib/thumb/v8-m.main+dp/hard/libc_nano.a(libc_a-readr.o)
 .debug_abbrev  0x00004819      0x1bb /usr/lib/gcc/arm-none-eabi/16.1.0/../../../../arm-none-eabi/lib/thumb/v8-m.main+dp/hard/libc_nano.a(libc_a-writer.o)
 .debug_abbrev  0x000049d4      0x164 /usr/lib/gcc/arm-none-eabi/16.1.0/../../../../arm-none-eabi/lib/thumb/v8-m.main+dp/hard/libc_nano.a(libc_a-errno.o)
 .debug_abbrev  0x00004b38       0xcf /usr/lib/gcc/arm-none-eabi/16.1.0/../../../../arm-none-eabi/lib/thumb/v8-m.main+dp/hard/libc_nano.a(libc_a-init.o)
 .debug_abbrev  0x00004c07      0x11b /usr/lib/gcc/arm-none-eabi/16.1.0/../../../../arm-none-eabi/lib/thumb/v8-m.main+dp/hard/libc_nano.a(libc_a-lock.o)
 .debug_abbrev  0x00004d22      0x23a /usr/lib/gcc/arm-none-eabi/16.1.0/../../../../arm-none-eabi/lib/thumb/v8-m.main+dp/hard/libc_nano.a(libc_a-freer.o)
 .debug_abbrev  0x00004f5c      0x250 /usr/lib/gcc/arm-none-eabi/16.1.0/../../../../arm-none-eabi/lib/thumb/v8-m.main+dp/hard/libc_nano.a(libc_a-mallocr.o)
 .debug_abbrev  0x000051ac      0x1c5 /usr/lib/gcc/arm-none-eabi/16.1.0/../../../../arm-none-eabi/lib/thumb/v8-m.main+dp/hard/libc_nano.a(libc_a-mlock.o)
 .debug_abbrev  0x00005371      0x31c /usr/lib/gcc/arm-none-eabi/16.1.0/../../../../arm-none-eabi/lib/thumb/v8-m.main+dp/hard/libc_nano.a(libc_a-nano-vfprintf.o)
 .debug_abbrev  0x0000568d      0x28f /usr/lib/gcc/arm-none-eabi/16.1.0/../../../../arm-none-eabi/lib/thumb/v8-m.main+dp/hard/libc_nano.a(libc_a-nano-vfprintf_i.o)
 .debug_abbrev  0x0000591c      0x2b8 /usr/lib/gcc/arm-none-eabi/16.1.0/../../../../arm-none-eabi/lib/thumb/v8-m.main+dp/hard/libc_nano.a(libc_a-fflush.o)
 .debug_abbrev  0x00005bd4      0x233 /usr/lib/gcc/arm-none-eabi/16.1.0/../../../../arm-none-eabi/lib/thumb/v8-m.main+dp/hard/libc_nano.a(libc_a-wbuf.o)
 .debug_abbrev  0x00005e07      0x1e8 /usr/lib/gcc/arm-none-eabi/16.1.0/../../../../arm-none-eabi/lib/thumb/v8-m.main+dp/hard/libc_nano.a(libc_a-wsetup.o)
 .debug_abbrev  0x00005fef      0x1e0 /usr/lib/gcc/arm-none-eabi/16.1.0/../../../../arm-none-eabi/lib/thumb/v8-m.main+dp/hard/libc_nano.a(libc_a-sbrkr.o)
 .debug_abbrev  0x000061cf       0xb7 /usr/lib/gcc/arm-none-eabi/16.1.0/../../../../arm-none-eabi/lib/thumb/v8-m.main+dp/hard/libc_nano.a(libc_a-memchr-stub.o)
 .debug_abbrev  0x00006286      0x291 /usr/lib/gcc/arm-none-eabi/16.1.0/../../../../arm-none-eabi/lib/thumb/v8-m.main+dp/hard/libc_nano.a(libc_a-makebuf.o)
 .debug_abbrev  0x00006517      0x1c9 /usr/lib/gcc/arm-none-eabi/16.1.0/../../../../arm-none-eabi/lib/thumb/v8-m.main+dp/hard/libc_nano.a(libc_a-fstatr.o)
 .debug_abbrev  0x000066e0      0x1b6 /usr/lib/gcc/arm-none-eabi/16.1.0/../../../../arm-none-eabi/lib/thumb/v8-m.main+dp/hard/libc_nano.a(libc_a-isattyr.o)
 .debug_abbrev  0x00006896       0x14 /usr/lib/gcc/arm-none-eabi/16.1.0/thumb/v8-m.main+dp/hard/libgcc.a(_aeabi_uldivmod.o)
 .debug_abbrev  0x000068aa      0x170 /usr/lib/gcc/arm-none-eabi/16.1.0/thumb/v8-m.main+dp/hard/libgcc.a(_udivmoddi4.o)
 .debug_abbrev  0x00006a1a       0x26 /usr/lib/gcc/arm-none-eabi/16.1.0/thumb/v8-m.main+dp/hard/libgcc.a(_dvmd_tls.o)

.debug_loc      0x00000000    0x1b6c5
 .debug_loc     0x00000000      0x1b1 build/main.o
 .debug_loc     0x000001b1       0x20 build/stm32n6xx_it.o
 .debug_loc     0x000001d1      0x391 build/stm32n6xx_hal_msp.o
 .debug_loc     0x00000562       0x9b build/secure_nsc.o
 .debug_loc     0x000005fd      0x601 build/system_stm32n6xx_s.o
 .debug_loc     0x00000bfe      0x94f build/stm32n6xx_nucleo.o
 .debug_loc     0x0000154d       0x90 build/sysmem.o
 .debug_loc     0x000015dd      0x583 build/syscalls.o
 .debug_loc     0x00001b60      0xea2 build/stm32n6xx_hal.o
 .debug_loc     0x00002a02     0x1bf0 build/stm32n6xx_hal_rcc.o
 .debug_loc     0x000045f2     0x6787 build/stm32n6xx_hal_rcc_ex.o
 .debug_loc     0x0000ad79      0x9e5 build/stm32n6xx_hal_gpio.o
 .debug_loc     0x0000b75e      0x48b build/stm32n6xx_hal_pwr_ex.o
 .debug_loc     0x0000bbe9     0x50d0 build/stm32n6xx_hal_uart.o
 .debug_loc     0x00010cb9     0x6fe1 build/stm32n6xx_hal_dcmipp.o
 .debug_loc     0x00017c9a      0xe64 build/stm32n6xx_hal_rif.o
 .debug_loc     0x00018afe      0x4f2 build/stm32n6xx_hal_ramcfg.o
 .debug_loc     0x00018ff0      0xe3a build/stm32n6xx_hal_cacheaxi.o
 .debug_loc     0x00019e2a      0xdd9 build/stm32n6xx_hal_uart_ex.o
 .debug_loc     0x0001ac03      0xac2 build/stm32n6xx_hal_cortex.o

.debug_aranges  0x00000000     0x1de0
 .debug_aranges
                0x00000000       0x58 build/main.o
 .debug_aranges
                0x00000058       0x68 build/stm32n6xx_it.o
 .debug_aranges
                0x000000c0       0x60 build/stm32n6xx_hal_msp.o
 .debug_aranges
                0x00000120       0x20 build/secure_nsc.o
 .debug_aranges
                0x00000140       0x38 build/system_stm32n6xx_s.o
 .debug_aranges
                0x00000178       0xd0 build/stm32n6xx_nucleo.o
 .debug_aranges
                0x00000248       0x20 build/sysmem.o
 .debug_aranges
                0x00000268       0xa8 build/syscalls.o
 .debug_aranges
                0x00000310      0x3d0 build/stm32n6xx_hal.o
 .debug_aranges
                0x000006e0       0xf8 build/stm32n6xx_hal_rcc.o
 .debug_aranges
                0x000007d8      0x1b8 build/stm32n6xx_hal_rcc_ex.o
 .debug_aranges
                0x00000990       0xa8 build/stm32n6xx_hal_gpio.o
 .debug_aranges
                0x00000a38      0x260 build/stm32n6xx_hal_pwr_ex.o
 .debug_aranges
                0x00000c98      0x248 build/stm32n6xx_hal_uart.o
 .debug_aranges
                0x00000ee0      0x558 build/stm32n6xx_hal_dcmipp.o
 .debug_aranges
                0x00001438       0xf0 build/stm32n6xx_hal_rif.o
 .debug_aranges
                0x00001528       0xb8 build/stm32n6xx_hal_ramcfg.o
 .debug_aranges
                0x000015e0      0x118 build/stm32n6xx_hal_cacheaxi.o
 .debug_aranges
                0x000016f8       0xa8 build/stm32n6xx_hal_uart_ex.o
 .debug_aranges
                0x000017a0      0x140 build/stm32n6xx_hal_cortex.o
 .debug_aranges
                0x000018e0       0x28 build/startup_stm32n657xx.o
 .debug_aranges
                0x00001908       0x78 /usr/lib/gcc/arm-none-eabi/16.1.0/../../../../arm-none-eabi/lib/thumb/v8-m.main+dp/hard/libc_nano.a(libc_a-findfp.o)
 .debug_aranges
                0x00001980       0x20 /usr/lib/gcc/arm-none-eabi/16.1.0/../../../../arm-none-eabi/lib/thumb/v8-m.main+dp/hard/libc_nano.a(libc_a-fwalk.o)
 .debug_aranges
                0x000019a0       0x28 /usr/lib/gcc/arm-none-eabi/16.1.0/../../../../arm-none-eabi/lib/thumb/v8-m.main+dp/hard/libc_nano.a(libc_a-printf.o)
 .debug_aranges
                0x000019c8       0x40 /usr/lib/gcc/arm-none-eabi/16.1.0/../../../../arm-none-eabi/lib/thumb/v8-m.main+dp/hard/libc_nano.a(libc_a-stdio.o)
 .debug_aranges
                0x00001a08       0x20 /usr/lib/gcc/arm-none-eabi/16.1.0/../../../../arm-none-eabi/lib/thumb/v8-m.main+dp/hard/libc_nano.a(libc_a-memset.o)
 .debug_aranges
                0x00001a28       0x20 /usr/lib/gcc/arm-none-eabi/16.1.0/../../../../arm-none-eabi/lib/thumb/v8-m.main+dp/hard/libc_nano.a(libc_a-closer.o)
 .debug_aranges
                0x00001a48       0x20 /usr/lib/gcc/arm-none-eabi/16.1.0/../../../../arm-none-eabi/lib/thumb/v8-m.main+dp/hard/libc_nano.a(libc_a-reent.o)
 .debug_aranges
                0x00001a68       0x18 /usr/lib/gcc/arm-none-eabi/16.1.0/../../../../arm-none-eabi/lib/thumb/v8-m.main+dp/hard/libc_nano.a(libc_a-impure.o)
 .debug_aranges
                0x00001a80       0x20 /usr/lib/gcc/arm-none-eabi/16.1.0/../../../../arm-none-eabi/lib/thumb/v8-m.main+dp/hard/libc_nano.a(libc_a-lseekr.o)
 .debug_aranges
                0x00001aa0       0x20 /usr/lib/gcc/arm-none-eabi/16.1.0/../../../../arm-none-eabi/lib/thumb/v8-m.main+dp/hard/libc_nano.a(libc_a-readr.o)
 .debug_aranges
                0x00001ac0       0x20 /usr/lib/gcc/arm-none-eabi/16.1.0/../../../../arm-none-eabi/lib/thumb/v8-m.main+dp/hard/libc_nano.a(libc_a-writer.o)
 .debug_aranges
                0x00001ae0       0x20 /usr/lib/gcc/arm-none-eabi/16.1.0/../../../../arm-none-eabi/lib/thumb/v8-m.main+dp/hard/libc_nano.a(libc_a-errno.o)
 .debug_aranges
                0x00001b00       0x20 /usr/lib/gcc/arm-none-eabi/16.1.0/../../../../arm-none-eabi/lib/thumb/v8-m.main+dp/hard/libc_nano.a(libc_a-init.o)
 .debug_aranges
                0x00001b20       0x68 /usr/lib/gcc/arm-none-eabi/16.1.0/../../../../arm-none-eabi/lib/thumb/v8-m.main+dp/hard/libc_nano.a(libc_a-lock.o)
 .debug_aranges
                0x00001b88       0x20 /usr/lib/gcc/arm-none-eabi/16.1.0/../../../../arm-none-eabi/lib/thumb/v8-m.main+dp/hard/libc_nano.a(libc_a-freer.o)
 .debug_aranges
                0x00001ba8       0x28 /usr/lib/gcc/arm-none-eabi/16.1.0/../../../../arm-none-eabi/lib/thumb/v8-m.main+dp/hard/libc_nano.a(libc_a-mallocr.o)
 .debug_aranges
                0x00001bd0       0x28 /usr/lib/gcc/arm-none-eabi/16.1.0/../../../../arm-none-eabi/lib/thumb/v8-m.main+dp/hard/libc_nano.a(libc_a-mlock.o)
 .debug_aranges
                0x00001bf8       0x40 /usr/lib/gcc/arm-none-eabi/16.1.0/../../../../arm-none-eabi/lib/thumb/v8-m.main+dp/hard/libc_nano.a(libc_a-nano-vfprintf.o)
 .debug_aranges
                0x00001c38       0x28 /usr/lib/gcc/arm-none-eabi/16.1.0/../../../../arm-none-eabi/lib/thumb/v8-m.main+dp/hard/libc_nano.a(libc_a-nano-vfprintf_i.o)
 .debug_aranges
                0x00001c60       0x30 /usr/lib/gcc/arm-none-eabi/16.1.0/../../../../arm-none-eabi/lib/thumb/v8-m.main+dp/hard/libc_nano.a(libc_a-fflush.o)
 .debug_aranges
                0x00001c90       0x28 /usr/lib/gcc/arm-none-eabi/16.1.0/../../../../arm-none-eabi/lib/thumb/v8-m.main+dp/hard/libc_nano.a(libc_a-wbuf.o)
 .debug_aranges
                0x00001cb8       0x20 /usr/lib/gcc/arm-none-eabi/16.1.0/../../../../arm-none-eabi/lib/thumb/v8-m.main+dp/hard/libc_nano.a(libc_a-wsetup.o)
 .debug_aranges
                0x00001cd8       0x20 /usr/lib/gcc/arm-none-eabi/16.1.0/../../../../arm-none-eabi/lib/thumb/v8-m.main+dp/hard/libc_nano.a(libc_a-sbrkr.o)
 .debug_aranges
                0x00001cf8       0x20 /usr/lib/gcc/arm-none-eabi/16.1.0/../../../../arm-none-eabi/lib/thumb/v8-m.main+dp/hard/libc_nano.a(libc_a-memchr-stub.o)
 .debug_aranges
                0x00001d18       0x28 /usr/lib/gcc/arm-none-eabi/16.1.0/../../../../arm-none-eabi/lib/thumb/v8-m.main+dp/hard/libc_nano.a(libc_a-makebuf.o)
 .debug_aranges
                0x00001d40       0x20 /usr/lib/gcc/arm-none-eabi/16.1.0/../../../../arm-none-eabi/lib/thumb/v8-m.main+dp/hard/libc_nano.a(libc_a-fstatr.o)
 .debug_aranges
                0x00001d60       0x20 /usr/lib/gcc/arm-none-eabi/16.1.0/../../../../arm-none-eabi/lib/thumb/v8-m.main+dp/hard/libc_nano.a(libc_a-isattyr.o)
 .debug_aranges
                0x00001d80       0x20 /usr/lib/gcc/arm-none-eabi/16.1.0/thumb/v8-m.main+dp/hard/libgcc.a(_aeabi_uldivmod.o)
 .debug_aranges
                0x00001da0       0x20 /usr/lib/gcc/arm-none-eabi/16.1.0/thumb/v8-m.main+dp/hard/libgcc.a(_udivmoddi4.o)
 .debug_aranges
                0x00001dc0       0x20 /usr/lib/gcc/arm-none-eabi/16.1.0/thumb/v8-m.main+dp/hard/libgcc.a(_dvmd_tls.o)

.debug_ranges   0x00000000     0x1960
 .debug_ranges  0x00000000       0x48 build/main.o
 .debug_ranges  0x00000048       0x58 build/stm32n6xx_it.o
 .debug_ranges  0x000000a0       0x50 build/stm32n6xx_hal_msp.o
 .debug_ranges  0x000000f0       0x10 build/secure_nsc.o
 .debug_ranges  0x00000100       0x28 build/system_stm32n6xx_s.o
 .debug_ranges  0x00000128       0xc0 build/stm32n6xx_nucleo.o
 .debug_ranges  0x000001e8       0x10 build/sysmem.o
 .debug_ranges  0x000001f8       0x98 build/syscalls.o
 .debug_ranges  0x00000290      0x3c0 build/stm32n6xx_hal.o
 .debug_ranges  0x00000650      0x168 build/stm32n6xx_hal_rcc.o
 .debug_ranges  0x000007b8      0x1d8 build/stm32n6xx_hal_rcc_ex.o
 .debug_ranges  0x00000990       0xc8 build/stm32n6xx_hal_gpio.o
 .debug_ranges  0x00000a58      0x2b0 build/stm32n6xx_hal_pwr_ex.o
 .debug_ranges  0x00000d08      0x238 build/stm32n6xx_hal_uart.o
 .debug_ranges  0x00000f40      0x548 build/stm32n6xx_hal_dcmipp.o
 .debug_ranges  0x00001488      0x140 build/stm32n6xx_hal_rif.o
 .debug_ranges  0x000015c8       0xa8 build/stm32n6xx_hal_ramcfg.o
 .debug_ranges  0x00001670      0x108 build/stm32n6xx_hal_cacheaxi.o
 .debug_ranges  0x00001778       0x98 build/stm32n6xx_hal_uart_ex.o
 .debug_ranges  0x00001810      0x130 build/stm32n6xx_hal_cortex.o
 .debug_ranges  0x00001940       0x20 build/startup_stm32n657xx.o

.debug_line     0x00000000    0x1ddf9
 .debug_line    0x00000000      0x699 build/main.o
 .debug_line    0x00000699      0x154 build/stm32n6xx_it.o
 .debug_line    0x000007ed      0x63d build/stm32n6xx_hal_msp.o
 .debug_line    0x00000e2a      0x100 build/secure_nsc.o
 .debug_line    0x00000f2a      0x4a9 build/system_stm32n6xx_s.o
 .debug_line    0x000013d3      0x877 build/stm32n6xx_nucleo.o
 .debug_line    0x00001c4a      0x137 build/sysmem.o
 .debug_line    0x00001d81      0x37b build/syscalls.o
 .debug_line    0x000020fc     0x1277 build/stm32n6xx_hal.o
 .debug_line    0x00003373     0x247d build/stm32n6xx_hal_rcc.o
 .debug_line    0x000057f0     0x6834 build/stm32n6xx_hal_rcc_ex.o
 .debug_line    0x0000c024      0xb29 build/stm32n6xx_hal_gpio.o
 .debug_line    0x0000cb4d      0xdcc build/stm32n6xx_hal_pwr_ex.o
 .debug_line    0x0000d919     0x4657 build/stm32n6xx_hal_uart.o
 .debug_line    0x00011f70     0x4565 build/stm32n6xx_hal_dcmipp.o
 .debug_line    0x000164d5      0xab1 build/stm32n6xx_hal_rif.o
 .debug_line    0x00016f86      0x5f1 build/stm32n6xx_hal_ramcfg.o
 .debug_line    0x00017577      0x905 build/stm32n6xx_hal_cacheaxi.o
 .debug_line    0x00017e7c      0x9f6 build/stm32n6xx_hal_uart_ex.o
 .debug_line    0x00018872      0x9e3 build/stm32n6xx_hal_cortex.o
 .debug_line    0x00019255       0x77 build/startup_stm32n657xx.o
 .debug_line    0x000192cc      0x5a3 /usr/lib/gcc/arm-none-eabi/16.1.0/../../../../arm-none-eabi/lib/thumb/v8-m.main+dp/hard/libc_nano.a(libc_a-findfp.o)
 .debug_line    0x0001986f      0x1da /usr/lib/gcc/arm-none-eabi/16.1.0/../../../../arm-none-eabi/lib/thumb/v8-m.main+dp/hard/libc_nano.a(libc_a-fwalk.o)
 .debug_line    0x00019a49      0x1f6 /usr/lib/gcc/arm-none-eabi/16.1.0/../../../../arm-none-eabi/lib/thumb/v8-m.main+dp/hard/libc_nano.a(libc_a-printf.o)
 .debug_line    0x00019c3f      0x290 /usr/lib/gcc/arm-none-eabi/16.1.0/../../../../arm-none-eabi/lib/thumb/v8-m.main+dp/hard/libc_nano.a(libc_a-stdio.o)
 .debug_line    0x00019ecf      0x12e /usr/lib/gcc/arm-none-eabi/16.1.0/../../../../arm-none-eabi/lib/thumb/v8-m.main+dp/hard/libc_nano.a(libc_a-memset.o)
 .debug_line    0x00019ffd      0x1bc /usr/lib/gcc/arm-none-eabi/16.1.0/../../../../arm-none-eabi/lib/thumb/v8-m.main+dp/hard/libc_nano.a(libc_a-closer.o)
 .debug_line    0x0001a1b9      0x2a2 /usr/lib/gcc/arm-none-eabi/16.1.0/../../../../arm-none-eabi/lib/thumb/v8-m.main+dp/hard/libc_nano.a(libc_a-reent.o)
 .debug_line    0x0001a45b      0x108 /usr/lib/gcc/arm-none-eabi/16.1.0/../../../../arm-none-eabi/lib/thumb/v8-m.main+dp/hard/libc_nano.a(libc_a-impure.o)
 .debug_line    0x0001a563      0x1bc /usr/lib/gcc/arm-none-eabi/16.1.0/../../../../arm-none-eabi/lib/thumb/v8-m.main+dp/hard/libc_nano.a(libc_a-lseekr.o)
 .debug_line    0x0001a71f      0x1bb /usr/lib/gcc/arm-none-eabi/16.1.0/../../../../arm-none-eabi/lib/thumb/v8-m.main+dp/hard/libc_nano.a(libc_a-readr.o)
 .debug_line    0x0001a8da      0x1bc /usr/lib/gcc/arm-none-eabi/16.1.0/../../../../arm-none-eabi/lib/thumb/v8-m.main+dp/hard/libc_nano.a(libc_a-writer.o)
 .debug_line    0x0001aa96      0x12a /usr/lib/gcc/arm-none-eabi/16.1.0/../../../../arm-none-eabi/lib/thumb/v8-m.main+dp/hard/libc_nano.a(libc_a-errno.o)
 .debug_line    0x0001abc0      0x120 /usr/lib/gcc/arm-none-eabi/16.1.0/../../../../arm-none-eabi/lib/thumb/v8-m.main+dp/hard/libc_nano.a(libc_a-init.o)
 .debug_line    0x0001ace0      0x17d /usr/lib/gcc/arm-none-eabi/16.1.0/../../../../arm-none-eabi/lib/thumb/v8-m.main+dp/hard/libc_nano.a(libc_a-lock.o)
 .debug_line    0x0001ae5d      0x2af /usr/lib/gcc/arm-none-eabi/16.1.0/../../../../arm-none-eabi/lib/thumb/v8-m.main+dp/hard/libc_nano.a(libc_a-freer.o)
 .debug_line    0x0001b10c      0x495 /usr/lib/gcc/arm-none-eabi/16.1.0/../../../../arm-none-eabi/lib/thumb/v8-m.main+dp/hard/libc_nano.a(libc_a-mallocr.o)
 .debug_line    0x0001b5a1      0x18a /usr/lib/gcc/arm-none-eabi/16.1.0/../../../../arm-none-eabi/lib/thumb/v8-m.main+dp/hard/libc_nano.a(libc_a-mlock.o)
 .debug_line    0x0001b72b      0x658 /usr/lib/gcc/arm-none-eabi/16.1.0/../../../../arm-none-eabi/lib/thumb/v8-m.main+dp/hard/libc_nano.a(libc_a-nano-vfprintf.o)
 .debug_line    0x0001bd83      0x6c7 /usr/lib/gcc/arm-none-eabi/16.1.0/../../../../arm-none-eabi/lib/thumb/v8-m.main+dp/hard/libc_nano.a(libc_a-nano-vfprintf_i.o)
 .debug_line    0x0001c44a      0x425 /usr/lib/gcc/arm-none-eabi/16.1.0/../../../../arm-none-eabi/lib/thumb/v8-m.main+dp/hard/libc_nano.a(libc_a-fflush.o)
 .debug_line    0x0001c86f      0x262 /usr/lib/gcc/arm-none-eabi/16.1.0/../../../../arm-none-eabi/lib/thumb/v8-m.main+dp/hard/libc_nano.a(libc_a-wbuf.o)
 .debug_line    0x0001cad1      0x286 /usr/lib/gcc/arm-none-eabi/16.1.0/../../../../arm-none-eabi/lib/thumb/v8-m.main+dp/hard/libc_nano.a(libc_a-wsetup.o)
 .debug_line    0x0001cd57      0x1bc /usr/lib/gcc/arm-none-eabi/16.1.0/../../../../arm-none-eabi/lib/thumb/v8-m.main+dp/hard/libc_nano.a(libc_a-sbrkr.o)
 .debug_line    0x0001cf13      0x196 /usr/lib/gcc/arm-none-eabi/16.1.0/../../../../arm-none-eabi/lib/thumb/v8-m.main+dp/hard/libc_nano.a(libc_a-memchr-stub.o)
 .debug_line    0x0001d0a9      0x34d /usr/lib/gcc/arm-none-eabi/16.1.0/../../../../arm-none-eabi/lib/thumb/v8-m.main+dp/hard/libc_nano.a(libc_a-makebuf.o)
 .debug_line    0x0001d3f6      0x248 /usr/lib/gcc/arm-none-eabi/16.1.0/../../../../arm-none-eabi/lib/thumb/v8-m.main+dp/hard/libc_nano.a(libc_a-fstatr.o)
 .debug_line    0x0001d63e      0x1bd /usr/lib/gcc/arm-none-eabi/16.1.0/../../../../arm-none-eabi/lib/thumb/v8-m.main+dp/hard/libc_nano.a(libc_a-isattyr.o)
 .debug_line    0x0001d7fb       0x4e /usr/lib/gcc/arm-none-eabi/16.1.0/thumb/v8-m.main+dp/hard/libgcc.a(_aeabi_uldivmod.o)
 .debug_line    0x0001d849      0x566 /usr/lib/gcc/arm-none-eabi/16.1.0/thumb/v8-m.main+dp/hard/libgcc.a(_udivmoddi4.o)
 .debug_line    0x0001ddaf       0x4a /usr/lib/gcc/arm-none-eabi/16.1.0/thumb/v8-m.main+dp/hard/libgcc.a(_dvmd_tls.o)

.debug_str      0x00000000     0xd2ad
 .debug_str     0x00000000     0xd2ad build/main.o
                               0x2238 (size before relaxing)
 .debug_str     0x0000d2ad        0x0 build/stm32n6xx_it.o
                                0x22e (size before relaxing)
 .debug_str     0x0000d2ad        0x0 build/stm32n6xx_hal_msp.o
                               0x2469 (size before relaxing)
 .debug_str     0x0000d2ad        0x0 build/secure_nsc.o
                                0x235 (size before relaxing)
 .debug_str     0x0000d2ad        0x0 build/system_stm32n6xx_s.o
                                0xf99 (size before relaxing)
 .debug_str     0x0000d2ad        0x0 build/stm32n6xx_nucleo.o
                               0x24a6 (size before relaxing)
 .debug_str     0x0000d2ad        0x0 build/sysmem.o
                                0x1fe (size before relaxing)
 .debug_str     0x0000d2ad        0x0 build/syscalls.o
                                0x3d2 (size before relaxing)
 .debug_str     0x0000d2ad        0x0 build/stm32n6xx_hal.o
                               0x291c (size before relaxing)
 .debug_str     0x0000d2ad        0x0 build/stm32n6xx_hal_rcc.o
                               0x18a5 (size before relaxing)
 .debug_str     0x0000d2ad        0x0 build/stm32n6xx_hal_rcc_ex.o
                               0x2b66 (size before relaxing)
 .debug_str     0x0000d2ad        0x0 build/stm32n6xx_hal_gpio.o
                                0x655 (size before relaxing)
 .debug_str     0x0000d2ad        0x0 build/stm32n6xx_hal_pwr_ex.o
                                0xd48 (size before relaxing)
 .debug_str     0x0000d2ad        0x0 build/stm32n6xx_hal_uart.o
                               0x111f (size before relaxing)
 .debug_str     0x0000d2ad        0x0 build/stm32n6xx_hal_dcmipp.o
                               0x305a (size before relaxing)
 .debug_str     0x0000d2ad        0x0 build/stm32n6xx_hal_rif.o
                                0x886 (size before relaxing)
 .debug_str     0x0000d2ad        0x0 build/stm32n6xx_hal_ramcfg.o
                                0x4fd (size before relaxing)
 .debug_str     0x0000d2ad        0x0 build/stm32n6xx_hal_cacheaxi.o
                                0x747 (size before relaxing)
 .debug_str     0x0000d2ad        0x0 build/stm32n6xx_hal_uart_ex.o
                                0xc26 (size before relaxing)
 .debug_str     0x0000d2ad        0x0 build/stm32n6xx_hal_cortex.o
                               0x140c (size before relaxing)
 .debug_str     0x0000d2ad        0x0 build/startup_stm32n657xx.o
                                 0x57 (size before relaxing)
 .debug_str     0x0000d2ad        0x0 /usr/lib/gcc/arm-none-eabi/16.1.0/../../../../arm-none-eabi/lib/thumb/v8-m.main+dp/hard/libc_nano.a(libc_a-findfp.o)
                                0x76d (size before relaxing)
 .debug_str     0x0000d2ad        0x0 /usr/lib/gcc/arm-none-eabi/16.1.0/../../../../arm-none-eabi/lib/thumb/v8-m.main+dp/hard/libc_nano.a(libc_a-fwalk.o)
                                0x4fa (size before relaxing)
 .debug_str     0x0000d2ad        0x0 /usr/lib/gcc/arm-none-eabi/16.1.0/../../../../arm-none-eabi/lib/thumb/v8-m.main+dp/hard/libc_nano.a(libc_a-printf.o)
                                0x525 (size before relaxing)
 .debug_str     0x0000d2ad        0x0 /usr/lib/gcc/arm-none-eabi/16.1.0/../../../../arm-none-eabi/lib/thumb/v8-m.main+dp/hard/libc_nano.a(libc_a-stdio.o)
                                0x557 (size before relaxing)
 .debug_str     0x0000d2ad        0x0 /usr/lib/gcc/arm-none-eabi/16.1.0/../../../../arm-none-eabi/lib/thumb/v8-m.main+dp/hard/libc_nano.a(libc_a-memset.o)
                                0x1ca (size before relaxing)
 .debug_str     0x0000d2ad        0x0 /usr/lib/gcc/arm-none-eabi/16.1.0/../../../../arm-none-eabi/lib/thumb/v8-m.main+dp/hard/libc_nano.a(libc_a-closer.o)
                                0x4e0 (size before relaxing)
 .debug_str     0x0000d2ad        0x0 /usr/lib/gcc/arm-none-eabi/16.1.0/../../../../arm-none-eabi/lib/thumb/v8-m.main+dp/hard/libc_nano.a(libc_a-reent.o)
                                0x509 (size before relaxing)
 .debug_str     0x0000d2ad        0x0 /usr/lib/gcc/arm-none-eabi/16.1.0/../../../../arm-none-eabi/lib/thumb/v8-m.main+dp/hard/libc_nano.a(libc_a-impure.o)
                                0x4ea (size before relaxing)
 .debug_str     0x0000d2ad        0x0 /usr/lib/gcc/arm-none-eabi/16.1.0/../../../../arm-none-eabi/lib/thumb/v8-m.main+dp/hard/libc_nano.a(libc_a-lseekr.o)
                                0x4ee (size before relaxing)
 .debug_str     0x0000d2ad        0x0 /usr/lib/gcc/arm-none-eabi/16.1.0/../../../../arm-none-eabi/lib/thumb/v8-m.main+dp/hard/libc_nano.a(libc_a-readr.o)
                                0x4ee (size before relaxing)
 .debug_str     0x0000d2ad        0x0 /usr/lib/gcc/arm-none-eabi/16.1.0/../../../../arm-none-eabi/lib/thumb/v8-m.main+dp/hard/libc_nano.a(libc_a-writer.o)
                                0x4f0 (size before relaxing)
 .debug_str     0x0000d2ad        0x0 /usr/lib/gcc/arm-none-eabi/16.1.0/../../../../arm-none-eabi/lib/thumb/v8-m.main+dp/hard/libc_nano.a(libc_a-errno.o)
                                0x4e4 (size before relaxing)