Archive member included to satisfy reference by file (symbol)

/usr/lib/gcc/arm-none-eabi/16.1.0/../../../../arm-none-eabi/lib/thumb/v8-m.main+dp/hard/libc_nano.a(libc_a-atexit.o)
                              /usr/lib/gcc/arm-none-eabi/16.1.0/../../../../arm-none-eabi/lib/thumb/v8-m.main+dp/hard/crt0.o (atexit)
/usr/lib/gcc/arm-none-eabi/16.1.0/../../../../arm-none-eabi/lib/thumb/v8-m.main+dp/hard/libc_nano.a(libc_a-exit.o)
                              /usr/lib/gcc/arm-none-eabi/16.1.0/../../../../arm-none-eabi/lib/thumb/v8-m.main+dp/hard/crt0.o (exit)
/usr/lib/gcc/arm-none-eabi/16.1.0/../../../../arm-none-eabi/lib/thumb/v8-m.main+dp/hard/libc_nano.a(libc_a-findfp.o)
                              /usr/lib/gcc/arm-none-eabi/16.1.0/../../../../arm-none-eabi/lib/thumb/v8-m.main+dp/hard/libc_nano.a(libc_a-exit.o) (__stdio_exit_handler)
/usr/lib/gcc/arm-none-eabi/16.1.0/../../../../arm-none-eabi/lib/thumb/v8-m.main+dp/hard/libc_nano.a(libc_a-fwalk.o)
                              /usr/lib/gcc/arm-none-eabi/16.1.0/../../../../arm-none-eabi/lib/thumb/v8-m.main+dp/hard/libc_nano.a(libc_a-findfp.o) (_fwalk_sglue)
/usr/lib/gcc/arm-none-eabi/16.1.0/../../../../arm-none-eabi/lib/thumb/v8-m.main+dp/hard/libc_nano.a(libc_a-stdio.o)
                              /usr/lib/gcc/arm-none-eabi/16.1.0/../../../../arm-none-eabi/lib/thumb/v8-m.main+dp/hard/libc_nano.a(libc_a-findfp.o) (__sread)
/usr/lib/gcc/arm-none-eabi/16.1.0/../../../../arm-none-eabi/lib/thumb/v8-m.main+dp/hard/libc_nano.a(libc_a-memset.o)
                              /usr/lib/gcc/arm-none-eabi/16.1.0/../../../../arm-none-eabi/lib/thumb/v8-m.main+dp/hard/crt0.o (memset)
/usr/lib/gcc/arm-none-eabi/16.1.0/../../../../arm-none-eabi/lib/thumb/v8-m.main+dp/hard/libc_nano.a(libc_a-closer.o)
                              /usr/lib/gcc/arm-none-eabi/16.1.0/../../../../arm-none-eabi/lib/thumb/v8-m.main+dp/hard/libc_nano.a(libc_a-stdio.o) (_close_r)
/usr/lib/gcc/arm-none-eabi/16.1.0/../../../../arm-none-eabi/lib/thumb/v8-m.main+dp/hard/libc_nano.a(libc_a-reent.o)
                              /usr/lib/gcc/arm-none-eabi/16.1.0/../../../../arm-none-eabi/lib/thumb/v8-m.main+dp/hard/libc_nano.a(libc_a-closer.o) (errno)
/usr/lib/gcc/arm-none-eabi/16.1.0/../../../../arm-none-eabi/lib/thumb/v8-m.main+dp/hard/libc_nano.a(libc_a-impure.o)
                              /usr/lib/gcc/arm-none-eabi/16.1.0/../../../../arm-none-eabi/lib/thumb/v8-m.main+dp/hard/libc_nano.a(libc_a-reent.o) (_impure_ptr)
/usr/lib/gcc/arm-none-eabi/16.1.0/../../../../arm-none-eabi/lib/thumb/v8-m.main+dp/hard/libc_nano.a(libc_a-lseekr.o)
                              /usr/lib/gcc/arm-none-eabi/16.1.0/../../../../arm-none-eabi/lib/thumb/v8-m.main+dp/hard/libc_nano.a(libc_a-stdio.o) (_lseek_r)
/usr/lib/gcc/arm-none-eabi/16.1.0/../../../../arm-none-eabi/lib/thumb/v8-m.main+dp/hard/libc_nano.a(libc_a-readr.o)
                              /usr/lib/gcc/arm-none-eabi/16.1.0/../../../../arm-none-eabi/lib/thumb/v8-m.main+dp/hard/libc_nano.a(libc_a-stdio.o) (_read_r)
/usr/lib/gcc/arm-none-eabi/16.1.0/../../../../arm-none-eabi/lib/thumb/v8-m.main+dp/hard/libc_nano.a(libc_a-writer.o)
                              /usr/lib/gcc/arm-none-eabi/16.1.0/../../../../arm-none-eabi/lib/thumb/v8-m.main+dp/hard/libc_nano.a(libc_a-stdio.o) (_write_r)
/usr/lib/gcc/arm-none-eabi/16.1.0/../../../../arm-none-eabi/lib/thumb/v8-m.main+dp/hard/libc_nano.a(libc_a-errno.o)
                              build/sysmem.o (__errno)
/usr/lib/gcc/arm-none-eabi/16.1.0/../../../../arm-none-eabi/lib/thumb/v8-m.main+dp/hard/libc_nano.a(libc_a-init.o)
                              /usr/lib/gcc/arm-none-eabi/16.1.0/../../../../arm-none-eabi/lib/thumb/v8-m.main+dp/hard/crt0.o (__libc_init_array)
/usr/lib/gcc/arm-none-eabi/16.1.0/../../../../arm-none-eabi/lib/thumb/v8-m.main+dp/hard/libc_nano.a(libc_a-fini.o)
                              /usr/lib/gcc/arm-none-eabi/16.1.0/../../../../arm-none-eabi/lib/thumb/v8-m.main+dp/hard/crt0.o (__libc_fini_array)
/usr/lib/gcc/arm-none-eabi/16.1.0/../../../../arm-none-eabi/lib/thumb/v8-m.main+dp/hard/libc_nano.a(libc_a-lock.o)
                              /usr/lib/gcc/arm-none-eabi/16.1.0/../../../../arm-none-eabi/lib/thumb/v8-m.main+dp/hard/libc_nano.a(libc_a-findfp.o) (__retarget_lock_init_recursive)
/usr/lib/gcc/arm-none-eabi/16.1.0/../../../../arm-none-eabi/lib/thumb/v8-m.main+dp/hard/libc_nano.a(libc_a-memcpy-stub.o)
                              build/stm32n6xx_hal_dcmipp.o (memcpy)
/usr/lib/gcc/arm-none-eabi/16.1.0/../../../../arm-none-eabi/lib/thumb/v8-m.main+dp/hard/libc_nano.a(libc_a-__atexit.o)
                              /usr/lib/gcc/arm-none-eabi/16.1.0/../../../../arm-none-eabi/lib/thumb/v8-m.main+dp/hard/libc_nano.a(libc_a-atexit.o) (__register_exitproc)
/usr/lib/gcc/arm-none-eabi/16.1.0/../../../../arm-none-eabi/lib/thumb/v8-m.main+dp/hard/libc_nano.a(libc_a-__call_atexit.o)
[...]
Memory Configuration

Name             Origin             Length             Attributes
ROM              0x34000400         0x0007fc00         xrw
RAM              0x34080000         0x00180000         xrw
*default*        0x00000000         0xffffffff

Linker script and memory map

LOAD /usr/lib/gcc/arm-none-eabi/16.1.0/thumb/v8-m.main+dp/hard/crti.o
LOAD /usr/lib/gcc/arm-none-eabi/16.1.0/thumb/v8-m.main+dp/hard/crtbegin.o
LOAD /usr/lib/gcc/arm-none-eabi/16.1.0/../../../../arm-none-eabi/lib/thumb/v8-m.main+dp/hard/crt0.o
LOAD build/main.o
LOAD build/stm32n6xx_it.o
LOAD build/stm32n6xx_hal_msp.o
LOAD build/secure_nsc.o
LOAD build/system_stm32n6xx_s.o
LOAD build/stm32n6xx_nucleo.o
LOAD build/sysmem.o
LOAD build/syscalls.o
LOAD build/stm32n6xx_hal.o
LOAD build/stm32n6xx_hal_rcc.o
LOAD build/stm32n6xx_hal_rcc_ex.o
LOAD build/stm32n6xx_hal_gpio.o
LOAD build/stm32n6xx_hal_pwr.o
LOAD build/stm32n6xx_hal_pwr_ex.o
LOAD build/stm32n6xx_hal_uart.o
LOAD build/stm32n6xx_hal_dcmipp.o
LOAD build/stm32n6xx_hal_rif.o
LOAD build/stm32n6xx_hal_cortex.o
LOAD build/startup_stm32n657xx.o
LOAD /usr/lib/gcc/arm-none-eabi/16.1.0/../../../../arm-none-eabi/lib/thumb/v8-m.main+dp/hard/libc_nano.a
LOAD /usr/lib/gcc/arm-none-eabi/16.1.0/../../../../arm-none-eabi/lib/thumb/v8-m.main+dp/hard/libm.a
LOAD /usr/lib/gcc/arm-none-eabi/16.1.0/../../../../arm-none-eabi/lib/thumb/v8-m.main+dp/hard/libnosys.a
START GROUP
LOAD /usr/lib/gcc/arm-none-eabi/16.1.0/thumb/v8-m.main+dp/hard/libgcc.a
LOAD /usr/lib/gcc/arm-none-eabi/16.1.0/../../../../arm-none-eabi/lib/thumb/v8-m.main+dp/hard/libc_nano.a
END GROUP
START GROUP
LOAD /usr/lib/gcc/arm-none-eabi/16.1.0/thumb/v8-m.main+dp/hard/libgcc.a
LOAD /usr/lib/gcc/arm-none-eabi/16.1.0/../../../../arm-none-eabi/lib/thumb/v8-m.main+dp/hard/libc_nano.a
END GROUP
LOAD /usr/lib/gcc/arm-none-eabi/16.1.0/thumb/v8-m.main+dp/hard/crtend.o
LOAD /usr/lib/gcc/arm-none-eabi/16.1.0/thumb/v8-m.main+dp/hard/crtn.o
                0x34200000                        _estack = (ORIGIN (RAM) + LENGTH (RAM))
                0x341ff800                        _sstack = (_estack - _Min_Stack_Size)
                0x00000200                        _Min_Heap_Size = 0x200
                0x00000800                        _Min_Stack_Size = 0x800

.isr_vector     0x34000400      0x34c
                0x34000400                        . = ALIGN (0x4)
 *(.isr_vector)
 .isr_vector    0x34000400      0x34c build/startup_stm32n657xx.o
                0x34000400                g_pfnVectors
                0x3400074c                        . = ALIGN (0x4)

.text           0x3400074c     0x26fc
                0x3400074c                        . = ALIGN (0x4)
 *(.text)
 *(.text*)
 .text.__do_global_dtors_aux
                0x3400074c       0x24 /usr/lib/gcc/arm-none-eabi/16.1.0/thumb/v8-m.main+dp/hard/crtbegin.o
 .text.frame_dummy
                0x34000770       0x1c /usr/lib/gcc/arm-none-eabi/16.1.0/thumb/v8-m.main+dp/hard/crtbegin.o
 .text.MX_VENC_Init
                0x3400078c       0x1c build/main.o
 .text.SystemIsolation_Config
                0x340007a8       0x40 build/main.o
 .text.Error_Handler
                0x340007e8        0x4 build/main.o
                0x340007e8                Error_Handler
 .text.MX_DCMIPP_Init
                0x340007ec       0xb4 build/main.o
 .text.main     0x340008a0       0x14 build/main.o
                0x340008a0                main
 .text.NMI_Handler
                0x340008b4        0x2 build/stm32n6xx_it.o
                0x340008b4                NMI_Handler
 .text.HardFault_Handler
                0x340008b6        0x2 build/stm32n6xx_it.o
                0x340008b6                HardFault_Handler
 .text.MemManage_Handler
                0x340008b8        0x2 build/stm32n6xx_it.o
                0x340008b8                MemManage_Handler
 .text.BusFault_Handler
                0x340008ba        0x2 build/stm32n6xx_it.o
                0x340008ba                BusFault_Handler
 .text.UsageFault_Handler
                0x340008bc        0x2 build/stm32n6xx_it.o
                0x340008bc                UsageFault_Handler
 .text.SecureFault_Handler
                0x340008be        0x2 build/stm32n6xx_it.o
                0x340008be                SecureFault_Handler
 .text.SVC_Handler
                0x340008c0        0x2 build/stm32n6xx_it.o
                0x340008c0                SVC_Handler
 .text.DebugMon_Handler
                0x340008c2        0x2 build/stm32n6xx_it.o
                0x340008c2                DebugMon_Handler
 .text.PendSV_Handler
                0x340008c4        0x2 build/stm32n6xx_it.o
                0x340008c4                PendSV_Handler
 .text.SysTick_Handler
                0x340008c6        0x8 build/stm32n6xx_it.o
                0x340008c6                SysTick_Handler
 .text.HAL_MspInit
                0x340008ce        0x2 build/stm32n6xx_hal_msp.o
                0x340008ce                HAL_MspInit
 .text.HAL_DCMIPP_MspInit
                0x340008d0       0x7c build/stm32n6xx_hal_msp.o
                0x340008d0                HAL_DCMIPP_MspInit
 .text.SECURE_RegisterCallback
                0x3400094c       0x30 build/secure_nsc.o
                0x3400094c                __acle_se_SECURE_RegisterCallback
 .text.TZ_SAU_Setup
                0x3400097c       0x48 build/system_stm32n6xx_s.o
 .text.SystemInit
                0x340009c4       0x5c build/system_stm32n6xx_s.o
                0x340009c4                SystemInit
 .text.SystemCoreClockUpdate
                0x34000a20      0x240 build/system_stm32n6xx_s.o
                0x34000a20                SystemCoreClockUpdate
 .text.SECURE_SystemCoreClockUpdate
                0x34000c60       0x24 build/system_stm32n6xx_s.o
                0x34000c60                __acle_se_SECURE_SystemCoreClockUpdate
 .text.HAL_InitTick
                0x34000c84       0x4c build/stm32n6xx_hal.o
                0x34000c84                HAL_InitTick
 .text.HAL_Init
                0x34000cd0       0x24 build/stm32n6xx_hal.o
                0x34000cd0                HAL_Init
 .text.HAL_IncTick
                0x34000cf4       0x18 build/stm32n6xx_hal.o
                0x34000cf4                HAL_IncTick
 .text.HAL_GetTick
                0x34000d0c        0xc build/stm32n6xx_hal.o
                0x34000d0c                HAL_GetTick
 .text.HAL_Delay
                0x34000d18       0x28 build/stm32n6xx_hal.o
                0x34000d18                HAL_Delay
 .text.LL_RCC_SetClockSource
                0x34000d40       0x30 build/stm32n6xx_hal_rcc_ex.o
 .text.HAL_RCCEx_PeriphCLKConfig
                0x34000d70     0x1abc build/stm32n6xx_hal_rcc_ex.o
                0x34000d70                HAL_RCCEx_PeriphCLKConfig
 .text.Pipe_Config
                0x3400282c       0xc2 build/stm32n6xx_hal_dcmipp.o
 .text.DCMIPP_CSI_WritePHYReg
                0x340028ee       0x74 build/stm32n6xx_hal_dcmipp.o
 .text.HAL_DCMIPP_Init
                0x34002962       0x32 build/stm32n6xx_hal_dcmipp.o
                0x34002962                HAL_DCMIPP_Init
 .text.HAL_DCMIPP_CSI_SetConfig
                0x34002994      0x15c build/stm32n6xx_hal_dcmipp.o
                0x34002994                HAL_DCMIPP_CSI_SetConfig
 .text.HAL_DCMIPP_CSI_PIPE_SetConfig
                0x34002af0       0xd0 build/stm32n6xx_hal_dcmipp.o
                0x34002af0                HAL_DCMIPP_CSI_PIPE_SetConfig
 .text.HAL_DCMIPP_CSI_SetVCConfig
                0x34002bc0       0x48 build/stm32n6xx_hal_dcmipp.o
                0x34002bc0                HAL_DCMIPP_CSI_SetVCConfig
 .text.HAL_DCMIPP_PIPE_SetConfig
                0x34002c08       0x42 build/stm32n6xx_hal_dcmipp.o
                0x34002c08                HAL_DCMIPP_PIPE_SetConfig
 *fill*         0x34002c4a        0x2 
 .text.HAL_RIF_RIMC_ConfigMasterAttributes
                0x34002c4c       0x38 build/stm32n6xx_hal_rif.o
                0x34002c4c                HAL_RIF_RIMC_ConfigMasterAttributes
 .text.__NVIC_SetPriority
                0x34002c84       0x24 build/stm32n6xx_hal_cortex.o
 .text.NVIC_EncodePriority
                0x34002ca8       0x46 build/stm32n6xx_hal_cortex.o
 *fill*         0x34002cee        0x2 
 .text.HAL_NVIC_SetPriorityGrouping
                0x34002cf0       0x24 build/stm32n6xx_hal_cortex.o
                0x34002cf0                HAL_NVIC_SetPriorityGrouping
 .text.HAL_NVIC_SetPriority
                0x34002d14       0x20 build/stm32n6xx_hal_cortex.o
                0x34002d14                HAL_NVIC_SetPriority
 .text.HAL_SYSTICK_Config
                0x34002d34       0x28 build/stm32n6xx_hal_cortex.o
                0x34002d34                HAL_SYSTICK_Config
 .text.Reset_Handler
                0x34002d5c       0x5c build/startup_stm32n657xx.o
                0x34002d5c                Reset_Handler
 .text.Default_Handler
                0x34002db8        0x2 build/startup_stm32n657xx.o
                0x34002db8                HPDMA1_Channel13_IRQHandler
                0x34002db8                EXTI2_IRQHandler
                0x34002db8                MCE2_IRQHandler
                0x34002db8                TIM8_CC_IRQHandler
                0x34002db8                USB2_OTG_HS_IRQHandler
                0x34002db8                SAI1_A_IRQHandler
                0x34002db8                EXTI5_IRQHandler
                0x34002db8                I3C1_ER_IRQHandler
                0x34002db8                UART8_IRQHandler
                0x34002db8                CTI_INT0_IRQHandler
                0x34002db8                SPI4_IRQHandler
                0x34002db8                LTDC_LO_IRQHandler
                0x34002db8                NPU2_IRQHandler
                0x34002db8                FDCAN3_IT0_IRQHandler
                0x34002db8                EXTI13_IRQHandler
                0x34002db8                TIM1_CC_IRQHandler
                0x34002db8                XSPI1_IRQHandler
                0x34002db8                TIM10_IRQHandler
                0x34002db8                JPEG_IRQHandler
                0x34002db8                TAMP_IRQHandler
                0x34002db8                CACHE_ECC_IRQHandler
                0x34002db8                TIM6_IRQHandler
                0x34002db8                CSI_IRQHandler
                0x34002db8                EXTI12_IRQHandler
                0x34002db8                GFXTIM_IRQHandler
                0x34002db8                EXTI3_IRQHandler
                0x34002db8                LPTIM4_IRQHandler
                0x34002db8                GPDMA1_Channel5_IRQHandler
                0x34002db8                EXTI8_IRQHandler
                0x34002db8                LPTIM2_IRQHandler
                0x34002db8                GFXMMU_IRQHandler
                0x34002db8                LTDC_LO_ERR_IRQHandler
                0x34002db8                I2C3_ER_IRQHandler
                0x34002db8                RIFSC_TAMPER_IRQHandler
                0x34002db8                USART10_IRQHandler
                0x34002db8                MDF1_FLT2_IRQHandler
                0x34002db8                LPTIM3_IRQHandler
                0x34002db8                SAI2_A_IRQHandler
                0x34002db8                EXTI0_IRQHandler
                0x34002db8                HPDMA1_Channel9_IRQHandler
                0x34002db8                I2C2_EV_IRQHandler
                0x34002db8                GPU2D_IRQHandler
                0x34002db8                FPU_IRQHandler
                0x34002db8                GPDMA1_Channel3_IRQHandler
                0x34002db8                GPDMA1_Channel7_IRQHandler
                0x34002db8                MDF1_FLT4_IRQHandler
                0x34002db8                FDCAN1_IT1_IRQHandler
                0x34002db8                HPDMA1_Channel3_IRQHandler
                0x34002db8                ADC1_2_IRQHandler
                0x34002db8                GPDMA1_Channel9_IRQHandler
                0x34002db8                SPI1_IRQHandler
                0x34002db8                CACHEAXI_IRQHandler
                0x34002db8                SAI1_B_IRQHandler
                0x34002db8                GPDMA1_Channel2_IRQHandler
                0x34002db8                PAHB_ERR_IRQHandler
                0x34002db8                TIM8_UP_IRQHandler
                0x34002db8                RCC_S_IRQHandler
                0x34002db8                MDF1_FLT1_IRQHandler
                0x34002db8                LTDC_UP_IRQHandler
                0x34002db8                LOCKUP_IRQHandler
                0x34002db8                PKA_IRQHandler
                0x34002db8                USART6_IRQHandler
                0x34002db8                HPDMA1_Channel2_IRQHandler
                0x34002db8                MDF1_FLT5_IRQHandler
                0x34002db8                MCE4_IRQHandler
                0x34002db8                I3C2_ER_IRQHandler
                0x34002db8                EXTI15_IRQHandler
                0x34002db8                TIM17_IRQHandler
                0x34002db8                USART3_IRQHandler
                0x34002db8                HPDMA1_Channel6_IRQHandler
                0x34002db8                CRYP_IRQHandler
                0x34002db8                RTC_IRQHandler
                0x34002db8                XSPI2_IRQHandler
                0x34002db8                EXTI9_IRQHandler
                0x34002db8                IAC_IRQHandler
                0x34002db8                HPDMA1_Channel0_IRQHandler
                0x34002db8                LPTIM5_IRQHandler
                0x34002db8                HPDMA1_Channel1_IRQHandler
                0x34002db8                UART5_IRQHandler
                0x34002db8                TIM4_IRQHandler
                0x34002db8                NPU3_IRQHandler
                0x34002db8                I3C2_EV_IRQHandler
                0x34002db8                I2C1_EV_IRQHandler
                0x34002db8                FDCAN_CU_IRQHandler
                0x34002db8                GPDMA1_Channel12_IRQHandler
                0x34002db8                HPDMA1_Channel7_IRQHandler
                0x34002db8                GPDMA1_Channel1_IRQHandler
                0x34002db8                TIM16_IRQHandler
                0x34002db8                GPDMA1_Channel15_IRQHandler
                0x34002db8                UART4_IRQHandler
                0x34002db8                TCM_ECC_IRQHandler
                0x34002db8                TIM3_IRQHandler
                0x34002db8                RCC_IRQHandler
                0x34002db8                UART9_IRQHandler
                0x34002db8                NPU1_IRQHandler
                0x34002db8                SAI2_B_IRQHandler
                0x34002db8                Default_Handler
                0x34002db8                GPDMA1_Channel8_IRQHandler
                0x34002db8                HPDMA1_Channel8_IRQHandler
                0x34002db8                TIM18_IRQHandler
                0x34002db8                TIM14_IRQHandler
                0x34002db8                TIM13_IRQHandler
                0x34002db8                CTI_INT1_IRQHandler
                0x34002db8                GPDMA1_Channel11_IRQHandler
                0x34002db8                GPU2D_ER_IRQHandler
                0x34002db8                SPI5_IRQHandler
                0x34002db8                TIM12_IRQHandler
                0x34002db8                TIM7_IRQHandler
                0x34002db8                FDCAN3_IT1_IRQHandler
                0x34002db8                HPDMA1_Channel10_IRQHandler
                0x34002db8                SDMMC1_IRQHandler
                0x34002db8                SAES_IRQHandler
                0x34002db8                TIM5_IRQHandler
                0x34002db8                UCPD1_IRQHandler
                0x34002db8                GPDMA1_Channel0_IRQHandler
                0x34002db8                I3C1_EV_IRQHandler
                0x34002db8                HPDMA1_Channel5_IRQHandler
                0x34002db8                TIM15_IRQHandler
                0x34002db8                I2C3_EV_IRQHandler
                0x34002db8                HPDMA1_Channel4_IRQHandler
                0x34002db8                HPDMA1_Channel15_IRQHandler
                0x34002db8                TIM9_IRQHandler
                0x34002db8                ETH1_IRQHandler
                0x34002db8                USB1_OTG_HS_IRQHandler
                0x34002db8                PVD_PVM_IRQHandler
                0x34002db8                SPI2_IRQHandler
                0x34002db8                TIM1_TRG_CCU_IRQHandler
                0x34002db8                HPDMA1_Channel11_IRQHandler
                0x34002db8                EXTI14_IRQHandler
                0x34002db8                EXTI11_IRQHandler
                0x34002db8                VENC_IRQHandler
                0x34002db8                GPDMA1_Channel14_IRQHandler
                0x34002db8                EXTI4_IRQHandler
                0x34002db8                RTC_S_IRQHandler
                0x34002db8                GPDMA1_Channel13_IRQHandler
                0x34002db8                RNG_IRQHandler
                0x34002db8                XSPI3_IRQHandler
                0x34002db8                FDCAN2_IT1_IRQHandler
                0x34002db8                TIM1_UP_IRQHandler
                0x34002db8                NPU0_IRQHandler
                0x34002db8                BCK_ECC_IRQHandler
                0x34002db8                WWDG_IRQHandler
                0x34002db8                SPI6_IRQHandler
                0x34002db8                MDIOS_IRQHandler
                0x34002db8                I2C4_EV_IRQHandler
                0x34002db8                FDCAN2_IT0_IRQHandler
                0x34002db8                IWDG_IRQHandler
                0x34002db8                HPDMA1_Channel14_IRQHandler
                0x34002db8                LPUART1_IRQHandler
                0x34002db8                FDCAN1_IT0_IRQHandler
                0x34002db8                MDF1_FLT0_IRQHandler
                0x34002db8                TIM2_IRQHandler
                0x34002db8                MCE3_IRQHandler
                0x34002db8                GPDMA1_Channel4_IRQHandler
                0x34002db8                EXTI7_IRQHandler
                0x34002db8                DMA2D_IRQHandler
                0x34002db8                TIM1_BRK_IRQHandler
                0x34002db8                EXTI1_IRQHandler
                0x34002db8                SDMMC2_IRQHandler
                0x34002db8                TIM11_IRQHandler
                0x34002db8                LTDC_UP_ERR_IRQHandler
                0x34002db8                UART7_IRQHandler
                0x34002db8                DTS_IRQHandler
                0x34002db8                MDF1_FLT3_IRQHandler
                0x34002db8                USART2_IRQHandler
                0x34002db8                GPDMA1_Channel6_IRQHandler
                0x34002db8                ADF1_FLT0_IRQHandler
                0x34002db8                I2C2_ER_IRQHandler
                0x34002db8                MCE1_IRQHandler
                0x34002db8                SPDIFRX_IRQHandler
                0x34002db8                TIM8_BRK_IRQHandler
                0x34002db8                HPDMA1_Channel12_IRQHandler
                0x34002db8                USART1_IRQHandler
                0x34002db8                EXTI10_IRQHandler
                0x34002db8                SPI3_IRQHandler
                0x34002db8                WAKEUP_PIN_IRQHandler
                0x34002db8                DCMIPP_IRQHandler
                0x34002db8                I2C1_ER_IRQHandler
                0x34002db8                FMC_IRQHandler
                0x34002db8                EXTI6_IRQHandler
                0x34002db8                LPTIM1_IRQHandler
                0x34002db8                DCMI_PSSI_IRQHandler
                0x34002db8                TIM8_TRG_CCU_IRQHandler
                0x34002db8                I2C4_ER_IRQHandler
                0x34002db8                GPDMA1_Channel10_IRQHandler
                0x34002db8                ICACHE_IRQHandler
                0x34002db8                HASH_IRQHandler
 .text.memset   0x34002dba       0x10 /usr/lib/gcc/arm-none-eabi/16.1.0/../../../../arm-none-eabi/lib/thumb/v8-m.main+dp/hard/libc_nano.a(libc_a-memset.o)
                0x34002dba                memset
 *fill*         0x34002dca        0x2 
 .text.__libc_init_array
                0x34002dcc       0x48 /usr/lib/gcc/arm-none-eabi/16.1.0/../../../../arm-none-eabi/lib/thumb/v8-m.main+dp/hard/libc_nano.a(libc_a-init.o)
                0x34002dcc                __libc_init_array
 .text.memcpy   0x34002e14       0x1a /usr/lib/gcc/arm-none-eabi/16.1.0/../../../../arm-none-eabi/lib/thumb/v8-m.main+dp/hard/libc_nano.a(libc_a-memcpy-stub.o)
                0x34002e14                memcpy
 *(.glue_7)
 .glue_7        0x34002e2e        0x0 linker stubs
 *(.glue_7t)
 .glue_7t       0x34002e2e        0x0 linker stubs
 *(.eh_frame)
 *fill*         0x34002e2e        0x2 
 .eh_frame      0x34002e30        0x0 /usr/lib/gcc/arm-none-eabi/16.1.0/thumb/v8-m.main+dp/hard/crtbegin.o
 *(.RamFunc)
 *(.RamFunc*)
 *(.init)
 .init          0x34002e30        0x4 /usr/lib/gcc/arm-none-eabi/16.1.0/thumb/v8-m.main+dp/hard/crti.o
                0x34002e30                _init
 .init          0x34002e34        0x8 /usr/lib/gcc/arm-none-eabi/16.1.0/thumb/v8-m.main+dp/hard/crtn.o
 *(.fini)
 .fini          0x34002e3c        0x4 /usr/lib/gcc/arm-none-eabi/16.1.0/thumb/v8-m.main+dp/hard/crti.o
                0x34002e3c                _fini
 .fini          0x34002e40        0x8 /usr/lib/gcc/arm-none-eabi/16.1.0/thumb/v8-m.main+dp/hard/crtn.o
                0x34002e48                        . = ALIGN (0x4)
                0x34002e48                        _etext = .

.vfp11_veneer   0x34002e48        0x0
 .vfp11_veneer  0x34002e48        0x0 linker stubs

.v4_bx          0x34002e48        0x0
 .v4_bx         0x34002e48        0x0 linker stubs

.iplt           0x34002e48        0x0
 .iplt          0x34002e48        0x0 /usr/lib/gcc/arm-none-eabi/16.1.0/thumb/v8-m.main+dp/hard/crtbegin.o

.rodata         0x34002e48      0x1f8
                0x34002e48                        . = ALIGN (0x4)
 *(.rodata)
 .rodata        0x34002e48      0x1f8 build/stm32n6xx_hal_dcmipp.o
 *(.rodata*)
                0x34003040                        . = ALIGN (0x4)

.rel.dyn        0x34003040        0x0
 .rel.iplt      0x34003040        0x0 /usr/lib/gcc/arm-none-eabi/16.1.0/thumb/v8-m.main+dp/hard/crtbegin.o

.ARM.extab      0x34003040        0x0
                0x34003040                        . = ALIGN (0x4)
 *(.ARM.extab* .gnu.linkonce.armextab.*)
                0x34003040                        . = ALIGN (0x4)

.ARM            0x34003040        0x0
                0x34003040                        . = ALIGN (0x4)
                0x34003040                        __exidx_start = .
 *(.ARM.exidx*)
                0x34003040                        __exidx_end = .
                0x34003040                        . = ALIGN (0x4)

.preinit_array  0x34003040        0x0
                0x34003040                        . = ALIGN (0x4)
                0x34003040                        PROVIDE (__preinit_array_start = .)
 *(.preinit_array*)
                0x34003040                        PROVIDE (__preinit_array_end = .)
                0x34003040                        . = ALIGN (0x4)

.init_array     0x34003040        0x4
                0x34003040                        . = ALIGN (0x4)
                0x34003040                        PROVIDE (__init_array_start = .)
 *(SORT_BY_NAME(.init_array.*))
 *(.init_array*)
 .init_array    0x34003040        0x4 /usr/lib/gcc/arm-none-eabi/16.1.0/thumb/v8-m.main+dp/hard/crtbegin.o
                0x34003044                        PROVIDE (__init_array_end = .)
                0x34003044                        . = ALIGN (0x4)

.fini_array     0x34003044        0x4
                0x34003044                        . = ALIGN (0x4)
                0x34003044                        PROVIDE (__fini_array_start = .)
 *(SORT_BY_NAME(.fini_array.*))
 *(.fini_array*)
 .fini_array    0x34003044        0x4 /usr/lib/gcc/arm-none-eabi/16.1.0/thumb/v8-m.main+dp/hard/crtbegin.o
                0x34003048                        PROVIDE (__fini_array_end = .)
                0x34003048                        . = ALIGN (0x4)

.gnu.sgstubs    0x34003060       0x20
                0x34003060                        _sNSCVeneer = .
 *(.gnu.sgstubs*)
                0x34003060                        . = ALIGN (0x20)
 FILL mask 0x00
 .gnu.sgstubs.__stub
                0x34003060       0x10 linker stubs
                0x34003060                SECURE_SystemCoreClockUpdate
                0x34003068                SECURE_RegisterCallback
                0x34003080                        _eNSCVeneer = .
                0x34003080                        _sidata = LOADADDR (.data)

.data           0x34080000        0xc load address 0x34003080
                0x34080000                        . = ALIGN (0x4)
                0x34080000                        _sdata = .
 *(.data)
 *(.data*)
 .data.SystemCoreClock
                0x34080000        0x4 build/system_stm32n6xx_s.o
                0x34080000                SystemCoreClock
 .data.uwTickFreq
                0x34080004        0x1 build/stm32n6xx_hal.o
                0x34080004                uwTickFreq
 *fill*         0x34080005        0x3 
 .data.uwTickPrio
                0x34080008        0x4 build/stm32n6xx_hal.o
                0x34080008                uwTickPrio
                0x3408000c                        . = ALIGN (0x4)

.igot.plt       0x3408000c        0x0 load address 0x3400308c
 .igot.plt      0x3408000c        0x0 /usr/lib/gcc/arm-none-eabi/16.1.0/thumb/v8-m.main+dp/hard/crtbegin.o

.tdata          0x3408000c        0x0 load address 0x3400308c
 *(.tdata .tdata.* .gnu.linkonce.td.*)
                0x3408000c                        . = ALIGN (0x4)
                0x3408000c                        _edata = .
                [!provide]                        PROVIDE (__data_end = .)
                [!provide]                        PROVIDE (__tdata_end = .)
                [!provide]                        PROVIDE (__tdata_start = ADDR (.tdata))
                [!provide]                        PROVIDE (__tdata_size = (__tdata_end - __tdata_start))
                [!provide]                        PROVIDE (__data_start = ADDR (.data))
                [!provide]                        PROVIDE (__data_size = (__data_end - __data_start))
                [!provide]                        PROVIDE (__tdata_source = LOADADDR (.tdata))
                [!provide]                        PROVIDE (__tdata_source_end = (LOADADDR (.tdata) + SIZEOF (.tdata)))
                [!provide]                        PROVIDE (__tdata_source_size = (__tdata_source_end - __tdata_source))
                [!provide]                        PROVIDE (__data_source = LOADADDR (.data))
                [!provide]                        PROVIDE (__data_source_end = __tdata_source_end)
                [!provide]                        PROVIDE (__data_source_size = (__data_source_end - __data_source))

.noncacheable   0x3408000c        0x4 load address 0x3400308c
                0x34080010                        . = ALIGN (0x8)
 *fill*         0x3408000c        0x4 
                0x34080010                        __snoncacheable = .
 *(.noncacheable)
                0x34080010                        . = ALIGN (0x8)
                0x34080010                        __enoncacheable = .

.tbss           0x34080010        0x0 load address 0x3400308c
                0x34080010                        _sbss = .
                0x34080010                        __bss_start__ = _sbss
 *(.tbss .tbss.*)
                0x34080010                        . = ALIGN (0x4)
                [!provide]                        PROVIDE (__tbss_end = .)
                [!provide]                        PROVIDE (__tbss_start = ADDR (.tbss))
                [!provide]                        PROVIDE (__tbss_size = (__tbss_end - __tbss_start))
                [!provide]                        PROVIDE (__tbss_offset = (ADDR (.tbss) - ADDR (.tdata)))
                [!provide]                        PROVIDE (__tls_base = __tdata_start)
                [!provide]                        PROVIDE (__tls_end = __tbss_end)
                [!provide]                        PROVIDE (__tls_size = (__tls_end - __tls_base))
                [!provide]                        PROVIDE (__tls_align = MAX (ALIGNOF (.tdata), ALIGNOF (.tbss)))
                [!provide]                        PROVIDE (__tls_size_align = (((__tls_size + __tls_align) - 0x1) & ~ ((__tls_align - 0x1))))
                [!provide]                        PROVIDE (__arm32_tls_tcb_offset = MAX (0x8, __tls_align))
                [!provide]                        PROVIDE (__arm64_tls_tcb_offset = MAX (0x10, __tls_align))

.bss            0x34080010       0x34 load address 0x3400308c
 *(.bss)
 *(.bss*)
 .bss.completed.1
                0x34080010        0x1 /usr/lib/gcc/arm-none-eabi/16.1.0/thumb/v8-m.main+dp/hard/crtbegin.o
 *fill*         0x34080011        0x3 
 .bss.object.0  0x34080014       0x18 /usr/lib/gcc/arm-none-eabi/16.1.0/thumb/v8-m.main+dp/hard/crtbegin.o
 .bss.hdcmipp   0x3408002c        0xc build/main.o
                0x3408002c                hdcmipp
 .bss.pSecureErrorCallback
                0x34080038        0x4 build/secure_nsc.o
                0x34080038                pSecureErrorCallback
 .bss.pSecureFaultCallback
                0x3408003c        0x4 build/secure_nsc.o
                0x3408003c                pSecureFaultCallback
 .bss.uwTick    0x34080040        0x4 build/stm32n6xx_hal.o
                0x34080040                uwTick
 *(COMMON)
                0x34080044                        . = ALIGN (0x4)
                0x34080044                        _ebss = .
                0x34080044                        __bss_end__ = _ebss
                [!provide]                        PROVIDE (__bss_end = .)
                [!provide]                        PROVIDE (__non_tls_bss_start = ADDR (.bss))
                [!provide]                        PROVIDE (__bss_start = __tbss_start)
                [!provide]                        PROVIDE (__bss_size = (__bss_end - __bss_start))

._user_heap_stack
                0x34080044      0xa04 load address 0x3400308c
                0x34080048                        . = ALIGN (0x8)
 *fill*         0x34080044        0x4 
                [!provide]                        PROVIDE (end = .)
                0x34080048                        PROVIDE (_end = .)
                0x34080248                        . = (. + _Min_Heap_Size)
 *fill*         0x34080048      0x200 
                0x34080a48                        . = (. + _Min_Stack_Size)
 *fill*         0x34080248      0x800 
                0x34080a48                        . = ALIGN (0x8)

/DISCARD/
 libc.a:*(*)
 libm.a:*(*)
 libgcc.a:*(*)

.ARM.attributes
                0x00000000       0x3a
 *(.ARM.attributes)
 .ARM.attributes
                0x00000000       0x24 /usr/lib/gcc/arm-none-eabi/16.1.0/thumb/v8-m.main+dp/hard/crti.o
 .ARM.attributes
                0x00000024       0x36 /usr/lib/gcc/arm-none-eabi/16.1.0/thumb/v8-m.main+dp/hard/crtbegin.o
 .ARM.attributes
                0x0000005a       0x3e build/main.o
 .ARM.attributes
                0x00000098       0x3e build/stm32n6xx_it.o
 .ARM.attributes
                0x000000d6       0x3e build/stm32n6xx_hal_msp.o
 .ARM.attributes
                0x00000114       0x3e build/secure_nsc.o
 .ARM.attributes
                0x00000152       0x3e build/system_stm32n6xx_s.o
 .ARM.attributes
                0x00000190       0x3e build/stm32n6xx_hal.o
 .ARM.attributes
                0x000001ce       0x3e build/stm32n6xx_hal_rcc_ex.o
 .ARM.attributes
                0x0000020c       0x3e build/stm32n6xx_hal_dcmipp.o
 .ARM.attributes
                0x0000024a       0x3e build/stm32n6xx_hal_rif.o
 .ARM.attributes
                0x00000288       0x3e build/stm32n6xx_hal_cortex.o
 .ARM.attributes
                0x000002c6       0x22 build/startup_stm32n657xx.o
 .ARM.attributes
                0x000002e8       0x36 /usr/lib/gcc/arm-none-eabi/16.1.0/../../../../arm-none-eabi/lib/thumb/v8-m.main+dp/hard/libc_nano.a(libc_a-memset.o)
 .ARM.attributes
                0x0000031e       0x36 /usr/lib/gcc/arm-none-eabi/16.1.0/../../../../arm-none-eabi/lib/thumb/v8-m.main+dp/hard/libc_nano.a(libc_a-init.o)
 .ARM.attributes
                0x00000354       0x36 /usr/lib/gcc/arm-none-eabi/16.1.0/../../../../arm-none-eabi/lib/thumb/v8-m.main+dp/hard/libc_nano.a(libc_a-memcpy-stub.o)
 .ARM.attributes
                0x0000038a       0x24 /usr/lib/gcc/arm-none-eabi/16.1.0/thumb/v8-m.main+dp/hard/crtn.o
OUTPUT(build/Template_Appli.elf elf32-littlearm)
LOAD linker stubs

.debug_info     0x00000000    0x1ce7e
 .debug_info    0x00000000     0x2c20 build/main.o
 .debug_info    0x00002c20      0x202 build/stm32n6xx_it.o
 .debug_info    0x00002e22     0x2e22 build/stm32n6xx_hal_msp.o
 .debug_info    0x00005c44      0x19a build/secure_nsc.o
 .debug_info    0x00005dde     0x1e62 build/system_stm32n6xx_s.o
 .debug_info    0x00007c40     0x30c1 build/stm32n6xx_hal.o
 .debug_info    0x0000ad01     0x88eb build/stm32n6xx_hal_rcc_ex.o
 .debug_info    0x000135ec     0x68e6 build/stm32n6xx_hal_dcmipp.o
 .debug_info    0x00019ed2     0x11fb build/stm32n6xx_hal_rif.o
 .debug_info    0x0001b0cd     0x1a66 build/stm32n6xx_hal_cortex.o
 .debug_info    0x0001cb33       0x30 build/startup_stm32n657xx.o
 .debug_info    0x0001cb63       0xe5 /usr/lib/gcc/arm-none-eabi/16.1.0/../../../../arm-none-eabi/lib/thumb/v8-m.main+dp/hard/libc_nano.a(libc_a-memset.o)
 .debug_info    0x0001cc48      0x110 /usr/lib/gcc/arm-none-eabi/16.1.0/../../../../arm-none-eabi/lib/thumb/v8-m.main+dp/hard/libc_nano.a(libc_a-init.o)
 .debug_info    0x0001cd58      0x126 /usr/lib/gcc/arm-none-eabi/16.1.0/../../../../arm-none-eabi/lib/thumb/v8-m.main+dp/hard/libc_nano.a(libc_a-memcpy-stub.o)

.debug_abbrev   0x00000000     0x1ad2
 .debug_abbrev  0x00000000      0x2b5 build/main.o
 .debug_abbrev  0x000002b5       0xb9 build/stm32n6xx_it.o
 .debug_abbrev  0x0000036e      0x27f build/stm32n6xx_hal_msp.o
 .debug_abbrev  0x000005ed       0xc9 build/secure_nsc.o
 .debug_abbrev  0x000006b6      0x169 build/system_stm32n6xx_s.o
 .debug_abbrev  0x0000081f      0x2d4 build/stm32n6xx_hal.o
 .debug_abbrev  0x00000af3      0x3d8 build/stm32n6xx_hal_rcc_ex.o
 .debug_abbrev  0x00000ecb      0x2d5 build/stm32n6xx_hal_dcmipp.o
 .debug_abbrev  0x000011a0      0x2e3 build/stm32n6xx_hal_rif.o
 .debug_abbrev  0x00001483      0x3f8 build/stm32n6xx_hal_cortex.o
 .debug_abbrev  0x0000187b       0x1d build/startup_stm32n657xx.o
 .debug_abbrev  0x00001898       0xa4 /usr/lib/gcc/arm-none-eabi/16.1.0/../../../../arm-none-eabi/lib/thumb/v8-m.main+dp/hard/libc_nano.a(libc_a-memset.o)
 .debug_abbrev  0x0000193c       0xcf /usr/lib/gcc/arm-none-eabi/16.1.0/../../../../arm-none-eabi/lib/thumb/v8-m.main+dp/hard/libc_nano.a(libc_a-init.o)
 .debug_abbrev  0x00001a0b       0xc7 /usr/lib/gcc/arm-none-eabi/16.1.0/../../../../arm-none-eabi/lib/thumb/v8-m.main+dp/hard/libc_nano.a(libc_a-memcpy-stub.o)

.debug_loc      0x00000000    0x107eb
 .debug_loc     0x00000000       0xf7 build/main.o
 .debug_loc     0x000000f7       0x20 build/stm32n6xx_it.o
 .debug_loc     0x00000117      0x108 build/stm32n6xx_hal_msp.o
 .debug_loc     0x0000021f       0x9b build/secure_nsc.o
 .debug_loc     0x000002ba      0x601 build/system_stm32n6xx_s.o
 .debug_loc     0x000008bb      0xea2 build/stm32n6xx_hal.o
 .debug_loc     0x0000175d     0x6787 build/stm32n6xx_hal_rcc_ex.o
 .debug_loc     0x00007ee4     0x6fe1 build/stm32n6xx_hal_dcmipp.o
 .debug_loc     0x0000eec5      0xe64 build/stm32n6xx_hal_rif.o
 .debug_loc     0x0000fd29      0xac2 build/stm32n6xx_hal_cortex.o

.debug_aranges  0x00000000      0xec8
 .debug_aranges
                0x00000000       0x40 build/main.o
 .debug_aranges
                0x00000040       0x68 build/stm32n6xx_it.o
 .debug_aranges
                0x000000a8       0x30 build/stm32n6xx_hal_msp.o
 .debug_aranges
                0x000000d8       0x20 build/secure_nsc.o
 .debug_aranges
                0x000000f8       0x38 build/system_stm32n6xx_s.o
 .debug_aranges
                0x00000130      0x3d0 build/stm32n6xx_hal.o
 .debug_aranges
                0x00000500      0x1b8 build/stm32n6xx_hal_rcc_ex.o
 .debug_aranges
                0x000006b8      0x558 build/stm32n6xx_hal_dcmipp.o
 .debug_aranges
                0x00000c10       0xf0 build/stm32n6xx_hal_rif.o
 .debug_aranges
                0x00000d00      0x140 build/stm32n6xx_hal_cortex.o
 .debug_aranges
                0x00000e40       0x28 build/startup_stm32n657xx.o
 .debug_aranges
                0x00000e68       0x20 /usr/lib/gcc/arm-none-eabi/16.1.0/../../../../arm-none-eabi/lib/thumb/v8-m.main+dp/hard/libc_nano.a(libc_a-memset.o)
 .debug_aranges
                0x00000e88       0x20 /usr/lib/gcc/arm-none-eabi/16.1.0/../../../../arm-none-eabi/lib/thumb/v8-m.main+dp/hard/libc_nano.a(libc_a-init.o)
 .debug_aranges
                0x00000ea8       0x20 /usr/lib/gcc/arm-none-eabi/16.1.0/../../../../arm-none-eabi/lib/thumb/v8-m.main+dp/hard/libc_nano.a(libc_a-memcpy-stub.o)

.debug_ranges   0x00000000      0xe50
 .debug_ranges  0x00000000       0x30 build/main.o
 .debug_ranges  0x00000030       0x58 build/stm32n6xx_it.o
 .debug_ranges  0x00000088       0x20 build/stm32n6xx_hal_msp.o
 .debug_ranges  0x000000a8       0x10 build/secure_nsc.o
 .debug_ranges  0x000000b8       0x28 build/system_stm32n6xx_s.o
 .debug_ranges  0x000000e0      0x3c0 build/stm32n6xx_hal.o
 .debug_ranges  0x000004a0      0x1d8 build/stm32n6xx_hal_rcc_ex.o
 .debug_ranges  0x00000678      0x548 build/stm32n6xx_hal_dcmipp.o
 .debug_ranges  0x00000bc0      0x140 build/stm32n6xx_hal_rif.o
 .debug_ranges  0x00000d00      0x130 build/stm32n6xx_hal_cortex.o
 .debug_ranges  0x00000e30       0x20 build/startup_stm32n657xx.o

.debug_line     0x00000000     0xe70c
 .debug_line    0x00000000      0x363 build/main.o
 .debug_line    0x00000363      0x1cd build/stm32n6xx_it.o
 .debug_line    0x00000530      0x2f5 build/stm32n6xx_hal_msp.o
 .debug_line    0x00000825      0x12b build/secure_nsc.o
 .debug_line    0x00000950      0x4a9 build/system_stm32n6xx_s.o
 .debug_line    0x00000df9     0x1277 build/stm32n6xx_hal.o
 .debug_line    0x00002070     0x6834 build/stm32n6xx_hal_rcc_ex.o
 .debug_line    0x000088a4     0x4565 build/stm32n6xx_hal_dcmipp.o
 .debug_line    0x0000ce09      0xab1 build/stm32n6xx_hal_rif.o
 .debug_line    0x0000d8ba      0x9e3 build/stm32n6xx_hal_cortex.o
 .debug_line    0x0000e29d       0x77 build/startup_stm32n657xx.o
 .debug_line    0x0000e314      0x12e /usr/lib/gcc/arm-none-eabi/16.1.0/../../../../arm-none-eabi/lib/thumb/v8-m.main+dp/hard/libc_nano.a(libc_a-memset.o)
 .debug_line    0x0000e442      0x120 /usr/lib/gcc/arm-none-eabi/16.1.0/../../../../arm-none-eabi/lib/thumb/v8-m.main+dp/hard/libc_nano.a(libc_a-init.o)
 .debug_line    0x0000e562      0x1aa /usr/lib/gcc/arm-none-eabi/16.1.0/../../../../arm-none-eabi/lib/thumb/v8-m.main+dp/hard/libc_nano.a(libc_a-memcpy-stub.o)

.debug_str      0x00000000     0x8495
 .debug_str     0x00000000     0x8495 build/main.o
                               0x16ed (size before relaxing)
 .debug_str     0x00008495        0x0 build/stm32n6xx_it.o
                                0x257 (size before relaxing)
 .debug_str     0x00008495        0x0 build/stm32n6xx_hal_msp.o
                               0x1a91 (size before relaxing)
 .debug_str     0x00008495        0x0 build/secure_nsc.o
                                0x233 (size before relaxing)
 .debug_str     0x00008495        0x0 build/system_stm32n6xx_s.o
                                0xf99 (size before relaxing)
 .debug_str     0x00008495        0x0 build/stm32n6xx_hal.o
                               0x291c (size before relaxing)
 .debug_str     0x00008495        0x0 build/stm32n6xx_hal_rcc_ex.o
                               0x2b66 (size before relaxing)
 .debug_str     0x00008495        0x0 build/stm32n6xx_hal_dcmipp.o
                               0x305a (size before relaxing)
 .debug_str     0x00008495        0x0 build/stm32n6xx_hal_rif.o
                                0x886 (size before relaxing)
 .debug_str     0x00008495        0x0 build/stm32n6xx_hal_cortex.o
                               0x140c (size before relaxing)
 .debug_str     0x00008495        0x0 build/startup_stm32n657xx.o
                                 0x57 (size before relaxing)
 .debug_str     0x00008495        0x0 /usr/lib/gcc/arm-none-eabi/16.1.0/../../../../arm-none-eabi/lib/thumb/v8-m.main+dp/hard/libc_nano.a(libc_a-memset.o)
                                0x1ca (size before relaxing)
 .debug_str     0x00008495        0x0 /usr/lib/gcc/arm-none-eabi/16.1.0/../../../../arm-none-eabi/lib/thumb/v8-m.main+dp/hard/libc_nano.a(libc_a-init.o)
                                0x22b (size before relaxing)
 .debug_str     0x00008495        0x0 /usr/lib/gcc/arm-none-eabi/16.1.0/../../../../arm-none-eabi/lib/thumb/v8-m.main+dp/hard/libc_nano.a(libc_a-memcpy-stub.o)
                                0x1e8 (size before relaxing)

.comment        0x00000000       0x1e
 .comment       0x00000000       0x1e build/main.o
                                 0x1f (size before relaxing)
 .comment       0x0000001e        0x0 build/stm32n6xx_it.o
                                 0x1f (size before relaxing)
 .comment       0x0000001e        0x0 build/stm32n6xx_hal_msp.o
                                 0x1f (size before relaxing)
 .comment       0x0000001e        0x0 build/secure_nsc.o
                                 0x1f (size before relaxing)
 .comment       0x0000001e        0x0 build/system_stm32n6xx_s.o
                                 0x1f (size before relaxing)
 .comment       0x0000001e        0x0 build/stm32n6xx_hal.o
                                 0x1f (size before relaxing)
 .comment       0x0000001e        0x0 build/stm32n6xx_hal_rcc_ex.o
                                 0x1f (size before relaxing)
 .comment       0x0000001e        0x0 build/stm32n6xx_hal_dcmipp.o
                                 0x1f (size before relaxing)
 .comment       0x0000001e        0x0 build/stm32n6xx_hal_rif.o
                                 0x1f (size before relaxing)
 .comment       0x0000001e        0x0 build/stm32n6xx_hal_cortex.o
                                 0x1f (size before relaxing)
 .comment       0x0000001e        0x0 /usr/lib/gcc/arm-none-eabi/16.1.0/../../../../arm-none-eabi/lib/thumb/v8-m.main+dp/hard/libc_nano.a(libc_a-memset.o)
                                 0x1f (size before relaxing)
 .comment       0x0000001e        0x0 /usr/lib/gcc/arm-none-eabi/16.1.0/../../../../arm-none-eabi/lib/thumb/v8-m.main+dp/hard/libc_nano.a(libc_a-init.o)
                                 0x1f (size before relaxing)
 .comment       0x0000001e        0x0 /usr/lib/gcc/arm-none-eabi/16.1.0/../../../../arm-none-eabi/lib/thumb/v8-m.main+dp/hard/libc_nano.a(libc_a-memcpy-stub.o)
                                 0x1f (size before relaxing)

.debug_frame    0x00000000     0x2140
 .debug_frame   0x00000000       0x98 build/main.o
 .debug_frame   0x00000098       0xb8 build/stm32n6xx_it.o
 .debug_frame   0x00000150       0x54 build/stm32n6xx_hal_msp.o
 .debug_frame   0x000001a4       0x2c build/secure_nsc.o
 .debug_frame   0x000001d0       0x88 build/system_stm32n6xx_s.o
 .debug_frame   0x00000258      0x7ac build/stm32n6xx_hal.o
 .debug_frame   0x00000a04      0x4cc build/stm32n6xx_hal_rcc_ex.o
 .debug_frame   0x00000ed0      0xd2c build/stm32n6xx_hal_dcmipp.o
 .debug_frame   0x00001bfc      0x20c build/stm32n6xx_hal_rif.o
 .debug_frame   0x00001e08      0x2c4 build/stm32n6xx_hal_cortex.o
 .debug_frame   0x000020cc       0x20 /usr/lib/gcc/arm-none-eabi/16.1.0/../../../../arm-none-eabi/lib/thumb/v8-m.main+dp/hard/libc_nano.a(libc_a-memset.o)
 .debug_frame   0x000020ec       0x2c /usr/lib/gcc/arm-none-eabi/16.1.0/../../../../arm-none-eabi/lib/thumb/v8-m.main+dp/hard/libc_nano.a(libc_a-init.o)
 .debug_frame   0x00002118       0x28 /usr/lib/gcc/arm-none-eabi/16.1.0/../../../../arm-none-eabi/lib/thumb/v8-m.main+dp/hard/libc_nano.a(libc_a-memcpy-stub.o)

.debug_loclists
                0x00000000      0x132
 .debug_loclists
                0x00000000       0x4d /usr/lib/gcc/arm-none-eabi/16.1.0/../../../../arm-none-eabi/lib/thumb/v8-m.main+dp/hard/libc_nano.a(libc_a-memset.o)
 .debug_loclists
                0x0000004d       0x48 /usr/lib/gcc/arm-none-eabi/16.1.0/../../../../arm-none-eabi/lib/thumb/v8-m.main+dp/hard/libc_nano.a(libc_a-init.o)
 .debug_loclists
                0x00000095       0x9d /usr/lib/gcc/arm-none-eabi/16.1.0/../../../../arm-none-eabi/lib/thumb/v8-m.main+dp/hard/libc_nano.a(libc_a-memcpy-stub.o)

.debug_rnglists
                0x00000000       0x39
 .debug_rnglists
                0x00000000       0x13 /usr/lib/gcc/arm-none-eabi/16.1.0/../../../../arm-none-eabi/lib/thumb/v8-m.main+dp/hard/libc_nano.a(libc_a-memset.o)
 .debug_rnglists
                0x00000013       0x13 /usr/lib/gcc/arm-none-eabi/16.1.0/../../../../arm-none-eabi/lib/thumb/v8-m.main+dp/hard/libc_nano.a(libc_a-init.o)
 .debug_rnglists
                0x00000026       0x13 /usr/lib/gcc/arm-none-eabi/16.1.0/../../../../arm-none-eabi/lib/thumb/v8-m.main+dp/hard/libc_nano.a(libc_a-memcpy-stub.o)

Cross Reference Table

Symbol                                            File
ADC1_2_IRQHandler                                 build/startup_stm32n657xx.o
ADF1_FLT0_IRQHandler                              build/startup_stm32n657xx.o
BCK_ECC_IRQHandler                                build/startup_stm32n657xx.o
BSP_COM_DeInit                                    build/stm32n6xx_nucleo.o
BSP_COM_Init                                      build/stm32n6xx_nucleo.o
BSP_GetBoardID                                    build/stm32n6xx_nucleo.o
BSP_GetBoardName                                  build/stm32n6xx_nucleo.o
BSP_GetVersion                                    build/stm32n6xx_nucleo.o
BSP_LED_DeInit                                    build/stm32n6xx_nucleo.o
BSP_LED_GetState                                  build/stm32n6xx_nucleo.o
BSP_LED_Init                                      build/stm32n6xx_nucleo.o
BSP_LED_Off                                       build/stm32n6xx_nucleo.o
BSP_LED_On                                        build/stm32n6xx_nucleo.o
BSP_LED_Toggle                                    build/stm32n6xx_nucleo.o
BSP_PB_Callback                                   build/stm32n6xx_nucleo.o
BSP_PB_DeInit                                     build/stm32n6xx_nucleo.o
BSP_PB_GetState                                   build/stm32n6xx_nucleo.o
BSP_PB_IRQHandler                                 build/stm32n6xx_nucleo.o
BSP_PB_Init                                       build/stm32n6xx_nucleo.o
BSP_SMPS_Init                                     build/stm32n6xx_nucleo.o
BusFault_Handler                                  build/stm32n6xx_it.o
CACHEAXI_IRQHandler                               build/startup_stm32n657xx.o
CACHE_ECC_IRQHandler                              build/startup_stm32n657xx.o
COM_UART                                          build/stm32n6xx_nucleo.o
CRYP_IRQHandler                                   build/startup_stm32n657xx.o
CSI_IRQHandler                                    build/startup_stm32n657xx.o
CTI_INT0_IRQHandler                               build/startup_stm32n657xx.o
CTI_INT1_IRQHandler                               build/startup_stm32n657xx.o
DCMIPP_IRQHandler                                 build/startup_stm32n657xx.o
DCMI_PSSI_IRQHandler                              build/startup_stm32n657xx.o
DMA2D_IRQHandler                                  build/startup_stm32n657xx.o
DTS_IRQHandler                                    build/startup_stm32n657xx.o
DebugMon_Handler                                  build/stm32n6xx_it.o
Default_Handler                                   build/startup_stm32n657xx.o
ETH1_IRQHandler                                   build/startup_stm32n657xx.o
EXTI0_IRQHandler                                  build/startup_stm32n657xx.o
EXTI10_IRQHandler                                 build/startup_stm32n657xx.o
EXTI11_IRQHandler                                 build/startup_stm32n657xx.o
EXTI12_IRQHandler                                 build/startup_stm32n657xx.o
EXTI13_IRQHandler                                 build/startup_stm32n657xx.o
EXTI14_IRQHandler                                 build/startup_stm32n657xx.o
EXTI15_IRQHandler                                 build/startup_stm32n657xx.o
EXTI1_IRQHandler                                  build/startup_stm32n657xx.o
EXTI2_IRQHandler                                  build/startup_stm32n657xx.o
EXTI3_IRQHandler                                  build/startup_stm32n657xx.o
EXTI4_IRQHandler                                  build/startup_stm32n657xx.o
EXTI5_IRQHandler                                  build/startup_stm32n657xx.o
EXTI6_IRQHandler                                  build/startup_stm32n657xx.o
EXTI7_IRQHandler                                  build/startup_stm32n657xx.o
EXTI8_IRQHandler                                  build/startup_stm32n657xx.o
EXTI9_IRQHandler                                  build/startup_stm32n657xx.o
Error_Handler                                     build/main.o
                                                  build/stm32n6xx_hal_msp.o
FDCAN1_IT0_IRQHandler                             build/startup_stm32n657xx.o
FDCAN1_IT1_IRQHandler                             build/startup_stm32n657xx.o
FDCAN2_IT0_IRQHandler                             build/startup_stm32n657xx.o
FDCAN2_IT1_IRQHandler                             build/startup_stm32n657xx.o
FDCAN3_IT0_IRQHandler                             build/startup_stm32n657xx.o
FDCAN3_IT1_IRQHandler                             build/startup_stm32n657xx.o
FDCAN_CU_IRQHandler                               build/startup_stm32n657xx.o
FMC_IRQHandler                                    build/startup_stm32n657xx.o
FPU_IRQHandler                                    build/startup_stm32n657xx.o
GFXMMU_IRQHandler                                 build/startup_stm32n657xx.o
GFXTIM_IRQHandler                                 build/startup_stm32n657xx.o
GPDMA1_Channel0_IRQHandler                        build/startup_stm32n657xx.o
GPDMA1_Channel10_IRQHandler                       build/startup_stm32n657xx.o
GPDMA1_Channel11_IRQHandler                       build/startup_stm32n657xx.o
GPDMA1_Channel12_IRQHandler                       build/startup_stm32n657xx.o
GPDMA1_Channel13_IRQHandler                       build/startup_stm32n657xx.o
GPDMA1_Channel14_IRQHandler                       build/startup_stm32n657xx.o
GPDMA1_Channel15_IRQHandler                       build/startup_stm32n657xx.o
GPDMA1_Channel1_IRQHandler                        build/startup_stm32n657xx.o
GPDMA1_Channel2_IRQHandler                        build/startup_stm32n657xx.o
GPDMA1_Channel3_IRQHandler                        build/startup_stm32n657xx.o
GPDMA1_Channel4_IRQHandler                        build/startup_stm32n657xx.o
GPDMA1_Channel5_IRQHandler                        build/startup_stm32n657xx.o
GPDMA1_Channel6_IRQHandler                        build/startup_stm32n657xx.o
GPDMA1_Channel7_IRQHandler                        build/startup_stm32n657xx.o
GPDMA1_Channel8_IRQHandler                        build/startup_stm32n657xx.o
GPDMA1_Channel9_IRQHandler                        build/startup_stm32n657xx.o
GPU2D_ER_IRQHandler                               build/startup_stm32n657xx.o
GPU2D_IRQHandler                                  build/startup_stm32n657xx.o
HAL_CORTEX_ClearEvent                             build/stm32n6xx_hal_cortex.o
HAL_DBGMCU_DisableDBGSleepMode                    build/stm32n6xx_hal.o
HAL_DBGMCU_DisableDBGStandbyMode                  build/stm32n6xx_hal.o
HAL_DBGMCU_DisableDBGStopMode                     build/stm32n6xx_hal.o
HAL_DBGMCU_EnableDBGSleepMode                     build/stm32n6xx_hal.o
HAL_DBGMCU_EnableDBGStandbyMode                   build/stm32n6xx_hal.o
HAL_DBGMCU_EnableDBGStopMode                      build/stm32n6xx_hal.o
HAL_DCMIPP_CSI_ClockChangerFifoFullEventCallback  build/stm32n6xx_hal_dcmipp.o
HAL_DCMIPP_CSI_DisableLineByteCounter             build/stm32n6xx_hal_dcmipp.o
HAL_DCMIPP_CSI_DisableTimer                       build/stm32n6xx_hal_dcmipp.o
HAL_DCMIPP_CSI_EnableLineByteCounter              build/stm32n6xx_hal_dcmipp.o
HAL_DCMIPP_CSI_EnableTimer                        build/stm32n6xx_hal_dcmipp.o
HAL_DCMIPP_CSI_EndOfFrameEventCallback            build/stm32n6xx_hal_dcmipp.o
HAL_DCMIPP_CSI_IRQHandler                         build/stm32n6xx_hal_dcmipp.o
HAL_DCMIPP_CSI_LineByteEventCallback              build/stm32n6xx_hal_dcmipp.o
HAL_DCMIPP_CSI_LineErrorCallback                  build/stm32n6xx_hal_dcmipp.o
HAL_DCMIPP_CSI_PIPE_DoubleBufferStart             build/stm32n6xx_hal_dcmipp.o
HAL_DCMIPP_CSI_PIPE_FullPlanarDoubleBufferStart   build/stm32n6xx_hal_dcmipp.o
HAL_DCMIPP_CSI_PIPE_FullPlanarStart               build/stm32n6xx_hal_dcmipp.o
HAL_DCMIPP_CSI_PIPE_SemiPlanarDoubleBufferStart   build/stm32n6xx_hal_dcmipp.o
HAL_DCMIPP_CSI_PIPE_SemiPlanarStart               build/stm32n6xx_hal_dcmipp.o
HAL_DCMIPP_CSI_PIPE_SetConfig                     build/stm32n6xx_hal_dcmipp.o
                                                  build/main.o
HAL_DCMIPP_CSI_PIPE_Start                         build/stm32n6xx_hal_dcmipp.o
HAL_DCMIPP_CSI_PIPE_Stop                          build/stm32n6xx_hal_dcmipp.o
HAL_DCMIPP_CSI_SetConfig                          build/stm32n6xx_hal_dcmipp.o
                                                  build/main.o
HAL_DCMIPP_CSI_SetLineByteCounterConfig           build/stm32n6xx_hal_dcmipp.o
HAL_DCMIPP_CSI_SetTimerConfig                     build/stm32n6xx_hal_dcmipp.o
HAL_DCMIPP_CSI_SetVCConfig                        build/stm32n6xx_hal_dcmipp.o
                                                  build/main.o
HAL_DCMIPP_CSI_SetVCFilteringConfig               build/stm32n6xx_hal_dcmipp.o
HAL_DCMIPP_CSI_SetWatchdogCounterConfig           build/stm32n6xx_hal_dcmipp.o
HAL_DCMIPP_CSI_ShortPacketDetectionEventCallback  build/stm32n6xx_hal_dcmipp.o
HAL_DCMIPP_CSI_StartOfFrameEventCallback          build/stm32n6xx_hal_dcmipp.o
HAL_DCMIPP_CSI_TimerCounterEventCallback          build/stm32n6xx_hal_dcmipp.o
HAL_DCMIPP_DeInit                                 build/stm32n6xx_hal_dcmipp.o
HAL_DCMIPP_ErrorCallback                          build/stm32n6xx_hal_dcmipp.o
HAL_DCMIPP_GetError                               build/stm32n6xx_hal_dcmipp.o
HAL_DCMIPP_GetMode                                build/stm32n6xx_hal_dcmipp.o
HAL_DCMIPP_GetState                               build/stm32n6xx_hal_dcmipp.o
HAL_DCMIPP_IRQHandler                             build/stm32n6xx_hal_dcmipp.o
HAL_DCMIPP_Init                                   build/stm32n6xx_hal_dcmipp.o
                                                  build/main.o
HAL_DCMIPP_MspDeInit                              build/stm32n6xx_hal_msp.o
HAL_DCMIPP_MspInit                                build/stm32n6xx_hal_msp.o
HAL_DCMIPP_PARALLEL_SetConfig                     build/stm32n6xx_hal_dcmipp.o
HAL_DCMIPP_PARALLEL_SetSyncUnmask                 build/stm32n6xx_hal_dcmipp.o
HAL_DCMIPP_PIPE_CSI_DisableHeader                 build/stm32n6xx_hal_dcmipp.o
HAL_DCMIPP_PIPE_CSI_DisableShare                  build/stm32n6xx_hal_dcmipp.o
HAL_DCMIPP_PIPE_CSI_EnableHeader                  build/stm32n6xx_hal_dcmipp.o
HAL_DCMIPP_PIPE_CSI_EnableShare                   build/stm32n6xx_hal_dcmipp.o
HAL_DCMIPP_PIPE_CSI_ForceDataTypeFormat           build/stm32n6xx_hal_dcmipp.o
HAL_DCMIPP_PIPE_CSI_SetDTMode                     build/stm32n6xx_hal_dcmipp.o
HAL_DCMIPP_PIPE_CSI_SetDTSelection                build/stm32n6xx_hal_dcmipp.o
HAL_DCMIPP_PIPE_DisableComponentsSwap             build/stm32n6xx_hal_dcmipp.o
HAL_DCMIPP_PIPE_DisableCrop                       build/stm32n6xx_hal_dcmipp.o
HAL_DCMIPP_PIPE_DisableDecimation                 build/stm32n6xx_hal_dcmipp.o
HAL_DCMIPP_PIPE_DisableDownsize                   build/stm32n6xx_hal_dcmipp.o
HAL_DCMIPP_PIPE_DisableGammaConversion            build/stm32n6xx_hal_dcmipp.o
HAL_DCMIPP_PIPE_DisableISPAreaStatisticExtraction build/stm32n6xx_hal_dcmipp.o
HAL_DCMIPP_PIPE_DisableISPBadPixelRemoval         build/stm32n6xx_hal_dcmipp.o
HAL_DCMIPP_PIPE_DisableISPBlackLevelCalibration   build/stm32n6xx_hal_dcmipp.o
HAL_DCMIPP_PIPE_DisableISPColorConversion         build/stm32n6xx_hal_dcmipp.o
HAL_DCMIPP_PIPE_DisableISPCtrlContrast            build/stm32n6xx_hal_dcmipp.o
HAL_DCMIPP_PIPE_DisableISPDecimation              build/stm32n6xx_hal_dcmipp.o
HAL_DCMIPP_PIPE_DisableISPExposure                build/stm32n6xx_hal_dcmipp.o
HAL_DCMIPP_PIPE_DisableISPRawBayer2RGB            build/stm32n6xx_hal_dcmipp.o
HAL_DCMIPP_PIPE_DisableISPRemovalStatistic        build/stm32n6xx_hal_dcmipp.o
HAL_DCMIPP_PIPE_DisableISPStatisticExtraction     build/stm32n6xx_hal_dcmipp.o
HAL_DCMIPP_PIPE_DisableLimitEvent                 build/stm32n6xx_hal_dcmipp.o
HAL_DCMIPP_PIPE_DisableLineEvent                  build/stm32n6xx_hal_dcmipp.o
HAL_DCMIPP_PIPE_DisableLineWrapping               build/stm32n6xx_hal_dcmipp.o
HAL_DCMIPP_PIPE_DisableRedBlueSwap                build/stm32n6xx_hal_dcmipp.o
HAL_DCMIPP_PIPE_DisableRegionOfInterest           build/stm32n6xx_hal_dcmipp.o
HAL_DCMIPP_PIPE_DisableYUVConversion              build/stm32n6xx_hal_dcmipp.o
HAL_DCMIPP_PIPE_DisableYUVSwap                    build/stm32n6xx_hal_dcmipp.o
HAL_DCMIPP_PIPE_DoubleBufferStart                 build/stm32n6xx_hal_dcmipp.o
HAL_DCMIPP_PIPE_EnableCapture                     build/stm32n6xx_hal_dcmipp.o
HAL_DCMIPP_PIPE_EnableComponentsSwap              build/stm32n6xx_hal_dcmipp.o
HAL_DCMIPP_PIPE_EnableCrop                        build/stm32n6xx_hal_dcmipp.o
HAL_DCMIPP_PIPE_EnableDecimation                  build/stm32n6xx_hal_dcmipp.o
HAL_DCMIPP_PIPE_EnableDownsize                    build/stm32n6xx_hal_dcmipp.o
HAL_DCMIPP_PIPE_EnableGammaConversion             build/stm32n6xx_hal_dcmipp.o
HAL_DCMIPP_PIPE_EnableISPAreaStatisticExtraction  build/stm32n6xx_hal_dcmipp.o
HAL_DCMIPP_PIPE_EnableISPBadPixelRemoval          build/stm32n6xx_hal_dcmipp.o
HAL_DCMIPP_PIPE_EnableISPBlackLevelCalibration    build/stm32n6xx_hal_dcmipp.o
HAL_DCMIPP_PIPE_EnableISPColorConversion          build/stm32n6xx_hal_dcmipp.o
HAL_DCMIPP_PIPE_EnableISPCtrlContrast             build/stm32n6xx_hal_dcmipp.o
HAL_DCMIPP_PIPE_EnableISPDecimation               build/stm32n6xx_hal_dcmipp.o
HAL_DCMIPP_PIPE_EnableISPExposure                 build/stm32n6xx_hal_dcmipp.o
HAL_DCMIPP_PIPE_EnableISPRawBayer2RGB             build/stm32n6xx_hal_dcmipp.o
HAL_DCMIPP_PIPE_EnableISPRemovalStatistic         build/stm32n6xx_hal_dcmipp.o
HAL_DCMIPP_PIPE_EnableISPStatisticExtraction      build/stm32n6xx_hal_dcmipp.o
HAL_DCMIPP_PIPE_EnableLimitEvent                  build/stm32n6xx_hal_dcmipp.o
HAL_DCMIPP_PIPE_EnableLineEvent                   build/stm32n6xx_hal_dcmipp.o
HAL_DCMIPP_PIPE_EnableLineWrapping                build/stm32n6xx_hal_dcmipp.o
HAL_DCMIPP_PIPE_EnableRedBlueSwap                 build/stm32n6xx_hal_dcmipp.o
HAL_DCMIPP_PIPE_EnableRegionOfInterest            build/stm32n6xx_hal_dcmipp.o
HAL_DCMIPP_PIPE_EnableYUVConversion               build/stm32n6xx_hal_dcmipp.o
HAL_DCMIPP_PIPE_EnableYUVSwap                     build/stm32n6xx_hal_dcmipp.o
HAL_DCMIPP_PIPE_ErrorCallback                     build/stm32n6xx_hal_dcmipp.o
HAL_DCMIPP_PIPE_FrameEventCallback                build/stm32n6xx_hal_dcmipp.o
HAL_DCMIPP_PIPE_FullPlanarDoubleBufferStart       build/stm32n6xx_hal_dcmipp.o
HAL_DCMIPP_PIPE_FullPlanarStart                   build/stm32n6xx_hal_dcmipp.o
HAL_DCMIPP_PIPE_GetDataCounter                    build/stm32n6xx_hal_dcmipp.o
HAL_DCMIPP_PIPE_GetISPAccumulatedStatisticsCounter build/stm32n6xx_hal_dcmipp.o
HAL_DCMIPP_PIPE_GetISPAreaStatisticExtractionConfig build/stm32n6xx_hal_dcmipp.o
HAL_DCMIPP_PIPE_GetISPBadPixelRemovalConfig       build/stm32n6xx_hal_dcmipp.o
HAL_DCMIPP_PIPE_GetISPBlackLevelCalibrationConfig build/stm32n6xx_hal_dcmipp.o
HAL_DCMIPP_PIPE_GetISPColorConversionConfig       build/stm32n6xx_hal_dcmipp.o
HAL_DCMIPP_PIPE_GetISPCtrlContrastConfig          build/stm32n6xx_hal_dcmipp.o
HAL_DCMIPP_PIPE_GetISPDecimationConfig            build/stm32n6xx_hal_dcmipp.o
HAL_DCMIPP_PIPE_GetISPExposureConfig              build/stm32n6xx_hal_dcmipp.o
HAL_DCMIPP_PIPE_GetISPRawBayer2RGBConfig          build/stm32n6xx_hal_dcmipp.o
HAL_DCMIPP_PIPE_GetISPRemovalStatisticConfig      build/stm32n6xx_hal_dcmipp.o
HAL_DCMIPP_PIPE_GetISPRemovedBadPixelCounter      build/stm32n6xx_hal_dcmipp.o
HAL_DCMIPP_PIPE_GetISPStatisticExtractionConfig   build/stm32n6xx_hal_dcmipp.o
HAL_DCMIPP_PIPE_GetMemoryAddress                  build/stm32n6xx_hal_dcmipp.o
HAL_DCMIPP_PIPE_GetState                          build/stm32n6xx_hal_dcmipp.o
HAL_DCMIPP_PIPE_IsEnabledGammaConversion          build/stm32n6xx_hal_dcmipp.o
HAL_DCMIPP_PIPE_IsEnabledISPAreaStatisticExtraction build/stm32n6xx_hal_dcmipp.o
HAL_DCMIPP_PIPE_IsEnabledISPBadPixelRemoval       build/stm32n6xx_hal_dcmipp.o
HAL_DCMIPP_PIPE_IsEnabledISPBlackLevelCalibration build/stm32n6xx_hal_dcmipp.o
HAL_DCMIPP_PIPE_IsEnabledISPColorConversion       build/stm32n6xx_hal_dcmipp.o
HAL_DCMIPP_PIPE_IsEnabledISPCtrlContrast          build/stm32n6xx_hal_dcmipp.o
HAL_DCMIPP_PIPE_IsEnabledISPDecimation            build/stm32n6xx_hal_dcmipp.o
HAL_DCMIPP_PIPE_IsEnabledISPExposure              build/stm32n6xx_hal_dcmipp.o
HAL_DCMIPP_PIPE_IsEnabledISPRawBayer2RGB          build/stm32n6xx_hal_dcmipp.o
HAL_DCMIPP_PIPE_IsEnabledISPRemovalStatistic      build/stm32n6xx_hal_dcmipp.o
HAL_DCMIPP_PIPE_IsEnabledISPStatisticExtraction   build/stm32n6xx_hal_dcmipp.o
HAL_DCMIPP_PIPE_LimitEventCallback                build/stm32n6xx_hal_dcmipp.o
HAL_DCMIPP_PIPE_LineEventCallback                 build/stm32n6xx_hal_dcmipp.o
HAL_DCMIPP_PIPE_PARALLEL_SetInputPixelFormat      build/stm32n6xx_hal_dcmipp.o
HAL_DCMIPP_PIPE_ReadFrameCounter                  build/stm32n6xx_hal_dcmipp.o
HAL_DCMIPP_PIPE_ResetFrameCounter                 build/stm32n6xx_hal_dcmipp.o
HAL_DCMIPP_PIPE_Resume                            build/stm32n6xx_hal_dcmipp.o
HAL_DCMIPP_PIPE_SemiPlanarDoubleBufferStart       build/stm32n6xx_hal_dcmipp.o
HAL_DCMIPP_PIPE_SemiPlanarStart                   build/stm32n6xx_hal_dcmipp.o
HAL_DCMIPP_PIPE_SetBytesDecimationConfig          build/stm32n6xx_hal_dcmipp.o
HAL_DCMIPP_PIPE_SetCaptureMode                    build/stm32n6xx_hal_dcmipp.o
HAL_DCMIPP_PIPE_SetConfig                         build/stm32n6xx_hal_dcmipp.o
                                                  build/main.o
HAL_DCMIPP_PIPE_SetCropConfig                     build/stm32n6xx_hal_dcmipp.o
HAL_DCMIPP_PIPE_SetDecimationConfig               build/stm32n6xx_hal_dcmipp.o
HAL_DCMIPP_PIPE_SetDownsizeConfig                 build/stm32n6xx_hal_dcmipp.o
HAL_DCMIPP_PIPE_SetFrameCounterConfig             build/stm32n6xx_hal_dcmipp.o
HAL_DCMIPP_PIPE_SetFrameRate                      build/stm32n6xx_hal_dcmipp.o
HAL_DCMIPP_PIPE_SetFullPlanarMemoryAddress        build/stm32n6xx_hal_dcmipp.o
HAL_DCMIPP_PIPE_SetISPAreaStatisticExtractionConfig build/stm32n6xx_hal_dcmipp.o
HAL_DCMIPP_PIPE_SetISPBadPixelRemovalConfig       build/stm32n6xx_hal_dcmipp.o
HAL_DCMIPP_PIPE_SetISPBlackLevelCalibrationConfig build/stm32n6xx_hal_dcmipp.o
HAL_DCMIPP_PIPE_SetISPColorConversionConfig       build/stm32n6xx_hal_dcmipp.o
HAL_DCMIPP_PIPE_SetISPCtrlContrastConfig          build/stm32n6xx_hal_dcmipp.o
HAL_DCMIPP_PIPE_SetISPDecimationConfig            build/stm32n6xx_hal_dcmipp.o
HAL_DCMIPP_PIPE_SetISPExposureConfig              build/stm32n6xx_hal_dcmipp.o
HAL_DCMIPP_PIPE_SetISPRawBayer2RGBConfig          build/stm32n6xx_hal_dcmipp.o
HAL_DCMIPP_PIPE_SetISPRemovalStatisticConfig      build/stm32n6xx_hal_dcmipp.o
HAL_DCMIPP_PIPE_SetISPStatisticExtractionConfig   build/stm32n6xx_hal_dcmipp.o
HAL_DCMIPP_PIPE_SetLineWrappingConfig             build/stm32n6xx_hal_dcmipp.o
HAL_DCMIPP_PIPE_SetLinesDecimationConfig          build/stm32n6xx_hal_dcmipp.o
HAL_DCMIPP_PIPE_SetMemoryAddress                  build/stm32n6xx_hal_dcmipp.o
HAL_DCMIPP_PIPE_SetPitch                          build/stm32n6xx_hal_dcmipp.o
HAL_DCMIPP_PIPE_SetPixelPackerFormat              build/stm32n6xx_hal_dcmipp.o
HAL_DCMIPP_PIPE_SetRegionOfInterestConfig         build/stm32n6xx_hal_dcmipp.o
HAL_DCMIPP_PIPE_SetSemiPlanarMemoryAddress        build/stm32n6xx_hal_dcmipp.o
HAL_DCMIPP_PIPE_SetYUVConversionConfig            build/stm32n6xx_hal_dcmipp.o
HAL_DCMIPP_PIPE_Start                             build/stm32n6xx_hal_dcmipp.o
HAL_DCMIPP_PIPE_Stop                              build/stm32n6xx_hal_dcmipp.o
HAL_DCMIPP_PIPE_Suspend                           build/stm32n6xx_hal_dcmipp.o
HAL_DCMIPP_PIPE_VsyncEventCallback                build/stm32n6xx_hal_dcmipp.o
HAL_DCMIPP_SetIPPlugConfig                        build/stm32n6xx_hal_dcmipp.o
HAL_DMAEx_List_Start_IT                           build/stm32n6xx_hal_uart.o
HAL_DMAEx_Resume                                  build/stm32n6xx_hal_uart.o
HAL_DMAEx_Suspend                                 build/stm32n6xx_hal_uart.o
HAL_DMA_Abort                                     build/stm32n6xx_hal_uart.o
HAL_DMA_Abort_IT                                  build/stm32n6xx_hal_uart.o
HAL_DMA_GetError                                  build/stm32n6xx_hal_uart.o
HAL_DMA_Start_IT                                  build/stm32n6xx_hal_uart.o
HAL_DeInit                                        build/stm32n6xx_hal.o
HAL_Delay                                         build/stm32n6xx_hal.o
                                                  build/stm32n6xx_hal_dcmipp.o
HAL_EXTI_GetHandle                                build/stm32n6xx_nucleo.o
HAL_EXTI_IRQHandler                               build/stm32n6xx_nucleo.o
HAL_EXTI_RegisterCallback                         build/stm32n6xx_nucleo.o
HAL_FMC_GetBankSwapConfig                         build/stm32n6xx_hal.o
HAL_FMC_SetBankSwapConfig                         build/stm32n6xx_hal.o
HAL_GPIO_ConfigPinAttributes                      build/stm32n6xx_hal_gpio.o
HAL_GPIO_DeInit                                   build/stm32n6xx_hal_gpio.o
                                                  build/stm32n6xx_nucleo.o
HAL_GPIO_EXTI_Falling_Callback                    build/stm32n6xx_hal_gpio.o
HAL_GPIO_EXTI_IRQHandler                          build/stm32n6xx_hal_gpio.o
HAL_GPIO_EXTI_Rising_Callback                     build/stm32n6xx_hal_gpio.o
HAL_GPIO_GetConfigPinAttributes                   build/stm32n6xx_hal_gpio.o
HAL_GPIO_GetDelay                                 build/stm32n6xx_hal_gpio.o
HAL_GPIO_GetLockPinAttributes                     build/stm32n6xx_hal_gpio.o
HAL_GPIO_GetRetime                                build/stm32n6xx_hal_gpio.o
HAL_GPIO_Init                                     build/stm32n6xx_hal_gpio.o
                                                  build/stm32n6xx_hal_rcc.o
                                                  build/stm32n6xx_nucleo.o
HAL_GPIO_LockPin                                  build/stm32n6xx_hal_gpio.o
HAL_GPIO_LockPinAttributes                        build/stm32n6xx_hal_gpio.o
HAL_GPIO_ReadPin                                  build/stm32n6xx_hal_gpio.o
                                                  build/stm32n6xx_nucleo.o
HAL_GPIO_SetDelay                                 build/stm32n6xx_hal_gpio.o
HAL_GPIO_SetRetime                                build/stm32n6xx_hal_gpio.o
HAL_GPIO_TogglePin                                build/stm32n6xx_hal_gpio.o
                                                  build/stm32n6xx_nucleo.o
HAL_GPIO_WriteMultipleStatePin                    build/stm32n6xx_hal_gpio.o
HAL_GPIO_WritePin                                 build/stm32n6xx_hal_gpio.o
                                                  build/stm32n6xx_nucleo.o
HAL_GetDEVID                                      build/stm32n6xx_hal.o
HAL_GetHalVersion                                 build/stm32n6xx_hal.o
HAL_GetREVID                                      build/stm32n6xx_hal.o
HAL_GetTick                                       build/stm32n6xx_hal.o
                                                  build/stm32n6xx_hal_dcmipp.o
                                                  build/stm32n6xx_hal_uart.o
                                                  build/stm32n6xx_hal_pwr_ex.o
                                                  build/stm32n6xx_hal_rcc_ex.o
                                                  build/stm32n6xx_hal_rcc.o
HAL_GetTickFreq                                   build/stm32n6xx_hal.o
HAL_GetTickPrio                                   build/stm32n6xx_hal.o
HAL_GetUIDw0                                      build/stm32n6xx_hal.o
HAL_GetUIDw1                                      build/stm32n6xx_hal.o
HAL_GetUIDw2                                      build/stm32n6xx_hal.o
HAL_HalfDuplex_EnableReceiver                     build/stm32n6xx_hal_uart.o
HAL_HalfDuplex_EnableTransmitter                  build/stm32n6xx_hal_uart.o
HAL_HalfDuplex_Init                               build/stm32n6xx_hal_uart.o
HAL_IncTick                                       build/stm32n6xx_hal.o
                                                  build/stm32n6xx_it.o
HAL_Init                                          build/stm32n6xx_hal.o
                                                  build/main.o
HAL_InitTick                                      build/stm32n6xx_hal.o
                                                  build/stm32n6xx_hal_rcc.o
HAL_LIN_Init                                      build/stm32n6xx_hal_uart.o
HAL_LIN_SendBreak                                 build/stm32n6xx_hal_uart.o
HAL_MPU_ConfigMemoryAttributes                    build/stm32n6xx_hal_cortex.o
HAL_MPU_ConfigMemoryAttributes_NS                 build/stm32n6xx_hal_cortex.o
HAL_MPU_ConfigRegion                              build/stm32n6xx_hal_cortex.o
HAL_MPU_ConfigRegion_NS                           build/stm32n6xx_hal_cortex.o
HAL_MPU_Disable                                   build/stm32n6xx_hal_cortex.o
HAL_MPU_DisableRegion                             build/stm32n6xx_hal_cortex.o
HAL_MPU_DisableRegion_NS                          build/stm32n6xx_hal_cortex.o
HAL_MPU_Disable_NS                                build/stm32n6xx_hal_cortex.o
HAL_MPU_Enable                                    build/stm32n6xx_hal_cortex.o
HAL_MPU_EnableRegion                              build/stm32n6xx_hal_cortex.o
HAL_MPU_EnableRegion_NS                           build/stm32n6xx_hal_cortex.o
HAL_MPU_Enable_NS                                 build/stm32n6xx_hal_cortex.o
HAL_MspDeInit                                     build/stm32n6xx_hal.o
HAL_MspInit                                       build/stm32n6xx_hal_msp.o
HAL_MultiProcessor_DisableMuteMode                build/stm32n6xx_hal_uart.o
HAL_MultiProcessor_EnableMuteMode                 build/stm32n6xx_hal_uart.o
HAL_MultiProcessor_EnterMuteMode                  build/stm32n6xx_hal_uart.o
HAL_MultiProcessor_Init                           build/stm32n6xx_hal_uart.o
HAL_NVIC_ClearPendingIRQ                          build/stm32n6xx_hal_cortex.o
HAL_NVIC_DisableIRQ                               build/stm32n6xx_hal_cortex.o
                                                  build/stm32n6xx_nucleo.o
HAL_NVIC_EnableIRQ                                build/stm32n6xx_hal_cortex.o
                                                  build/stm32n6xx_nucleo.o
HAL_NVIC_GetActive                                build/stm32n6xx_hal_cortex.o
HAL_NVIC_GetPendingIRQ                            build/stm32n6xx_hal_cortex.o
HAL_NVIC_GetPriority                              build/stm32n6xx_hal_cortex.o
HAL_NVIC_GetPriorityGrouping                      build/stm32n6xx_hal_cortex.o
HAL_NVIC_SetPendingIRQ                            build/stm32n6xx_hal_cortex.o
HAL_NVIC_SetPriority                              build/stm32n6xx_hal_cortex.o
                                                  build/stm32n6xx_hal.o
                                                  build/stm32n6xx_nucleo.o
HAL_NVIC_SetPriorityGrouping                      build/stm32n6xx_hal_cortex.o
                                                  build/stm32n6xx_hal.o
HAL_NVIC_SystemReset                              build/stm32n6xx_hal_cortex.o
HAL_PWREx_ADCVM_Falling_Callback                  build/stm32n6xx_hal_pwr_ex.o
HAL_PWREx_ADCVM_Rising_Callback                   build/stm32n6xx_hal_pwr_ex.o
HAL_PWREx_ConfigPVM                               build/stm32n6xx_hal_pwr_ex.o
HAL_PWREx_ConfigSupply                            build/stm32n6xx_hal_pwr_ex.o
HAL_PWREx_ConfigVDDCOREVM                         build/stm32n6xx_hal_pwr_ex.o
HAL_PWREx_ConfigVddIORange                        build/stm32n6xx_hal_pwr_ex.o
HAL_PWREx_ControlStopModeVoltageScaling           build/stm32n6xx_hal_pwr_ex.o
HAL_PWREx_ControlVoltageScaling                   build/stm32n6xx_hal_pwr_ex.o
HAL_PWREx_DisableBkupRAMRetention                 build/stm32n6xx_hal_pwr_ex.o
HAL_PWREx_DisableMonitoring                       build/stm32n6xx_hal_pwr_ex.o
HAL_PWREx_DisablePullDownOutput                   build/stm32n6xx_hal_pwr_ex.o
HAL_PWREx_DisableSMPSPWM                          build/stm32n6xx_hal_pwr_ex.o
HAL_PWREx_DisableTCMFLXRetention                  build/stm32n6xx_hal_pwr_ex.o
HAL_PWREx_DisableTCMRetention                     build/stm32n6xx_hal_pwr_ex.o
HAL_PWREx_DisableVDDCOREMonitoring                build/stm32n6xx_hal_pwr_ex.o
HAL_PWREx_DisableVddA                             build/stm32n6xx_hal_pwr_ex.o
HAL_PWREx_DisableVddAVMEN                         build/stm32n6xx_hal_pwr_ex.o
HAL_PWREx_DisableVddIO2                           build/stm32n6xx_hal_pwr_ex.o
HAL_PWREx_DisableVddIO2VMEN                       build/stm32n6xx_hal_pwr_ex.o
HAL_PWREx_DisableVddIO3                           build/stm32n6xx_hal_pwr_ex.o
HAL_PWREx_DisableVddIO3VMEN                       build/stm32n6xx_hal_pwr_ex.o
HAL_PWREx_DisableVddIO4                           build/stm32n6xx_hal_pwr_ex.o
HAL_PWREx_DisableVddIO4RangeSTBY                  build/stm32n6xx_hal_pwr_ex.o
HAL_PWREx_DisableVddIO4VMEN                       build/stm32n6xx_hal_pwr_ex.o
HAL_PWREx_DisableVddIO5                           build/stm32n6xx_hal_pwr_ex.o
HAL_PWREx_DisableVddIO5RangeSTBY                  build/stm32n6xx_hal_pwr_ex.o
HAL_PWREx_DisableVddIO5VMEN                       build/stm32n6xx_hal_pwr_ex.o
HAL_PWREx_DisableVddUSB                           build/stm32n6xx_hal_pwr_ex.o
HAL_PWREx_DisableVddUSBVMEN                       build/stm32n6xx_hal_pwr_ex.o
HAL_PWREx_EnableBkupRAMRetention                  build/stm32n6xx_hal_pwr_ex.o
HAL_PWREx_EnableMonitoring                        build/stm32n6xx_hal_pwr_ex.o
HAL_PWREx_EnablePullDownOutput                    build/stm32n6xx_hal_pwr_ex.o
HAL_PWREx_EnableSMPSPWM                           build/stm32n6xx_hal_pwr_ex.o
HAL_PWREx_EnableTCMFLXRetention                   build/stm32n6xx_hal_pwr_ex.o
HAL_PWREx_EnableTCMRetention                      build/stm32n6xx_hal_pwr_ex.o
HAL_PWREx_EnableVDDCOREMonitoring                 build/stm32n6xx_hal_pwr_ex.o
HAL_PWREx_EnableVddA                              build/stm32n6xx_hal_pwr_ex.o
HAL_PWREx_EnableVddAVMEN                          build/stm32n6xx_hal_pwr_ex.o
HAL_PWREx_EnableVddIO2                            build/stm32n6xx_hal_pwr_ex.o
HAL_PWREx_EnableVddIO2VMEN                        build/stm32n6xx_hal_pwr_ex.o
HAL_PWREx_EnableVddIO3                            build/stm32n6xx_hal_pwr_ex.o
HAL_PWREx_EnableVddIO3VMEN                        build/stm32n6xx_hal_pwr_ex.o
HAL_PWREx_EnableVddIO4                            build/stm32n6xx_hal_pwr_ex.o
HAL_PWREx_EnableVddIO4RangeSTBY                   build/stm32n6xx_hal_pwr_ex.o
HAL_PWREx_EnableVddIO4VMEN                        build/stm32n6xx_hal_pwr_ex.o
HAL_PWREx_EnableVddIO5                            build/stm32n6xx_hal_pwr_ex.o
HAL_PWREx_EnableVddIO5RangeSTBY                   build/stm32n6xx_hal_pwr_ex.o
HAL_PWREx_EnableVddIO5VMEN                        build/stm32n6xx_hal_pwr_ex.o
HAL_PWREx_EnableVddUSB                            build/stm32n6xx_hal_pwr_ex.o
HAL_PWREx_EnableVddUSBVMEN                        build/stm32n6xx_hal_pwr_ex.o
HAL_PWREx_EnableWakeUpPin                         build/stm32n6xx_hal_pwr_ex.o
HAL_PWREx_GetPulseLow                             build/stm32n6xx_hal_pwr_ex.o
HAL_PWREx_GetStopModeVoltageRange                 build/stm32n6xx_hal_pwr_ex.o
HAL_PWREx_GetSupplyConfig                         build/stm32n6xx_hal_pwr_ex.o
HAL_PWREx_GetTemperatureLevel                     build/stm32n6xx_hal_pwr_ex.o
HAL_PWREx_GetVBATLevel                            build/stm32n6xx_hal_pwr_ex.o
HAL_PWREx_GetVDDCORELevel                         build/stm32n6xx_hal_pwr_ex.o
HAL_PWREx_GetVddIORange                           build/stm32n6xx_hal_pwr_ex.o
HAL_PWREx_GetVoltageRange                         build/stm32n6xx_hal_pwr_ex.o
HAL_PWREx_IO2VM_Falling_Callback                  build/stm32n6xx_hal_pwr_ex.o
HAL_PWREx_IO2VM_Rising_Callback                   build/stm32n6xx_hal_pwr_ex.o
HAL_PWREx_IO3VM_Falling_Callback                  build/stm32n6xx_hal_pwr_ex.o
HAL_PWREx_IO3VM_Rising_Callback                   build/stm32n6xx_hal_pwr_ex.o
HAL_PWREx_IO4VM_Falling_Callback                  build/stm32n6xx_hal_pwr_ex.o
HAL_PWREx_IO4VM_Rising_Callback                   build/stm32n6xx_hal_pwr_ex.o
HAL_PWREx_IO5VM_Falling_Callback                  build/stm32n6xx_hal_pwr_ex.o
HAL_PWREx_IO5VM_Rising_Callback                   build/stm32n6xx_hal_pwr_ex.o
HAL_PWREx_PVD_PVM_IRQHandler                      build/stm32n6xx_hal_pwr_ex.o
HAL_PWREx_SetPulseLow                             build/stm32n6xx_hal_pwr_ex.o
HAL_PWREx_USBVM_Falling_Callback                  build/stm32n6xx_hal_pwr_ex.o
HAL_PWREx_USBVM_Rising_Callback                   build/stm32n6xx_hal_pwr_ex.o
HAL_PWREx_VDDCORE_Falling_Callback                build/stm32n6xx_hal_pwr_ex.o
HAL_PWREx_VDDCORE_Rising_Callback                 build/stm32n6xx_hal_pwr_ex.o
HAL_PWR_ClearWakeupFlag                           build/stm32n6xx_hal_pwr.o
HAL_PWR_ConfigAttributes                          build/stm32n6xx_hal_pwr.o
HAL_PWR_ConfigPVD                                 build/stm32n6xx_hal_pwr.o
HAL_PWR_DeInit                                    build/stm32n6xx_hal_pwr.o
HAL_PWR_DisableBkUpAccess                         build/stm32n6xx_hal_pwr.o
HAL_PWR_DisablePVD                                build/stm32n6xx_hal_pwr.o
HAL_PWR_DisableSEVOnPend                          build/stm32n6xx_hal_pwr.o
HAL_PWR_DisableSleepOnExit                        build/stm32n6xx_hal_pwr.o
HAL_PWR_DisableWakeUpPin                          build/stm32n6xx_hal_pwr.o
HAL_PWR_EnableBkUpAccess                          build/stm32n6xx_hal_pwr.o
HAL_PWR_EnablePVD                                 build/stm32n6xx_hal_pwr.o
HAL_PWR_EnableSEVOnPend                           build/stm32n6xx_hal_pwr.o
HAL_PWR_EnableSleepOnExit                         build/stm32n6xx_hal_pwr.o
HAL_PWR_EnableWakeUpPin                           build/stm32n6xx_hal_pwr.o
HAL_PWR_EnterSLEEPMode                            build/stm32n6xx_hal_pwr.o
HAL_PWR_EnterSTANDBYMode                          build/stm32n6xx_hal_pwr.o
HAL_PWR_EnterSTOPMode                             build/stm32n6xx_hal_pwr.o
HAL_PWR_GetConfigAttributes                       build/stm32n6xx_hal_pwr.o
HAL_PWR_GetWakeupFlag                             build/stm32n6xx_hal_pwr.o
HAL_PWR_PVD_Falling_Callback                      build/stm32n6xx_hal_pwr.o
                                                  build/stm32n6xx_hal_pwr_ex.o
HAL_PWR_PVD_Rising_Callback                       build/stm32n6xx_hal_pwr.o
                                                  build/stm32n6xx_hal_pwr_ex.o
HAL_PWR_WAKEUP_PIN_IRQHandler                     build/stm32n6xx_hal_pwr.o
HAL_PWR_WKUP1_Callback                            build/stm32n6xx_hal_pwr.o
HAL_PWR_WKUP2_Callback                            build/stm32n6xx_hal_pwr.o
HAL_PWR_WKUP3_Callback                            build/stm32n6xx_hal_pwr.o
HAL_PWR_WKUP4_Callback                            build/stm32n6xx_hal_pwr.o
HAL_RCCEx_DisableLSECSS                           build/stm32n6xx_hal_rcc_ex.o
HAL_RCCEx_DisableLSECSS_IT                        build/stm32n6xx_hal_rcc_ex.o
HAL_RCCEx_EnableLSECSS                            build/stm32n6xx_hal_rcc_ex.o
HAL_RCCEx_EnableLSECSS_IT                         build/stm32n6xx_hal_rcc_ex.o
HAL_RCCEx_GetPLL1CLKFreq                          build/stm32n6xx_hal_rcc_ex.o
                                                  build/stm32n6xx_hal_rcc.o
HAL_RCCEx_GetPLL2CLKFreq                          build/stm32n6xx_hal_rcc_ex.o
                                                  build/stm32n6xx_hal_rcc.o
HAL_RCCEx_GetPLL3CLKFreq                          build/stm32n6xx_hal_rcc_ex.o
                                                  build/stm32n6xx_hal_rcc.o
HAL_RCCEx_GetPLL4CLKFreq                          build/stm32n6xx_hal_rcc_ex.o
                                                  build/stm32n6xx_hal_rcc.o
HAL_RCCEx_GetPeriphCLKConfig                      build/stm32n6xx_hal_rcc_ex.o
HAL_RCCEx_GetPeriphCLKFreq                        build/stm32n6xx_hal_rcc_ex.o
                                                  build/stm32n6xx_hal_uart.o
HAL_RCCEx_GetTIMGFreq                             build/stm32n6xx_hal_rcc_ex.o
HAL_RCCEx_LSECSS_Callback                         build/stm32n6xx_hal_rcc_ex.o
HAL_RCCEx_LSECSS_IRQHandler                       build/stm32n6xx_hal_rcc_ex.o
HAL_RCCEx_PLLSSCGConfig                           build/stm32n6xx_hal_rcc_ex.o
HAL_RCCEx_PeriphCLKConfig                         build/stm32n6xx_hal_rcc_ex.o
                                                  build/stm32n6xx_hal_msp.o
HAL_RCCEx_ReArmLSECSS                             build/stm32n6xx_hal_rcc_ex.o
HAL_RCCEx_WakeUpStopCLKConfig                     build/stm32n6xx_hal_rcc_ex.o
HAL_RCC_CSSCallback                               build/stm32n6xx_hal_rcc.o
HAL_RCC_ClockConfig                               build/stm32n6xx_hal_rcc.o
HAL_RCC_ConfigAttributes                          build/stm32n6xx_hal_rcc.o
HAL_RCC_DeInit                                    build/stm32n6xx_hal_rcc.o
HAL_RCC_EnableCSS                                 build/stm32n6xx_hal_rcc.o
HAL_RCC_GetClockConfig                            build/stm32n6xx_hal_rcc.o
HAL_RCC_GetConfigAttributes                       build/stm32n6xx_hal_rcc.o
HAL_RCC_GetCpuClockFreq                           build/stm32n6xx_hal_rcc.o
HAL_RCC_GetHCLKFreq                               build/stm32n6xx_hal_rcc.o
HAL_RCC_GetNPUClockFreq                           build/stm32n6xx_hal_rcc.o
HAL_RCC_GetNPURAMSClockFreq                       build/stm32n6xx_hal_rcc.o
HAL_RCC_GetOscConfig                              build/stm32n6xx_hal_rcc.o
HAL_RCC_GetPCLK1Freq                              build/stm32n6xx_hal_rcc.o
HAL_RCC_GetPCLK2Freq                              build/stm32n6xx_hal_rcc.o
HAL_RCC_GetPCLK4Freq                              build/stm32n6xx_hal_rcc.o
HAL_RCC_GetPCLK5Freq                              build/stm32n6xx_hal_rcc.o
HAL_RCC_GetSysClockFreq                           build/stm32n6xx_hal_rcc.o
                                                  build/stm32n6xx_hal_rcc_ex.o
HAL_RCC_MCOConfig                                 build/stm32n6xx_hal_rcc.o
HAL_RCC_NMI_IRQHandler                            build/stm32n6xx_hal_rcc.o
HAL_RCC_OscConfig                                 build/stm32n6xx_hal_rcc.o
HAL_RIF_IAC_ClearFlag                             build/stm32n6xx_hal_rif.o
HAL_RIF_IAC_DisableIT                             build/stm32n6xx_hal_rif.o
HAL_RIF_IAC_EnableIT                              build/stm32n6xx_hal_rif.o
HAL_RIF_IAC_GetFlag                               build/stm32n6xx_hal_rif.o
HAL_RIF_ILA_Callback                              build/stm32n6xx_hal_rif.o
HAL_RIF_IRQHandler                                build/stm32n6xx_hal_rif.o
HAL_RIF_RIMC_ConfigMasterAttributes               build/stm32n6xx_hal_rif.o
                                                  build/main.o
HAL_RIF_RIMC_GetConfigMasterAttributes            build/stm32n6xx_hal_rif.o
HAL_RIF_RIMC_GetDebugAccessPortCID                build/stm32n6xx_hal_rif.o
HAL_RIF_RIMC_GetLock                              build/stm32n6xx_hal_rif.o
HAL_RIF_RIMC_Lock                                 build/stm32n6xx_hal_rif.o
HAL_RIF_RIMC_SetDebugAccessPortCID                build/stm32n6xx_hal_rif.o
HAL_RIF_RISAF_ConfigBaseRegion                    build/stm32n6xx_hal_rif.o
HAL_RIF_RISAF_ConfigSubRegion                     build/stm32n6xx_hal_rif.o
HAL_RIF_RISAF_ConfigSubRegionDelegation           build/stm32n6xx_hal_rif.o
HAL_RIF_RISAF_GetConfigBaseRegion                 build/stm32n6xx_hal_rif.o
HAL_RIF_RISAF_GetConfigSubRegion                  build/stm32n6xx_hal_rif.o
HAL_RIF_RISAF_GetConfigSubRegionDelegation        build/stm32n6xx_hal_rif.o
HAL_RIF_RISAF_GetIllegalAccess                    build/stm32n6xx_hal_rif.o
HAL_RIF_RISAF_GetLock                             build/stm32n6xx_hal_rif.o
HAL_RIF_RISAF_Lock                                build/stm32n6xx_hal_rif.o
HAL_RIF_RISC_GetLock                              build/stm32n6xx_hal_rif.o
HAL_RIF_RISC_GetSlaveConfigLock                   build/stm32n6xx_hal_rif.o
HAL_RIF_RISC_GetSlaveSecureAttributes             build/stm32n6xx_hal_rif.o
HAL_RIF_RISC_Lock                                 build/stm32n6xx_hal_rif.o
HAL_RIF_RISC_SetSlaveSecureAttributes             build/stm32n6xx_hal_rif.o
HAL_RIF_RISC_SlaveConfigLock                      build/stm32n6xx_hal_rif.o
HAL_ResumeTick                                    build/stm32n6xx_hal.o
HAL_SYSCFG_ConfigTimerBreakInput                  build/stm32n6xx_hal.o
HAL_SYSCFG_ConfigVDDCompensationCell              build/stm32n6xx_hal.o
HAL_SYSCFG_ConfigVDDIOCompensationCell            build/stm32n6xx_hal.o
HAL_SYSCFG_DisableCRYPPotentialTamper             build/stm32n6xx_hal.o
HAL_SYSCFG_DisableCacheExternalMargin             build/stm32n6xx_hal.o
HAL_SYSCFG_DisableDTCMWaiteState                  build/stm32n6xx_hal.o
HAL_SYSCFG_DisableITCMWaiteState                  build/stm32n6xx_hal.o
HAL_SYSCFG_DisableInterleavingCpuRam              build/stm32n6xx_hal.o
HAL_SYSCFG_DisableLockupGenerateNMI               build/stm32n6xx_hal.o
HAL_SYSCFG_DisableLockupWarmResetonRCC            build/stm32n6xx_hal.o
HAL_SYSCFG_DisablePowerOnReset                    build/stm32n6xx_hal.o
HAL_SYSCFG_DisablePullDown                        build/stm32n6xx_hal.o
HAL_SYSCFG_DisableReTimingRXpath                  build/stm32n6xx_hal.o
HAL_SYSCFG_DisableReTimingTXpath                  build/stm32n6xx_hal.o
HAL_SYSCFG_DisableSDMMCEarlyWRRSP                 build/stm32n6xx_hal.o
HAL_SYSCFG_DisableTCMExternalMargin               build/stm32n6xx_hal.o
HAL_SYSCFG_DisableUSBEarlyEarlyWRRESP             build/stm32n6xx_hal.o
HAL_SYSCFG_DisableVDDCompensationCell             build/stm32n6xx_hal.o
HAL_SYSCFG_DisableVDDIO2CompensationCell          build/stm32n6xx_hal.o
HAL_SYSCFG_DisableVDDIO3CompensationCell          build/stm32n6xx_hal.o
HAL_SYSCFG_DisableVDDIO4CompensationCell          build/stm32n6xx_hal.o
HAL_SYSCFG_DisableVDDIO5CompensationCell          build/stm32n6xx_hal.o
HAL_SYSCFG_DisableVENCRAMReserved                 build/stm32n6xx_hal.o
HAL_SYSCFG_DisablexPUClockGating                  build/stm32n6xx_hal.o
HAL_SYSCFG_EnableCRYPPotentialTamper              build/stm32n6xx_hal.o
HAL_SYSCFG_EnableCacheExternalMargin              build/stm32n6xx_hal.o
HAL_SYSCFG_EnableDTCMWaiteState                   build/stm32n6xx_hal.o
HAL_SYSCFG_EnableITCMWaiteState                   build/stm32n6xx_hal.o
HAL_SYSCFG_EnableInterleavingCpuRam               build/stm32n6xx_hal.o
HAL_SYSCFG_EnableLockupGenerateNMI                build/stm32n6xx_hal.o
HAL_SYSCFG_EnableLockupWarmResetonRCC             build/stm32n6xx_hal.o
HAL_SYSCFG_EnablePowerOnReset                     build/stm32n6xx_hal.o
HAL_SYSCFG_EnablePullDown                         build/stm32n6xx_hal.o
HAL_SYSCFG_EnableReTimingRXpath                   build/stm32n6xx_hal.o
HAL_SYSCFG_EnableReTimingTXpath                   build/stm32n6xx_hal.o
HAL_SYSCFG_EnableSDMMCEarlyWRRESP                 build/stm32n6xx_hal.o
HAL_SYSCFG_EnableTCMExternalMargin                build/stm32n6xx_hal.o
HAL_SYSCFG_EnableUSBEarlyEarlyWRRESP              build/stm32n6xx_hal.o
HAL_SYSCFG_EnableVDDCompensationCell              build/stm32n6xx_hal.o
HAL_SYSCFG_EnableVDDIO2CompensationCell           build/stm32n6xx_hal.o
HAL_SYSCFG_EnableVDDIO3CompensationCell           build/stm32n6xx_hal.o
HAL_SYSCFG_EnableVDDIO4CompensationCell           build/stm32n6xx_hal.o
HAL_SYSCFG_EnableVDDIO5CompensationCell           build/stm32n6xx_hal.o
HAL_SYSCFG_EnableVENCRAMReserved                  build/stm32n6xx_hal.o
HAL_SYSCFG_EnablexPUClockGating                   build/stm32n6xx_hal.o
HAL_SYSCFG_GetAddressWritePostingBuffer           build/stm32n6xx_hal.o
HAL_SYSCFG_GetBootPinConnection                   build/stm32n6xx_hal.o
HAL_SYSCFG_GetCacheBiasingLevel                   build/stm32n6xx_hal.o
HAL_SYSCFG_GetCacheRWMarginInput                  build/stm32n6xx_hal.o
HAL_SYSCFG_GetCompVDDIO2CellReadyStatus           build/stm32n6xx_hal.o
HAL_SYSCFG_GetCompVDDIO3CellReadyStatus           build/stm32n6xx_hal.o
HAL_SYSCFG_GetCompVDDIO4CellReadyStatus           build/stm32n6xx_hal.o
HAL_SYSCFG_GetCompVDDIO5CellReadyStatus           build/stm32n6xx_hal.o
HAL_SYSCFG_GetCompensationVDDCellReadyStatus      build/stm32n6xx_hal.o
HAL_SYSCFG_GetDelayOnFeedbackClock                build/stm32n6xx_hal.o
HAL_SYSCFG_GetLock                                build/stm32n6xx_hal.o
HAL_SYSCFG_GetLockWriteAccess                     build/stm32n6xx_hal.o
HAL_SYSCFG_GetNSVTORAddress                       build/stm32n6xx_hal.o
HAL_SYSCFG_GetPerceivedCID                        build/stm32n6xx_hal.o
HAL_SYSCFG_GetPerceivedPrivCID                    build/stm32n6xx_hal.o
HAL_SYSCFG_GetReadQosCPUSS                        build/stm32n6xx_hal.o
HAL_SYSCFG_GetReadQosNP1                          build/stm32n6xx_hal.o
HAL_SYSCFG_GetReadQosNP2                          build/stm32n6xx_hal.o
HAL_SYSCFG_GetSVTORAddress                        build/stm32n6xx_hal.o
HAL_SYSCFG_GetTCMBiasingLevel                     build/stm32n6xx_hal.o
HAL_SYSCFG_GetTCMRWMarginInput                    build/stm32n6xx_hal.o
HAL_SYSCFG_GetTCMSize                             build/stm32n6xx_hal.o
HAL_SYSCFG_GetTimerBreakInputConfig               build/stm32n6xx_hal.o
HAL_SYSCFG_GetVDDCompensationCell                 build/stm32n6xx_hal.o
HAL_SYSCFG_GetVDDIOCompensationCell               build/stm32n6xx_hal.o
HAL_SYSCFG_GetWriteQosNP1                         build/stm32n6xx_hal.o
HAL_SYSCFG_GetWriteQosNP2                         build/stm32n6xx_hal.o
HAL_SYSCFG_GetwriteQosCPUSS                       build/stm32n6xx_hal.o
HAL_SYSCFG_Lock                                   build/stm32n6xx_hal.o
HAL_SYSCFG_LockWriteAccess                        build/stm32n6xx_hal.o
HAL_SYSCFG_ReEnableWritePostingErrorCapture       build/stm32n6xx_hal.o
HAL_SYSCFG_SetCacheBiasingLevel                   build/stm32n6xx_hal.o
HAL_SYSCFG_SetCacheRWMarginInput                  build/stm32n6xx_hal.o
HAL_SYSCFG_SetDelayOnFeedbackClock                build/stm32n6xx_hal.o
HAL_SYSCFG_SetNSVTORAddress                       build/stm32n6xx_hal.o
HAL_SYSCFG_SetPerceivedCID                        build/stm32n6xx_hal.o
HAL_SYSCFG_SetPerceivedPrivCID                    build/stm32n6xx_hal.o
HAL_SYSCFG_SetReadQosCPUSS                        build/stm32n6xx_hal.o
HAL_SYSCFG_SetReadQosNP1                          build/stm32n6xx_hal.o
HAL_SYSCFG_SetReadQosNP2                          build/stm32n6xx_hal.o
HAL_SYSCFG_SetSVTORAddress                        build/stm32n6xx_hal.o
HAL_SYSCFG_SetTCMBiasingLevel                     build/stm32n6xx_hal.o
HAL_SYSCFG_SetTCMRWMarginInput                    build/stm32n6xx_hal.o
HAL_SYSCFG_SetTCMSize                             build/stm32n6xx_hal.o
HAL_SYSCFG_SetWriteQosCPUSS                       build/stm32n6xx_hal.o
HAL_SYSCFG_SetWriteQosNP1                         build/stm32n6xx_hal.o
HAL_SYSCFG_SetWriteQosNP2                         build/stm32n6xx_hal.o
HAL_SYSTICK_CLKSourceConfig                       build/stm32n6xx_hal_cortex.o
HAL_SYSTICK_Callback                              build/stm32n6xx_hal_cortex.o
HAL_SYSTICK_Config                                build/stm32n6xx_hal_cortex.o
                                                  build/stm32n6xx_hal.o
HAL_SYSTICK_IRQHandler                            build/stm32n6xx_hal_cortex.o
HAL_SetTickFreq                                   build/stm32n6xx_hal.o
HAL_SuspendTick                                   build/stm32n6xx_hal.o
HAL_UARTEx_RxEventCallback                        build/stm32n6xx_hal_uart.o
HAL_UARTEx_RxFifoFullCallback                     build/stm32n6xx_hal_uart.o
HAL_UARTEx_TxFifoEmptyCallback                    build/stm32n6xx_hal_uart.o
HAL_UARTEx_WakeupCallback                         build/stm32n6xx_hal_uart.o
HAL_UART_Abort                                    build/stm32n6xx_hal_uart.o
HAL_UART_AbortCpltCallback                        build/stm32n6xx_hal_uart.o
HAL_UART_AbortReceive                             build/stm32n6xx_hal_uart.o
HAL_UART_AbortReceiveCpltCallback                 build/stm32n6xx_hal_uart.o
HAL_UART_AbortReceive_IT                          build/stm32n6xx_hal_uart.o
HAL_UART_AbortTransmit                            build/stm32n6xx_hal_uart.o
HAL_UART_AbortTransmitCpltCallback                build/stm32n6xx_hal_uart.o
HAL_UART_AbortTransmit_IT                         build/stm32n6xx_hal_uart.o
HAL_UART_Abort_IT                                 build/stm32n6xx_hal_uart.o