Archive member included to satisfy reference by file (symbol)

/usr/lib/gcc/arm-none-eabi/16.1.0/../../../../arm-none-eabi/lib/thumb/v8-m.main+dp/hard/libc_nano.a(libc_a-assert.o)
                              build/cmw_camera.o (__assert_func)
/usr/lib/gcc/arm-none-eabi/16.1.0/../../../../arm-none-eabi/lib/thumb/v8-m.main+dp/hard/libc_nano.a(libc_a-atexit.o)
                              /usr/lib/gcc/arm-none-eabi/16.1.0/../../../../arm-none-eabi/lib/thumb/v8-m.main+dp/hard/crt0.o (atexit)
/usr/lib/gcc/arm-none-eabi/16.1.0/../../../../arm-none-eabi/lib/thumb/v8-m.main+dp/hard/libc_nano.a(libc_a-exit.o)
                              /usr/lib/gcc/arm-none-eabi/16.1.0/../../../../arm-none-eabi/lib/thumb/v8-m.main+dp/hard/crt0.o (exit)
/usr/lib/gcc/arm-none-eabi/16.1.0/../../../../arm-none-eabi/lib/thumb/v8-m.main+dp/hard/libc_nano.a(libc_a-findfp.o)
                              /usr/lib/gcc/arm-none-eabi/16.1.0/../../../../arm-none-eabi/lib/thumb/v8-m.main+dp/hard/libc_nano.a(libc_a-exit.o) (__stdio_exit_handler)
/usr/lib/gcc/arm-none-eabi/16.1.0/../../../../arm-none-eabi/lib/thumb/v8-m.main+dp/hard/libc_nano.a(libc_a-fprintf.o)
                              /usr/lib/gcc/arm-none-eabi/16.1.0/../../../../arm-none-eabi/lib/thumb/v8-m.main+dp/hard/libc_nano.a(libc_a-assert.o) (fiprintf)
/usr/lib/gcc/arm-none-eabi/16.1.0/../../../../arm-none-eabi/lib/thumb/v8-m.main+dp/hard/libc_nano.a(libc_a-fwalk.o)
                              /usr/lib/gcc/arm-none-eabi/16.1.0/../../../../arm-none-eabi/lib/thumb/v8-m.main+dp/hard/libc_nano.a(libc_a-findfp.o) (_fwalk_sglue)
/usr/lib/gcc/arm-none-eabi/16.1.0/../../../../arm-none-eabi/lib/thumb/v8-m.main+dp/hard/libc_nano.a(libc_a-printf.o)
                              build/isp_core.o (printf)
/usr/lib/gcc/arm-none-eabi/16.1.0/../../../../arm-none-eabi/lib/thumb/v8-m.main+dp/hard/libc_nano.a(libc_a-puts.o)
                              build/isp_core.o (puts)
/usr/lib/gcc/arm-none-eabi/16.1.0/../../../../arm-none-eabi/lib/thumb/v8-m.main+dp/hard/libc_nano.a(libc_a-stdio.o)
                              /usr/lib/gcc/arm-none-eabi/16.1.0/../../../../arm-none-eabi/lib/thumb/v8-m.main+dp/hard/libc_nano.a(libc_a-findfp.o) (__sread)
/usr/lib/gcc/arm-none-eabi/16.1.0/../../../../arm-none-eabi/lib/thumb/v8-m.main+dp/hard/libc_nano.a(libc_a-wbuf.o)
                              /usr/lib/gcc/arm-none-eabi/16.1.0/../../../../arm-none-eabi/lib/thumb/v8-m.main+dp/hard/libc_nano.a(libc_a-puts.o) (__swbuf_r)
/usr/lib/gcc/arm-none-eabi/16.1.0/../../../../arm-none-eabi/lib/thumb/v8-m.main+dp/hard/libc_nano.a(libc_a-wsetup.o)
                              /usr/lib/gcc/arm-none-eabi/16.1.0/../../../../arm-none-eabi/lib/thumb/v8-m.main+dp/hard/libc_nano.a(libc_a-puts.o) (__swsetup_r)
/usr/lib/gcc/arm-none-eabi/16.1.0/../../../../arm-none-eabi/lib/thumb/v8-m.main+dp/hard/libc_nano.a(libc_a-memset.o)
                              /usr/lib/gcc/arm-none-eabi/16.1.0/../../../../arm-none-eabi/lib/thumb/v8-m.main+dp/hard/crt0.o (memset)
/usr/lib/gcc/arm-none-eabi/16.1.0/../../../../arm-none-eabi/lib/thumb/v8-m.main+dp/hard/libc_nano.a(libc_a-closer.o)
                              /usr/lib/gcc/arm-none-eabi/16.1.0/../../../../arm-none-eabi/lib/thumb/v8-m.main+dp/hard/libc_nano.a(libc_a-stdio.o) (_close_r)
/usr/lib/gcc/arm-none-eabi/16.1.0/../../../../arm-none-eabi/lib/thumb/v8-m.main+dp/hard/libc_nano.a(libc_a-reent.o)
                              /usr/lib/gcc/arm-none-eabi/16.1.0/../../../../arm-none-eabi/lib/thumb/v8-m.main+dp/hard/libc_nano.a(libc_a-closer.o) (errno)
/usr/lib/gcc/arm-none-eabi/16.1.0/../../../../arm-none-eabi/lib/thumb/v8-m.main+dp/hard/libc_nano.a(libc_a-impure.o)
                              /usr/lib/gcc/arm-none-eabi/16.1.0/../../../../arm-none-eabi/lib/thumb/v8-m.main+dp/hard/libc_nano.a(libc_a-assert.o) (_impure_ptr)
/usr/lib/gcc/arm-none-eabi/16.1.0/../../../../arm-none-eabi/lib/thumb/v8-m.main+dp/hard/libc_nano.a(libc_a-lseekr.o)
                              /usr/lib/gcc/arm-none-eabi/16.1.0/../../../../arm-none-eabi/lib/thumb/v8-m.main+dp/hard/libc_nano.a(libc_a-stdio.o) (_lseek_r)
/usr/lib/gcc/arm-none-eabi/16.1.0/../../../../arm-none-eabi/lib/thumb/v8-m.main+dp/hard/libc_nano.a(libc_a-readr.o)
                              /usr/lib/gcc/arm-none-eabi/16.1.0/../../../../arm-none-eabi/lib/thumb/v8-m.main+dp/hard/libc_nano.a(libc_a-stdio.o) (_read_r)
/usr/lib/gcc/arm-none-eabi/16.1.0/../../../../arm-none-eabi/lib/thumb/v8-m.main+dp/hard/libc_nano.a(libc_a-writer.o)
                              /usr/lib/gcc/arm-none-eabi/16.1.0/../../../../arm-none-eabi/lib/thumb/v8-m.main+dp/hard/libc_nano.a(libc_a-stdio.o) (_write_r)
/usr/lib/gcc/arm-none-eabi/16.1.0/../../../../arm-none-eabi/lib/thumb/v8-m.main+dp/hard/libc_nano.a(libc_a-errno.o)
                              build/sysmem.o (__errno)
/usr/lib/gcc/arm-none-eabi/16.1.0/../../../../arm-none-eabi/lib/thumb/v8-m.main+dp/hard/libc_nano.a(libc_a-init.o)
[...]
Memory Configuration

Name             Origin             Length             Attributes
ROM              0x34180400         0x0003fc00         xrw
RAM              0x341c0000         0x00040000         xrw
*default*        0x00000000         0xffffffff

Linker script and memory map

LOAD /usr/lib/gcc/arm-none-eabi/16.1.0/thumb/v8-m.main+dp/hard/crti.o
LOAD /usr/lib/gcc/arm-none-eabi/16.1.0/thumb/v8-m.main+dp/hard/crtbegin.o
LOAD /usr/lib/gcc/arm-none-eabi/16.1.0/../../../../arm-none-eabi/lib/thumb/v8-m.main+dp/hard/crt0.o
LOAD build/main.o
LOAD build/camera.o
LOAD build/stm32n6xx_it.o
LOAD build/stm32n6xx_hal_msp.o
LOAD build/system_stm32n6xx_fsbl.o
LOAD build/stm32n6xx_nucleo.o
LOAD build/sysmem.o
LOAD build/syscalls.o
LOAD build/stm32n6xx_hal.o
LOAD build/stm32n6xx_hal_rcc.o
LOAD build/stm32n6xx_hal_rcc_ex.o
LOAD build/stm32n6xx_hal_gpio.o
LOAD build/stm32n6xx_hal_pwr.o
LOAD build/stm32n6xx_hal_pwr_ex.o
LOAD build/stm32n6xx_hal_cortex.o
LOAD build/stm32n6xx_hal_dcmipp.o
LOAD build/stm32n6xx_hal_i2c.o
LOAD build/stm32n6xx_hal_i2c_ex.o
LOAD build/stm32n6xx_hal_xspi.o
LOAD build/stm32n6xx_hal_bsec.o
LOAD build/stm32n6xx_hal_exti.o
LOAD build/stm32n6xx_hal_uart.o
LOAD build/stm32n6xx_nucleo_bus.o
LOAD build/cmw_camera.o
LOAD build/cmw_utils.o
LOAD build/isp_core.o
LOAD build/isp_services.o
LOAD build/isp_algo.o
LOAD build/isp_ae_algo.o
LOAD build/isp_awb_algo.o
LOAD build/cmw_imx335.o
LOAD build/imx335.o
LOAD build/imx335_reg.o
LOAD build/startup_stm32n657xx_fsbl.o
LOAD /usr/lib/gcc/arm-none-eabi/16.1.0/../../../../arm-none-eabi/lib/thumb/v8-m.main+dp/hard/libc_nano.a
LOAD /usr/lib/gcc/arm-none-eabi/16.1.0/../../../../arm-none-eabi/lib/thumb/v8-m.main+dp/hard/libm.a
LOAD /usr/lib/gcc/arm-none-eabi/16.1.0/../../../../arm-none-eabi/lib/thumb/v8-m.main+dp/hard/libnosys.a
START GROUP
LOAD /usr/lib/gcc/arm-none-eabi/16.1.0/thumb/v8-m.main+dp/hard/libgcc.a
LOAD /usr/lib/gcc/arm-none-eabi/16.1.0/../../../../arm-none-eabi/lib/thumb/v8-m.main+dp/hard/libc_nano.a
END GROUP
START GROUP
LOAD /usr/lib/gcc/arm-none-eabi/16.1.0/thumb/v8-m.main+dp/hard/libgcc.a
LOAD /usr/lib/gcc/arm-none-eabi/16.1.0/../../../../arm-none-eabi/lib/thumb/v8-m.main+dp/hard/libc_nano.a
END GROUP
LOAD /usr/lib/gcc/arm-none-eabi/16.1.0/thumb/v8-m.main+dp/hard/crtend.o
LOAD /usr/lib/gcc/arm-none-eabi/16.1.0/thumb/v8-m.main+dp/hard/crtn.o
                0x34200000                        _estack = (ORIGIN (RAM) + LENGTH (RAM))
                0x341ff800                        _sstack = (_estack - _Min_Stack_Size)
                0x00000200                        _Min_Heap_Size = 0x200
                0x00000800                        _Min_Stack_Size = 0x800

.isr_vector     0x34180400      0x34c
                0x34180400                        . = ALIGN (0x4)
 *(.isr_vector)
 .isr_vector    0x34180400      0x34c build/startup_stm32n657xx_fsbl.o
                0x34180400                g_pfnVectors
                0x3418074c                        . = ALIGN (0x4)

.text           0x3418074c     0x7354
                0x3418074c                        . = ALIGN (0x4)
 *(.text)
 .text          0x3418074c       0x30 /usr/lib/gcc/arm-none-eabi/16.1.0/thumb/v8-m.main+dp/hard/libgcc.a(_aeabi_uldivmod.o)
                0x3418074c                __aeabi_uldivmod
 .text          0x3418077c        0x4 /usr/lib/gcc/arm-none-eabi/16.1.0/thumb/v8-m.main+dp/hard/libgcc.a(_dvmd_tls.o)
                0x3418077c                __aeabi_ldiv0
                0x3418077c                __aeabi_idiv0
 *(.text*)
 .text.__do_global_dtors_aux
                0x34180780       0x24 /usr/lib/gcc/arm-none-eabi/16.1.0/thumb/v8-m.main+dp/hard/crtbegin.o
 .text.frame_dummy
                0x341807a4       0x1c /usr/lib/gcc/arm-none-eabi/16.1.0/thumb/v8-m.main+dp/hard/crtbegin.o
 .text.MX_GPIO_Init
                0x341807c0       0xf4 build/main.o
 .text.Error_Handler
                0x341808b4        0x4 build/main.o
                0x341808b4                Error_Handler
 .text.MX_XSPI2_Init
                0x341808b8       0x64 build/main.o
 .text.SystemClock_Config
                0x3418091c      0x11c build/main.o
                0x3418091c                SystemClock_Config
 .text.main     0x34180a38       0x60 build/main.o
                0x34180a38                main
 .text.NMI_Handler
                0x34180a98        0x2 build/stm32n6xx_it.o
                0x34180a98                NMI_Handler
 .text.HardFault_Handler
                0x34180a9a        0x2 build/stm32n6xx_it.o
                0x34180a9a                HardFault_Handler
 .text.MemManage_Handler
                0x34180a9c        0x2 build/stm32n6xx_it.o
                0x34180a9c                MemManage_Handler
 .text.BusFault_Handler
                0x34180a9e        0x2 build/stm32n6xx_it.o
                0x34180a9e                BusFault_Handler
 .text.UsageFault_Handler
                0x34180aa0        0x2 build/stm32n6xx_it.o
                0x34180aa0                UsageFault_Handler
 .text.SecureFault_Handler
                0x34180aa2        0x2 build/stm32n6xx_it.o
                0x34180aa2                SecureFault_Handler
 .text.SVC_Handler
                0x34180aa4        0x2 build/stm32n6xx_it.o
                0x34180aa4                SVC_Handler
 .text.DebugMon_Handler
                0x34180aa6        0x2 build/stm32n6xx_it.o
                0x34180aa6                DebugMon_Handler
 .text.PendSV_Handler
                0x34180aa8        0x2 build/stm32n6xx_it.o
                0x34180aa8                PendSV_Handler
 .text.SysTick_Handler
                0x34180aaa        0x8 build/stm32n6xx_it.o
                0x34180aaa                SysTick_Handler
 .text.HAL_MspInit
                0x34180ab2       0x14 build/stm32n6xx_hal_msp.o
                0x34180ab2                HAL_MspInit
 *fill*         0x34180ac6        0x2 
 .text.HAL_XSPI_MspInit
                0x34180ac8      0x11c build/stm32n6xx_hal_msp.o
                0x34180ac8                HAL_XSPI_MspInit
 .text.SystemInit
                0x34180be4      0x164 build/system_stm32n6xx_fsbl.o
                0x34180be4                SystemInit
 .text.SystemCoreClockUpdate
                0x34180d48      0x240 build/system_stm32n6xx_fsbl.o
                0x34180d48                SystemCoreClockUpdate
 .text.SECURE_SystemCoreClockUpdate
                0x34180f88       0x24 build/system_stm32n6xx_fsbl.o
                0x34180f88                __acle_se_SECURE_SystemCoreClockUpdate
 .text.UART_MspInit
                0x34180fac       0x98 build/stm32n6xx_nucleo.o
 .text.BSP_LED_On
                0x34181044       0x20 build/stm32n6xx_nucleo.o
                0x34181044                BSP_LED_On
 .text.BSP_LED_Off
                0x34181064       0x20 build/stm32n6xx_nucleo.o
                0x34181064                BSP_LED_Off
 .text.BSP_LED_Init
                0x34181084       0x78 build/stm32n6xx_nucleo.o
                0x34181084                BSP_LED_Init
 .text.BSP_PB_Init
                0x341810fc       0xc0 build/stm32n6xx_nucleo.o
                0x341810fc                BSP_PB_Init
 .text.BSP_PB_Callback
                0x341811bc        0x2 build/stm32n6xx_nucleo.o
                0x341811bc                BSP_PB_Callback
 .text.BUTTON_USER_EXTI_Callback
                0x341811be        0xa build/stm32n6xx_nucleo.o
 .text.MX_USART1_Init
                0x341811c8       0x34 build/stm32n6xx_nucleo.o
                0x341811c8                MX_USART1_Init
 .text.BSP_COM_Init
                0x341811fc       0x48 build/stm32n6xx_nucleo.o
                0x341811fc                BSP_COM_Init
 .text.HAL_InitTick
                0x34181244       0x4c build/stm32n6xx_hal.o
                0x34181244                HAL_InitTick
 .text.HAL_Init
                0x34181290       0x24 build/stm32n6xx_hal.o
                0x34181290                HAL_Init
 .text.HAL_IncTick
                0x341812b4       0x18 build/stm32n6xx_hal.o
                0x341812b4                HAL_IncTick
 .text.HAL_GetTick
                0x341812cc        0xc build/stm32n6xx_hal.o
                0x341812cc                HAL_GetTick
 .text.HAL_Delay
                0x341812d8       0x28 build/stm32n6xx_hal.o
                0x341812d8                HAL_Delay
 .text.HAL_SYSCFG_EnableVDDIO3CompensationCell
                0x34181300       0x10 build/stm32n6xx_hal.o
                0x34181300                HAL_SYSCFG_EnableVDDIO3CompensationCell
 .text.RCC_PLL_IsNewConfig
                0x34181310       0x94 build/stm32n6xx_hal_rcc.o
 .text.RCC_PLL_Source_IsReady
                0x341813a4       0x40 build/stm32n6xx_hal_rcc.o
 .text.RCC_IC_CheckPLLSources
                0x341813e4      0x114 build/stm32n6xx_hal_rcc.o
 .text.RCC_PLL_Config
                0x341814f8      0x174 build/stm32n6xx_hal_rcc.o
 .text.RCC_PLL_Enable
                0x3418166c       0x34 build/stm32n6xx_hal_rcc.o
 .text.RCC_GetSysClockFreq
                0x341816a0       0x9c build/stm32n6xx_hal_rcc.o
 .text.HAL_RCC_OscConfig
                0x3418173c      0x6b8 build/stm32n6xx_hal_rcc.o
                0x3418173c                HAL_RCC_OscConfig
 .text.HAL_RCC_GetCpuClockFreq
                0x34181df4       0xb4 build/stm32n6xx_hal_rcc.o
                0x34181df4                HAL_RCC_GetCpuClockFreq
 .text.HAL_RCC_ClockConfig
                0x34181ea8      0x30c build/stm32n6xx_hal_rcc.o
                0x34181ea8                HAL_RCC_ClockConfig
 .text.HAL_RCC_GetSysClockFreq
                0x341821b4       0x20 build/stm32n6xx_hal_rcc.o
                0x341821b4                HAL_RCC_GetSysClockFreq
 .text.HAL_RCC_GetClockConfig
                0x341821d4       0x84 build/stm32n6xx_hal_rcc.o
                0x341821d4                HAL_RCC_GetClockConfig
 .text.LL_RCC_SetClockSource
                0x34182258       0x30 build/stm32n6xx_hal_rcc_ex.o
 .text.LL_RCC_GetClockSource
                0x34182288       0x1c build/stm32n6xx_hal_rcc_ex.o
 .text.RCCEx_GetHCLKFreq
                0x341822a4       0x10 build/stm32n6xx_hal_rcc_ex.o
 .text.RCCEx_GetPCLK1Freq
                0x341822b4       0x10 build/stm32n6xx_hal_rcc_ex.o
 .text.RCCEx_GetPCLK2Freq
                0x341822c4       0x10 build/stm32n6xx_hal_rcc_ex.o
 .text.RCCEx_GetPCLK4Freq
                0x341822d4       0x10 build/stm32n6xx_hal_rcc_ex.o
 .text.RCCEx_GetPCLK5Freq
                0x341822e4       0x10 build/stm32n6xx_hal_rcc_ex.o
 .text.RCCEx_GetPLLSourceFreq
                0x341822f4       0x7c build/stm32n6xx_hal_rcc_ex.o
 .text.RCCEx_CalcPLLFreq
                0x34182370       0x5c build/stm32n6xx_hal_rcc_ex.o
 .text.RCCEx_GetRTCCLKFreq
                0x341823cc       0x68 build/stm32n6xx_hal_rcc_ex.o
 .text.HAL_RCCEx_PeriphCLKConfig
                0x34182434     0x1abc build/stm32n6xx_hal_rcc_ex.o
                0x34182434                HAL_RCCEx_PeriphCLKConfig
 .text.HAL_RCCEx_GetPLL1CLKFreq
                0x34183ef0       0x90 build/stm32n6xx_hal_rcc_ex.o
                0x34183ef0                HAL_RCCEx_GetPLL1CLKFreq
 .text.HAL_RCCEx_GetPLL2CLKFreq
                0x34183f80       0x90 build/stm32n6xx_hal_rcc_ex.o
                0x34183f80                HAL_RCCEx_GetPLL2CLKFreq
 .text.HAL_RCCEx_GetPLL3CLKFreq
                0x34184010       0x90 build/stm32n6xx_hal_rcc_ex.o
                0x34184010                HAL_RCCEx_GetPLL3CLKFreq
 .text.HAL_RCCEx_GetPLL4CLKFreq
                0x341840a0       0x90 build/stm32n6xx_hal_rcc_ex.o
                0x341840a0                HAL_RCCEx_GetPLL4CLKFreq
 .text.RCCEx_GetCSICLKFreq
                0x34184130       0x6c build/stm32n6xx_hal_rcc_ex.o
 .text.RCCEx_GetCLKPCLKFreq
                0x3418419c      0x254 build/stm32n6xx_hal_rcc_ex.o
 .text.RCCEx_GetADCCLKFreq
                0x341843f0      0x160 build/stm32n6xx_hal_rcc_ex.o
 .text.RCCEx_GetADFCLKFreq
                0x34184550      0x138 build/stm32n6xx_hal_rcc_ex.o
 .text.RCCEx_GetDCMIPPCLKFreq
                0x34184688       0xb8 build/stm32n6xx_hal_rcc_ex.o
 .text.RCCEx_GetETH1CLKFreq
                0x34184740       0xac build/stm32n6xx_hal_rcc_ex.o
 .text.RCCEx_GetETH1PTPCLKFreq
                0x341847ec       0xb4 build/stm32n6xx_hal_rcc_ex.o
 .text.RCCEx_GetFDCANCLKFreq
                0x341848a0       0xa8 build/stm32n6xx_hal_rcc_ex.o
 .text.RCCEx_GetFMCCLKFreq
                0x34184948       0xf4 build/stm32n6xx_hal_rcc_ex.o
 .text.RCCEx_GetI2CCLKFreq
                0x34184a3c      0x1f0 build/stm32n6xx_hal_rcc_ex.o
 .text.RCCEx_GetI3CCLKFreq
                0x34184c2c      0x17c build/stm32n6xx_hal_rcc_ex.o
 .text.RCCEx_GetLPTIMCLKFreq
                0x34184da8      0x1e8 build/stm32n6xx_hal_rcc_ex.o
 .text.RCCEx_GetLPUARTCLKFreq
                0x34184f90      0x14c build/stm32n6xx_hal_rcc_ex.o
 .text.RCCEx_GetLTDCCLKFreq
                0x341850dc       0xb8 build/stm32n6xx_hal_rcc_ex.o
 .text.RCCEx_GetMDFCLKFreq
                0x34185194      0x160 build/stm32n6xx_hal_rcc_ex.o
 .text.RCCEx_GetPSSICLKFreq
                0x341852f4       0xb0 build/stm32n6xx_hal_rcc_ex.o
 .text.RCCEx_GetSDMMCCLKFreq
                0x341853a4      0x128 build/stm32n6xx_hal_rcc_ex.o
 .text.RCCEx_GetSPDIFRXCLKFreq
                0x341854cc      0x12c build/stm32n6xx_hal_rcc_ex.o
 .text.RCCEx_GetSAICLKFreq
                0x341855f8      0x1b8 build/stm32n6xx_hal_rcc_ex.o
 .text.RCCEx_GetSPICLKFreq
                0x341857b0      0x370 build/stm32n6xx_hal_rcc_ex.o
 .text.RCCEx_GetUARTCLKFreq
                0x34185b20      0x2ac build/stm32n6xx_hal_rcc_ex.o
 .text.RCCEx_GetUSARTCLKFreq
                0x34185dcc      0x2a8 build/stm32n6xx_hal_rcc_ex.o
 .text.RCCEx_GetOTGPHYCLKFreq
                0x34186074       0xf0 build/stm32n6xx_hal_rcc_ex.o
 .text.RCCEx_GetOTGPHYCKREFCLKFreq
                0x34186164       0x70 build/stm32n6xx_hal_rcc_ex.o
 .text.RCCEx_GetXSPICLKFreq
                0x341861d4      0x14c build/stm32n6xx_hal_rcc_ex.o
 .text.HAL_RCCEx_GetPeriphCLKFreq
                0x34186320      0x59c build/stm32n6xx_hal_rcc_ex.o
                0x34186320                HAL_RCCEx_GetPeriphCLKFreq
 .text.HAL_GPIO_Init
                0x341868bc      0x228 build/stm32n6xx_hal_gpio.o
                0x341868bc                HAL_GPIO_Init
 .text.HAL_GPIO_WritePin
                0x34186ae4        0xa build/stm32n6xx_hal_gpio.o
                0x34186ae4                HAL_GPIO_WritePin
 *fill*         0x34186aee        0x2 
 .text.HAL_PWREx_ConfigSupply
                0x34186af0       0x38 build/stm32n6xx_hal_pwr_ex.o
                0x34186af0                HAL_PWREx_ConfigSupply
 .text.HAL_PWREx_ControlVoltageScaling
                0x34186b28       0x38 build/stm32n6xx_hal_pwr_ex.o
                0x34186b28                HAL_PWREx_ControlVoltageScaling
 .text.HAL_PWREx_ConfigVddIORange
                0x34186b60       0x64 build/stm32n6xx_hal_pwr_ex.o
                0x34186b60                HAL_PWREx_ConfigVddIORange
 .text.HAL_PWREx_EnableVddIO2
                0x34186bc4       0x10 build/stm32n6xx_hal_pwr_ex.o
                0x34186bc4                HAL_PWREx_EnableVddIO2
 .text.HAL_PWREx_EnableVddIO3
                0x34186bd4       0x10 build/stm32n6xx_hal_pwr_ex.o
                0x34186bd4                HAL_PWREx_EnableVddIO3
 .text.HAL_PWREx_EnableVddIO4
                0x34186be4       0x10 build/stm32n6xx_hal_pwr_ex.o
                0x34186be4                HAL_PWREx_EnableVddIO4
 .text.HAL_PWREx_EnableVddIO5
                0x34186bf4       0x10 build/stm32n6xx_hal_pwr_ex.o
                0x34186bf4                HAL_PWREx_EnableVddIO5
 .text.__NVIC_EnableIRQ
                0x34186c04       0x1c build/stm32n6xx_hal_cortex.o
 .text.__NVIC_SetPriority
                0x34186c20       0x24 build/stm32n6xx_hal_cortex.o
 .text.NVIC_EncodePriority
                0x34186c44       0x46 build/stm32n6xx_hal_cortex.o
 *fill*         0x34186c8a        0x2 
 .text.HAL_NVIC_SetPriorityGrouping
                0x34186c8c       0x24 build/stm32n6xx_hal_cortex.o
                0x34186c8c                HAL_NVIC_SetPriorityGrouping
 .text.HAL_NVIC_SetPriority
                0x34186cb0       0x20 build/stm32n6xx_hal_cortex.o
                0x34186cb0                HAL_NVIC_SetPriority
 .text.HAL_NVIC_EnableIRQ
                0x34186cd0        0x8 build/stm32n6xx_hal_cortex.o
                0x34186cd0                HAL_NVIC_EnableIRQ
 .text.HAL_SYSTICK_Config
                0x34186cd8       0x28 build/stm32n6xx_hal_cortex.o
                0x34186cd8                HAL_SYSTICK_Config
 .text.XSPIM_GetConfig
                0x34186d00       0x90 build/stm32n6xx_hal_xspi.o
 .text.XSPI_WaitFlagStateUntilTimeout
                0x34186d90       0x4e build/stm32n6xx_hal_xspi.o
 .text.HAL_XSPI_SetTimeout
                0x34186dde        0x6 build/stm32n6xx_hal_xspi.o
                0x34186dde                HAL_XSPI_SetTimeout
 .text.HAL_XSPI_Init
                0x34186de4      0x178 build/stm32n6xx_hal_xspi.o
                0x34186de4                HAL_XSPI_Init
 .text.HAL_XSPIM_Config
                0x34186f5c      0x1b8 build/stm32n6xx_hal_xspi.o
                0x34186f5c                HAL_XSPIM_Config
 .text.HAL_BSEC_OTP_Reload
                0x34187114       0x94 build/stm32n6xx_hal_bsec.o
                0x34187114                HAL_BSEC_OTP_Reload
 .text.HAL_BSEC_OTP_Read
                0x341871a8       0x44 build/stm32n6xx_hal_bsec.o
                0x341871a8                HAL_BSEC_OTP_Read
 .text.HAL_EXTI_RegisterCallback
                0x341871ec       0x20 build/stm32n6xx_hal_exti.o
                0x341871ec                HAL_EXTI_RegisterCallback
 .text.HAL_EXTI_GetHandle
                0x3418720c        0xc build/stm32n6xx_hal_exti.o
                0x3418720c                HAL_EXTI_GetHandle
 .text.UART_EndRxTransfer
                0x34187218       0x56 build/stm32n6xx_hal_uart.o
 .text.HAL_UART_MspInit
                0x3418726e        0x2 build/stm32n6xx_hal_uart.o
                0x3418726e                HAL_UART_MspInit
 .text.UART_SetConfig
                0x34187270      0x21c build/stm32n6xx_hal_uart.o
                0x34187270                UART_SetConfig
 .text.UART_AdvFeatureConfig
                0x3418748c       0xca build/stm32n6xx_hal_uart.o
                0x3418748c                UART_AdvFeatureConfig
 .text.UART_WaitOnFlagUntilTimeout
                0x34187556       0x94 build/stm32n6xx_hal_uart.o
                0x34187556                UART_WaitOnFlagUntilTimeout
 .text.UART_CheckIdleState
                0x341875ea       0xc4 build/stm32n6xx_hal_uart.o
                0x341875ea                UART_CheckIdleState
 .text.HAL_UART_Init
                0x341876ae       0x66 build/stm32n6xx_hal_uart.o
                0x341876ae                HAL_UART_Init
 .text.Reset_Handler
                0x34187714       0x5c build/startup_stm32n657xx_fsbl.o
                0x34187714                Reset_Handler
 .text.Default_Handler
                0x34187770        0x2 build/startup_stm32n657xx_fsbl.o
                0x34187770                HPDMA1_Channel13_IRQHandler
                0x34187770                EXTI2_IRQHandler
                0x34187770                MCE2_IRQHandler
                0x34187770                TIM8_CC_IRQHandler
                0x34187770                USB2_OTG_HS_IRQHandler
                0x34187770                SAI1_A_IRQHandler
                0x34187770                EXTI5_IRQHandler
                0x34187770                I3C1_ER_IRQHandler
                0x34187770                UART8_IRQHandler
                0x34187770                CTI_INT0_IRQHandler
                0x34187770                SPI4_IRQHandler
                0x34187770                LTDC_LO_IRQHandler
                0x34187770                NPU2_IRQHandler
                0x34187770                FDCAN3_IT0_IRQHandler
                0x34187770                EXTI13_IRQHandler
                0x34187770                TIM1_CC_IRQHandler
                0x34187770                XSPI1_IRQHandler
                0x34187770                TIM10_IRQHandler
                0x34187770                JPEG_IRQHandler
                0x34187770                TAMP_IRQHandler
                0x34187770                CACHE_ECC_IRQHandler
                0x34187770                TIM6_IRQHandler
                0x34187770                CSI_IRQHandler
                0x34187770                EXTI12_IRQHandler
                0x34187770                GFXTIM_IRQHandler
                0x34187770                EXTI3_IRQHandler
                0x34187770                LPTIM4_IRQHandler
                0x34187770                GPDMA1_Channel5_IRQHandler
                0x34187770                EXTI8_IRQHandler
                0x34187770                LPTIM2_IRQHandler
                0x34187770                GFXMMU_IRQHandler
                0x34187770                LTDC_LO_ERR_IRQHandler
                0x34187770                I2C3_ER_IRQHandler
                0x34187770                RIFSC_TAMPER_IRQHandler
                0x34187770                USART10_IRQHandler
                0x34187770                MDF1_FLT2_IRQHandler
                0x34187770                LPTIM3_IRQHandler
                0x34187770                SAI2_A_IRQHandler
                0x34187770                EXTI0_IRQHandler
                0x34187770                HPDMA1_Channel9_IRQHandler
                0x34187770                I2C2_EV_IRQHandler
                0x34187770                GPU2D_IRQHandler
                0x34187770                FPU_IRQHandler
                0x34187770                GPDMA1_Channel3_IRQHandler
                0x34187770                GPDMA1_Channel7_IRQHandler
                0x34187770                MDF1_FLT4_IRQHandler
                0x34187770                FDCAN1_IT1_IRQHandler
                0x34187770                HPDMA1_Channel3_IRQHandler
                0x34187770                ADC1_2_IRQHandler
                0x34187770                GPDMA1_Channel9_IRQHandler
                0x34187770                SPI1_IRQHandler
                0x34187770                CACHEAXI_IRQHandler
                0x34187770                SAI1_B_IRQHandler
                0x34187770                GPDMA1_Channel2_IRQHandler
                0x34187770                PAHB_ERR_IRQHandler
                0x34187770                TIM8_UP_IRQHandler
                0x34187770                RCC_S_IRQHandler
                0x34187770                MDF1_FLT1_IRQHandler
                0x34187770                LTDC_UP_IRQHandler
                0x34187770                LOCKUP_IRQHandler
                0x34187770                PKA_IRQHandler
                0x34187770                USART6_IRQHandler
                0x34187770                HPDMA1_Channel2_IRQHandler
                0x34187770                MDF1_FLT5_IRQHandler
                0x34187770                MCE4_IRQHandler
                0x34187770                I3C2_ER_IRQHandler
                0x34187770                EXTI15_IRQHandler
                0x34187770                TIM17_IRQHandler
                0x34187770                USART3_IRQHandler
                0x34187770                HPDMA1_Channel6_IRQHandler
                0x34187770                CRYP_IRQHandler
                0x34187770                RTC_IRQHandler
                0x34187770                XSPI2_IRQHandler
                0x34187770                EXTI9_IRQHandler
                0x34187770                IAC_IRQHandler
                0x34187770                HPDMA1_Channel0_IRQHandler
                0x34187770                LPTIM5_IRQHandler
                0x34187770                HPDMA1_Channel1_IRQHandler
                0x34187770                UART5_IRQHandler
                0x34187770                TIM4_IRQHandler
                0x34187770                NPU3_IRQHandler
                0x34187770                I3C2_EV_IRQHandler
                0x34187770                I2C1_EV_IRQHandler
                0x34187770                FDCAN_CU_IRQHandler
                0x34187770                GPDMA1_Channel12_IRQHandler
                0x34187770                HPDMA1_Channel7_IRQHandler
                0x34187770                GPDMA1_Channel1_IRQHandler
                0x34187770                TIM16_IRQHandler
                0x34187770                GPDMA1_Channel15_IRQHandler
                0x34187770                UART4_IRQHandler
                0x34187770                TCM_ECC_IRQHandler
                0x34187770                TIM3_IRQHandler
                0x34187770                RCC_IRQHandler
                0x34187770                UART9_IRQHandler
                0x34187770                NPU1_IRQHandler
                0x34187770                SAI2_B_IRQHandler
                0x34187770                Default_Handler
                0x34187770                GPDMA1_Channel8_IRQHandler
                0x34187770                HPDMA1_Channel8_IRQHandler
                0x34187770                TIM18_IRQHandler
                0x34187770                TIM14_IRQHandler
                0x34187770                TIM13_IRQHandler
                0x34187770                CTI_INT1_IRQHandler
                0x34187770                GPDMA1_Channel11_IRQHandler
                0x34187770                GPU2D_ER_IRQHandler
                0x34187770                SPI5_IRQHandler
                0x34187770                TIM12_IRQHandler
                0x34187770                TIM7_IRQHandler
                0x34187770                FDCAN3_IT1_IRQHandler
                0x34187770                HPDMA1_Channel10_IRQHandler
                0x34187770                SDMMC1_IRQHandler
                0x34187770                SAES_IRQHandler
                0x34187770                TIM5_IRQHandler
                0x34187770                UCPD1_IRQHandler
                0x34187770                GPDMA1_Channel0_IRQHandler
                0x34187770                I3C1_EV_IRQHandler
                0x34187770                HPDMA1_Channel5_IRQHandler
                0x34187770                TIM15_IRQHandler
                0x34187770                I2C3_EV_IRQHandler
                0x34187770                HPDMA1_Channel4_IRQHandler
                0x34187770                HPDMA1_Channel15_IRQHandler
                0x34187770                TIM9_IRQHandler
                0x34187770                ETH1_IRQHandler
                0x34187770                USB1_OTG_HS_IRQHandler
                0x34187770                PVD_PVM_IRQHandler
                0x34187770                SPI2_IRQHandler
                0x34187770                TIM1_TRG_CCU_IRQHandler
                0x34187770                HPDMA1_Channel11_IRQHandler
                0x34187770                EXTI14_IRQHandler
                0x34187770                EXTI11_IRQHandler
                0x34187770                VENC_IRQHandler
                0x34187770                GPDMA1_Channel14_IRQHandler
                0x34187770                EXTI4_IRQHandler
                0x34187770                RTC_S_IRQHandler
                0x34187770                GPDMA1_Channel13_IRQHandler
                0x34187770                RNG_IRQHandler
                0x34187770                XSPI3_IRQHandler
                0x34187770                FDCAN2_IT1_IRQHandler
                0x34187770                TIM1_UP_IRQHandler
                0x34187770                NPU0_IRQHandler
                0x34187770                BCK_ECC_IRQHandler
                0x34187770                WWDG_IRQHandler
                0x34187770                SPI6_IRQHandler
                0x34187770                MDIOS_IRQHandler
                0x34187770                I2C4_EV_IRQHandler
                0x34187770                FDCAN2_IT0_IRQHandler
                0x34187770                IWDG_IRQHandler
                0x34187770                HPDMA1_Channel14_IRQHandler
                0x34187770                LPUART1_IRQHandler
                0x34187770                FDCAN1_IT0_IRQHandler
                0x34187770                MDF1_FLT0_IRQHandler
                0x34187770                TIM2_IRQHandler
                0x34187770                MCE3_IRQHandler
                0x34187770                GPDMA1_Channel4_IRQHandler
                0x34187770                EXTI7_IRQHandler
                0x34187770                DMA2D_IRQHandler
                0x34187770                TIM1_BRK_IRQHandler
                0x34187770                EXTI1_IRQHandler
                0x34187770                SDMMC2_IRQHandler
                0x34187770                TIM11_IRQHandler
                0x34187770                LTDC_UP_ERR_IRQHandler
                0x34187770                UART7_IRQHandler
                0x34187770                DTS_IRQHandler
                0x34187770                MDF1_FLT3_IRQHandler
                0x34187770                USART2_IRQHandler
                0x34187770                GPDMA1_Channel6_IRQHandler
                0x34187770                ADF1_FLT0_IRQHandler
                0x34187770                I2C2_ER_IRQHandler
                0x34187770                MCE1_IRQHandler
                0x34187770                SPDIFRX_IRQHandler
                0x34187770                TIM8_BRK_IRQHandler
                0x34187770                HPDMA1_Channel12_IRQHandler
                0x34187770                USART1_IRQHandler
                0x34187770                EXTI10_IRQHandler
                0x34187770                SPI3_IRQHandler
                0x34187770                WAKEUP_PIN_IRQHandler
                0x34187770                DCMIPP_IRQHandler
                0x34187770                I2C1_ER_IRQHandler
                0x34187770                FMC_IRQHandler
                0x34187770                EXTI6_IRQHandler
                0x34187770                LPTIM1_IRQHandler
                0x34187770                DCMI_PSSI_IRQHandler
                0x34187770                TIM8_TRG_CCU_IRQHandler
                0x34187770                I2C4_ER_IRQHandler
                0x34187770                GPDMA1_Channel10_IRQHandler
                0x34187770                ICACHE_IRQHandler
                0x34187770                HASH_IRQHandler
 .text.memset   0x34187772       0x10 /usr/lib/gcc/arm-none-eabi/16.1.0/../../../../arm-none-eabi/lib/thumb/v8-m.main+dp/hard/libc_nano.a(libc_a-memset.o)
                0x34187772                memset
 *fill*         0x34187782        0x2 
 .text.__libc_init_array
                0x34187784       0x48 /usr/lib/gcc/arm-none-eabi/16.1.0/../../../../arm-none-eabi/lib/thumb/v8-m.main+dp/hard/libc_nano.a(libc_a-init.o)
                0x34187784                __libc_init_array
 .text.__udivmoddi4
                0x341877cc      0x2ba /usr/lib/gcc/arm-none-eabi/16.1.0/thumb/v8-m.main+dp/hard/libgcc.a(_udivmoddi4.o)
                0x341877cc                __udivmoddi4
 *(.glue_7)
 .glue_7        0x34187a86        0x0 linker stubs
 *(.glue_7t)
 .glue_7t       0x34187a86        0x0 linker stubs
 *(.eh_frame)
 *fill*         0x34187a86        0x2 
 .eh_frame      0x34187a88        0x0 /usr/lib/gcc/arm-none-eabi/16.1.0/thumb/v8-m.main+dp/hard/crtbegin.o
 *(.RamFunc)
 *(.RamFunc*)
 *(.init)
 .init          0x34187a88        0x4 /usr/lib/gcc/arm-none-eabi/16.1.0/thumb/v8-m.main+dp/hard/crti.o
                0x34187a88                _init
 .init          0x34187a8c        0x8 /usr/lib/gcc/arm-none-eabi/16.1.0/thumb/v8-m.main+dp/hard/crtn.o
 *(.fini)
 .fini          0x34187a94        0x4 /usr/lib/gcc/arm-none-eabi/16.1.0/thumb/v8-m.main+dp/hard/crti.o
                0x34187a94                _fini
 .fini          0x34187a98        0x8 /usr/lib/gcc/arm-none-eabi/16.1.0/thumb/v8-m.main+dp/hard/crtn.o
                0x34187aa0                        . = ALIGN (0x4)
                0x34187aa0                        _etext = .

.vfp11_veneer   0x34187aa0        0x0
 .vfp11_veneer  0x34187aa0        0x0 linker stubs

.v4_bx          0x34187aa0        0x0
 .v4_bx         0x34187aa0        0x0 linker stubs

.iplt           0x34187aa0        0x0
 .iplt          0x34187aa0        0x0 /usr/lib/gcc/arm-none-eabi/16.1.0/thumb/v8-m.main+dp/hard/crtbegin.o

.rodata         0x34187aa0       0x2c
                0x34187aa0                        . = ALIGN (0x4)
 *(.rodata)
 *(.rodata*)
 .rodata.LED_PORT
                0x34187aa0        0xc build/stm32n6xx_nucleo.o
 .rodata.LED_PIN
                0x34187aac        0x6 build/stm32n6xx_nucleo.o
 *fill*         0x34187ab2        0x2 
 .rodata.UARTPrescTable
                0x34187ab4       0x18 build/stm32n6xx_hal_uart.o
                0x34187ab4                UARTPrescTable
                0x34187acc                        . = ALIGN (0x4)

.ARM.extab      0x34187acc        0x0
                0x34187acc                        . = ALIGN (0x4)
 *(.ARM.extab* .gnu.linkonce.armextab.*)
                0x34187acc                        . = ALIGN (0x4)

.ARM            0x34187acc        0x8
                0x34187acc                        . = ALIGN (0x4)
                0x34187acc                        __exidx_start = .
 *(.ARM.exidx*)
 .ARM.exidx.text.__udivmoddi4
                0x34187acc        0x8 /usr/lib/gcc/arm-none-eabi/16.1.0/thumb/v8-m.main+dp/hard/libgcc.a(_udivmoddi4.o)
                0x34187ad4                        __exidx_end = .
                0x34187ad4                        . = ALIGN (0x4)

.preinit_array  0x34187ad4        0x0
                0x34187ad4                        . = ALIGN (0x4)
                0x34187ad4                        PROVIDE (__preinit_array_start = .)
 *(.preinit_array*)
                0x34187ad4                        PROVIDE (__preinit_array_end = .)
                0x34187ad4                        . = ALIGN (0x4)

.init_array     0x34187ad4        0x4
                0x34187ad4                        . = ALIGN (0x4)
                0x34187ad4                        PROVIDE (__init_array_start = .)
 *(SORT_BY_NAME(.init_array.*))
 *(.init_array*)
 .init_array    0x34187ad4        0x4 /usr/lib/gcc/arm-none-eabi/16.1.0/thumb/v8-m.main+dp/hard/crtbegin.o
                0x34187ad8                        PROVIDE (__init_array_end = .)
                0x34187ad8                        . = ALIGN (0x4)

.fini_array     0x34187ad8        0x4
                0x34187ad8                        . = ALIGN (0x4)
                0x34187ad8                        PROVIDE (__fini_array_start = .)
 *(SORT_BY_NAME(.fini_array.*))
 *(.fini_array*)
 .fini_array    0x34187ad8        0x4 /usr/lib/gcc/arm-none-eabi/16.1.0/thumb/v8-m.main+dp/hard/crtbegin.o
                0x34187adc                        PROVIDE (__fini_array_end = .)
                0x34187adc                        . = ALIGN (0x4)

.rel.dyn        0x34187adc        0x0
 .rel.iplt      0x34187adc        0x0 /usr/lib/gcc/arm-none-eabi/16.1.0/thumb/v8-m.main+dp/hard/crtbegin.o

.gnu.sgstubs    0x34187ae0       0x20
                0x34187ae0                        _sNSCVeneer = .
 *(.gnu.sgstubs*)
                0x34187ae0                        . = ALIGN (0x20)
 *fill*         0x34187ae0        0x0 
 FILL mask 0x00
 .gnu.sgstubs.__stub
                0x34187ae0        0x8 linker stubs
                0x34187ae0                SECURE_SystemCoreClockUpdate
                0x34187b00                        _eNSCVeneer = .
                0x34187b00                        _sidata = LOADADDR (.data)

.data           0x341c0000       0x14 load address 0x34187b00
                0x341c0000                        . = ALIGN (0x4)
                0x341c0000                        _sdata = .
 *(.data)
 *(.data*)
 .data.SystemCoreClock
                0x341c0000        0x4 build/system_stm32n6xx_fsbl.o
                0x341c0000                SystemCoreClock
 .data.COM_UART
                0x341c0004        0x8 build/stm32n6xx_nucleo.o
                0x341c0004                COM_UART
 .data.uwTickFreq
                0x341c000c        0x1 build/stm32n6xx_hal.o
                0x341c000c                uwTickFreq
 *fill*         0x341c000d        0x3 
 .data.uwTickPrio
                0x341c0010        0x4 build/stm32n6xx_hal.o
                0x341c0010                uwTickPrio
                0x341c0014                        . = ALIGN (0x4)

.igot.plt       0x341c0014        0x0 load address 0x34187b14
 .igot.plt      0x341c0014        0x0 /usr/lib/gcc/arm-none-eabi/16.1.0/thumb/v8-m.main+dp/hard/crtbegin.o

.tdata          0x341c0014        0x0 load address 0x34187b14
 *(.tdata .tdata.* .gnu.linkonce.td.*)
                0x341c0014                        . = ALIGN (0x4)
                0x341c0014                        _edata = .
                [!provide]                        PROVIDE (__data_end = .)
                [!provide]                        PROVIDE (__tdata_end = .)
                [!provide]                        PROVIDE (__tdata_start = ADDR (.tdata))
                [!provide]                        PROVIDE (__tdata_size = (__tdata_end - __tdata_start))
                [!provide]                        PROVIDE (__data_start = ADDR (.data))
                [!provide]                        PROVIDE (__data_size = (__data_end - __data_start))
                [!provide]                        PROVIDE (__tdata_source = LOADADDR (.tdata))
                [!provide]                        PROVIDE (__tdata_source_end = (LOADADDR (.tdata) + SIZEOF (.tdata)))
                [!provide]                        PROVIDE (__tdata_source_size = (__tdata_source_end - __tdata_source))
                [!provide]                        PROVIDE (__data_source = LOADADDR (.data))
                [!provide]                        PROVIDE (__data_source_end = __tdata_source_end)
                [!provide]                        PROVIDE (__data_source_size = (__data_source_end - __data_source))

.noncacheable   0x341c0014        0x4 load address 0x34187b14
                0x341c0018                        . = ALIGN (0x8)
 *fill*         0x341c0014        0x4 
                0x341c0018                        __snoncacheable = .
 *(.noncacheable)
                0x341c0018                        . = ALIGN (0x8)
                0x341c0018                        __enoncacheable = .

.tbss           0x341c0018        0x0 load address 0x34187b14
                0x341c0018                        _sbss = .
                0x341c0018                        __bss_start__ = _sbss
 *(.tbss .tbss.*)
                0x341c0018                        . = ALIGN (0x4)
                [!provide]                        PROVIDE (__tbss_end = .)
                [!provide]                        PROVIDE (__tbss_start = ADDR (.tbss))
                [!provide]                        PROVIDE (__tbss_size = (__tbss_end - __tbss_start))
                [!provide]                        PROVIDE (__tbss_offset = (ADDR (.tbss) - ADDR (.tdata)))
                [!provide]                        PROVIDE (__tls_base = __tdata_start)
                [!provide]                        PROVIDE (__tls_end = __tbss_end)
                [!provide]                        PROVIDE (__tls_size = (__tls_end - __tls_base))
                [!provide]                        PROVIDE (__tls_align = MAX (ALIGNOF (.tdata), ALIGNOF (.tbss)))
                [!provide]                        PROVIDE (__tls_size_align = (((__tls_size + __tls_align) - 0x1) & ~ ((__tls_align - 0x1))))
                [!provide]                        PROVIDE (__arm32_tls_tcb_offset = MAX (0x8, __tls_align))
                [!provide]                        PROVIDE (__arm64_tls_tcb_offset = MAX (0x10, __tls_align))

.bss            0x341c0018      0x1c8 load address 0x34187b14
 *(.bss)
 *(.bss*)
 .bss.completed.1
                0x341c0018        0x1 /usr/lib/gcc/arm-none-eabi/16.1.0/thumb/v8-m.main+dp/hard/crtbegin.o
 *fill*         0x341c0019        0x3 
 .bss.object.0  0x341c001c       0x18 /usr/lib/gcc/arm-none-eabi/16.1.0/thumb/v8-m.main+dp/hard/crtbegin.o
 .bss.hxspi2    0x341c0034       0x64 build/main.o
                0x341c0034                hxspi2
 .bss.BspCOMInit
                0x341c0098       0x10 build/main.o
                0x341c0098                BspCOMInit
 .bss.hpb_exti  0x341c00a8        0xc build/stm32n6xx_nucleo.o
 .bss.hcom_uart
                0x341c00b4      0x128 build/stm32n6xx_nucleo.o
                0x341c00b4                hcom_uart
 .bss.uwTick    0x341c01dc        0x4 build/stm32n6xx_hal.o
                0x341c01dc                uwTick
 *(COMMON)
                0x341c01e0                        . = ALIGN (0x4)
                0x341c01e0                        _ebss = .
                0x341c01e0                        __bss_end__ = _ebss
                [!provide]                        PROVIDE (__bss_end = .)
                [!provide]                        PROVIDE (__non_tls_bss_start = ADDR (.bss))
                [!provide]                        PROVIDE (__bss_start = __tbss_start)
                [!provide]                        PROVIDE (__bss_size = (__bss_end - __bss_start))

._user_heap_stack
                0x341c01e0      0xa00 load address 0x34187b14
                0x341c01e0                        . = ALIGN (0x8)
                [!provide]                        PROVIDE (end = .)
                0x341c01e0                        PROVIDE (_end = .)
                0x341c03e0                        . = (. + _Min_Heap_Size)
 *fill*         0x341c01e0      0x200 
                0x341c0be0                        . = (. + _Min_Stack_Size)
 *fill*         0x341c03e0      0x800 
                0x341c0be0                        . = ALIGN (0x8)

/DISCARD/
 libc.a:*(*)
 libm.a:*(*)
 libgcc.a:*(*)

.ARM.attributes
                0x00000000       0x3a
 *(.ARM.attributes)
 .ARM.attributes
                0x00000000       0x24 /usr/lib/gcc/arm-none-eabi/16.1.0/thumb/v8-m.main+dp/hard/crti.o
 .ARM.attributes
                0x00000024       0x36 /usr/lib/gcc/arm-none-eabi/16.1.0/thumb/v8-m.main+dp/hard/crtbegin.o
 .ARM.attributes
                0x0000005a       0x3e build/main.o
 .ARM.attributes
                0x00000098       0x3e build/stm32n6xx_it.o
 .ARM.attributes
                0x000000d6       0x3e build/stm32n6xx_hal_msp.o
 .ARM.attributes
                0x00000114       0x3e build/system_stm32n6xx_fsbl.o
 .ARM.attributes
                0x00000152       0x3e build/stm32n6xx_nucleo.o
 .ARM.attributes
                0x00000190       0x3e build/stm32n6xx_hal.o
 .ARM.attributes
                0x000001ce       0x3e build/stm32n6xx_hal_rcc.o
 .ARM.attributes
                0x0000020c       0x3e build/stm32n6xx_hal_rcc_ex.o
 .ARM.attributes
                0x0000024a       0x3e build/stm32n6xx_hal_gpio.o
 .ARM.attributes
                0x00000288       0x3e build/stm32n6xx_hal_pwr_ex.o
 .ARM.attributes
                0x000002c6       0x3e build/stm32n6xx_hal_cortex.o
 .ARM.attributes
                0x00000304       0x3e build/stm32n6xx_hal_xspi.o
 .ARM.attributes
                0x00000342       0x3e build/stm32n6xx_hal_bsec.o
 .ARM.attributes
                0x00000380       0x3e build/stm32n6xx_hal_exti.o
 .ARM.attributes
                0x000003be       0x3e build/stm32n6xx_hal_uart.o
 .ARM.attributes
                0x000003fc       0x22 build/startup_stm32n657xx_fsbl.o
 .ARM.attributes
                0x0000041e       0x36 /usr/lib/gcc/arm-none-eabi/16.1.0/../../../../arm-none-eabi/lib/thumb/v8-m.main+dp/hard/libc_nano.a(libc_a-memset.o)
 .ARM.attributes
                0x00000454       0x36 /usr/lib/gcc/arm-none-eabi/16.1.0/../../../../arm-none-eabi/lib/thumb/v8-m.main+dp/hard/libc_nano.a(libc_a-init.o)
 .ARM.attributes
                0x0000048a       0x24 /usr/lib/gcc/arm-none-eabi/16.1.0/thumb/v8-m.main+dp/hard/libgcc.a(_aeabi_uldivmod.o)
 .ARM.attributes
                0x000004ae       0x36 /usr/lib/gcc/arm-none-eabi/16.1.0/thumb/v8-m.main+dp/hard/libgcc.a(_udivmoddi4.o)
 .ARM.attributes
                0x000004e4       0x24 /usr/lib/gcc/arm-none-eabi/16.1.0/thumb/v8-m.main+dp/hard/libgcc.a(_dvmd_tls.o)
 .ARM.attributes
                0x00000508       0x24 /usr/lib/gcc/arm-none-eabi/16.1.0/thumb/v8-m.main+dp/hard/crtn.o
OUTPUT(build/FSBL.elf elf32-littlearm)
LOAD linker stubs

.debug_info     0x00000000    0x29e88
 .debug_info    0x00000000     0x2cbd build/main.o
 .debug_info    0x00002cbd      0x183 build/stm32n6xx_it.o
 .debug_info    0x00002e40     0x2df6 build/stm32n6xx_hal_msp.o
 .debug_info    0x00005c36     0x1e34 build/system_stm32n6xx_fsbl.o
 .debug_info    0x00007a6a     0x35a6 build/stm32n6xx_nucleo.o
 .debug_info    0x0000b010     0x352f build/stm32n6xx_hal.o
 .debug_info    0x0000e53f     0x3755 build/stm32n6xx_hal_rcc.o
 .debug_info    0x00011c94     0x88eb build/stm32n6xx_hal_rcc_ex.o
 .debug_info    0x0001a57f      0xd99 build/stm32n6xx_hal_gpio.o
 .debug_info    0x0001b318     0x1104 build/stm32n6xx_hal_pwr_ex.o
 .debug_info    0x0001c41c     0x1a66 build/stm32n6xx_hal_cortex.o
 .debug_info    0x0001de82     0x3c2f build/stm32n6xx_hal_xspi.o
 .debug_info    0x00021ab1     0x117e build/stm32n6xx_hal_bsec.o
 .debug_info    0x00022c2f      0xac0 build/stm32n6xx_hal_exti.o
 .debug_info    0x000236ef     0x5e18 build/stm32n6xx_hal_uart.o
 .debug_info    0x00029507       0x30 build/startup_stm32n657xx_fsbl.o
 .debug_info    0x00029537       0xe5 /usr/lib/gcc/arm-none-eabi/16.1.0/../../../../arm-none-eabi/lib/thumb/v8-m.main+dp/hard/libc_nano.a(libc_a-memset.o)
 .debug_info    0x0002961c      0x110 /usr/lib/gcc/arm-none-eabi/16.1.0/../../../../arm-none-eabi/lib/thumb/v8-m.main+dp/hard/libc_nano.a(libc_a-init.o)
 .debug_info    0x0002972c       0x24 /usr/lib/gcc/arm-none-eabi/16.1.0/thumb/v8-m.main+dp/hard/libgcc.a(_aeabi_uldivmod.o)
 .debug_info    0x00029750      0x6fc /usr/lib/gcc/arm-none-eabi/16.1.0/thumb/v8-m.main+dp/hard/libgcc.a(_udivmoddi4.o)
 .debug_info    0x00029e4c       0x3c /usr/lib/gcc/arm-none-eabi/16.1.0/thumb/v8-m.main+dp/hard/libgcc.a(_dvmd_tls.o)

.debug_abbrev   0x00000000     0x2d9b
 .debug_abbrev  0x00000000      0x2fe build/main.o
 .debug_abbrev  0x000002fe       0x80 build/stm32n6xx_it.o
 .debug_abbrev  0x0000037e      0x26c build/stm32n6xx_hal_msp.o
 .debug_abbrev  0x000005ea      0x14f build/system_stm32n6xx_fsbl.o
 .debug_abbrev  0x00000739      0x40b build/stm32n6xx_nucleo.o
 .debug_abbrev  0x00000b44      0x338 build/stm32n6xx_hal.o
 .debug_abbrev  0x00000e7c      0x434 build/stm32n6xx_hal_rcc.o
 .debug_abbrev  0x000012b0      0x3d8 build/stm32n6xx_hal_rcc_ex.o
 .debug_abbrev  0x00001688      0x2b0 build/stm32n6xx_hal_gpio.o
 .debug_abbrev  0x00001938      0x2aa build/stm32n6xx_hal_pwr_ex.o
 .debug_abbrev  0x00001be2      0x3f8 build/stm32n6xx_hal_cortex.o
 .debug_abbrev  0x00001fda      0x322 build/stm32n6xx_hal_xspi.o
 .debug_abbrev  0x000022fc      0x1e7 build/stm32n6xx_hal_bsec.o
 .debug_abbrev  0x000024e3      0x21b build/stm32n6xx_hal_exti.o
 .debug_abbrev  0x000026fe      0x363 build/stm32n6xx_hal_uart.o
 .debug_abbrev  0x00002a61       0x1d build/startup_stm32n657xx_fsbl.o
 .debug_abbrev  0x00002a7e       0xa4 /usr/lib/gcc/arm-none-eabi/16.1.0/../../../../arm-none-eabi/lib/thumb/v8-m.main+dp/hard/libc_nano.a(libc_a-memset.o)
 .debug_abbrev  0x00002b22       0xcf /usr/lib/gcc/arm-none-eabi/16.1.0/../../../../arm-none-eabi/lib/thumb/v8-m.main+dp/hard/libc_nano.a(libc_a-init.o)
 .debug_abbrev  0x00002bf1       0x14 /usr/lib/gcc/arm-none-eabi/16.1.0/thumb/v8-m.main+dp/hard/libgcc.a(_aeabi_uldivmod.o)
 .debug_abbrev  0x00002c05      0x170 /usr/lib/gcc/arm-none-eabi/16.1.0/thumb/v8-m.main+dp/hard/libgcc.a(_udivmoddi4.o)
 .debug_abbrev  0x00002d75       0x26 /usr/lib/gcc/arm-none-eabi/16.1.0/thumb/v8-m.main+dp/hard/libgcc.a(_dvmd_tls.o)

.debug_loc      0x00000000    0x15996
 .debug_loc     0x00000000      0x16a build/main.o
 .debug_loc     0x0000016a       0x20 build/stm32n6xx_it.o
 .debug_loc     0x0000018a      0x226 build/stm32n6xx_hal_msp.o
 .debug_loc     0x000003b0      0x601 build/system_stm32n6xx_fsbl.o
 .debug_loc     0x000009b1      0x94f build/stm32n6xx_nucleo.o
 .debug_loc     0x00001300      0xefc build/stm32n6xx_hal.o
 .debug_loc     0x000021fc     0x1bf0 build/stm32n6xx_hal_rcc.o
 .debug_loc     0x00003dec     0x6787 build/stm32n6xx_hal_rcc_ex.o
 .debug_loc     0x0000a573      0x9e5 build/stm32n6xx_hal_gpio.o
 .debug_loc     0x0000af58      0x48b build/stm32n6xx_hal_pwr_ex.o
 .debug_loc     0x0000b3e3      0xac2 build/stm32n6xx_hal_cortex.o
 .debug_loc     0x0000bea5     0x259a build/stm32n6xx_hal_xspi.o
 .debug_loc     0x0000e43f     0x14e2 build/stm32n6xx_hal_bsec.o
 .debug_loc     0x0000f921      0xfa5 build/stm32n6xx_hal_exti.o
 .debug_loc     0x000108c6     0x50d0 build/stm32n6xx_hal_uart.o

.debug_aranges  0x00000000     0x12f8
 .debug_aranges
                0x00000000       0x40 build/main.o
 .debug_aranges
                0x00000040       0x68 build/stm32n6xx_it.o
 .debug_aranges
                0x000000a8       0x30 build/stm32n6xx_hal_msp.o
 .debug_aranges
                0x000000d8       0x30 build/system_stm32n6xx_fsbl.o
 .debug_aranges
                0x00000108       0xd0 build/stm32n6xx_nucleo.o
 .debug_aranges
                0x000001d8      0x3d0 build/stm32n6xx_hal.o
 .debug_aranges
                0x000005a8       0xf8 build/stm32n6xx_hal_rcc.o
 .debug_aranges
                0x000006a0      0x1b8 build/stm32n6xx_hal_rcc_ex.o
 .debug_aranges
                0x00000858       0xa8 build/stm32n6xx_hal_gpio.o
 .debug_aranges
                0x00000900      0x260 build/stm32n6xx_hal_pwr_ex.o
 .debug_aranges
                0x00000b60      0x140 build/stm32n6xx_hal_cortex.o
 .debug_aranges
                0x00000ca0      0x1a0 build/stm32n6xx_hal_xspi.o
 .debug_aranges
                0x00000e40      0x128 build/stm32n6xx_hal_bsec.o
 .debug_aranges
                0x00000f68       0x80 build/stm32n6xx_hal_exti.o
 .debug_aranges
                0x00000fe8      0x248 build/stm32n6xx_hal_uart.o
 .debug_aranges
                0x00001230       0x28 build/startup_stm32n657xx_fsbl.o
 .debug_aranges
                0x00001258       0x20 /usr/lib/gcc/arm-none-eabi/16.1.0/../../../../arm-none-eabi/lib/thumb/v8-m.main+dp/hard/libc_nano.a(libc_a-memset.o)
 .debug_aranges
                0x00001278       0x20 /usr/lib/gcc/arm-none-eabi/16.1.0/../../../../arm-none-eabi/lib/thumb/v8-m.main+dp/hard/libc_nano.a(libc_a-init.o)
 .debug_aranges
                0x00001298       0x20 /usr/lib/gcc/arm-none-eabi/16.1.0/thumb/v8-m.main+dp/hard/libgcc.a(_aeabi_uldivmod.o)
 .debug_aranges
                0x000012b8       0x20 /usr/lib/gcc/arm-none-eabi/16.1.0/thumb/v8-m.main+dp/hard/libgcc.a(_udivmoddi4.o)
 .debug_aranges
                0x000012d8       0x20 /usr/lib/gcc/arm-none-eabi/16.1.0/thumb/v8-m.main+dp/hard/libgcc.a(_dvmd_tls.o)

.debug_ranges   0x00000000     0x12b8
 .debug_ranges  0x00000000       0x30 build/main.o
 .debug_ranges  0x00000030       0x58 build/stm32n6xx_it.o
 .debug_ranges  0x00000088       0x38 build/stm32n6xx_hal_msp.o
 .debug_ranges  0x000000c0       0x20 build/system_stm32n6xx_fsbl.o
 .debug_ranges  0x000000e0       0xc0 build/stm32n6xx_nucleo.o
 .debug_ranges  0x000001a0      0x3c0 build/stm32n6xx_hal.o
 .debug_ranges  0x00000560      0x168 build/stm32n6xx_hal_rcc.o
 .debug_ranges  0x000006c8      0x1d8 build/stm32n6xx_hal_rcc_ex.o
 .debug_ranges  0x000008a0       0xc8 build/stm32n6xx_hal_gpio.o
 .debug_ranges  0x00000968      0x2b0 build/stm32n6xx_hal_pwr_ex.o
 .debug_ranges  0x00000c18      0x130 build/stm32n6xx_hal_cortex.o
 .debug_ranges  0x00000d48      0x190 build/stm32n6xx_hal_xspi.o
 .debug_ranges  0x00000ed8      0x118 build/stm32n6xx_hal_bsec.o
 .debug_ranges  0x00000ff0       0x70 build/stm32n6xx_hal_exti.o
 .debug_ranges  0x00001060      0x238 build/stm32n6xx_hal_uart.o
 .debug_ranges  0x00001298       0x20 build/startup_stm32n657xx_fsbl.o

.debug_line     0x00000000    0x16739
 .debug_line    0x00000000      0x755 build/main.o
 .debug_line    0x00000755      0x154 build/stm32n6xx_it.o
 .debug_line    0x000008a9      0x454 build/stm32n6xx_hal_msp.o
 .debug_line    0x00000cfd      0x5ab build/system_stm32n6xx_fsbl.o
 .debug_line    0x000012a8      0x862 build/stm32n6xx_nucleo.o
 .debug_line    0x00001b0a     0x12f1 build/stm32n6xx_hal.o
 .debug_line    0x00002dfb     0x247d build/stm32n6xx_hal_rcc.o
 .debug_line    0x00005278     0x6834 build/stm32n6xx_hal_rcc_ex.o
 .debug_line    0x0000baac      0xb29 build/stm32n6xx_hal_gpio.o
 .debug_line    0x0000c5d5      0xdcc build/stm32n6xx_hal_pwr_ex.o
 .debug_line    0x0000d3a1      0x9e3 build/stm32n6xx_hal_cortex.o
 .debug_line    0x0000dd84     0x1f27 build/stm32n6xx_hal_xspi.o
 .debug_line    0x0000fcab     0x12ab build/stm32n6xx_hal_bsec.o
 .debug_line    0x00010f56      0x8c4 build/stm32n6xx_hal_exti.o
 .debug_line    0x0001181a     0x4657 build/stm32n6xx_hal_uart.o
 .debug_line    0x00015e71       0x7c build/startup_stm32n657xx_fsbl.o
 .debug_line    0x00015eed      0x12e /usr/lib/gcc/arm-none-eabi/16.1.0/../../../../arm-none-eabi/lib/thumb/v8-m.main+dp/hard/libc_nano.a(libc_a-memset.o)
 .debug_line    0x0001601b      0x120 /usr/lib/gcc/arm-none-eabi/16.1.0/../../../../arm-none-eabi/lib/thumb/v8-m.main+dp/hard/libc_nano.a(libc_a-init.o)
 .debug_line    0x0001613b       0x4e /usr/lib/gcc/arm-none-eabi/16.1.0/thumb/v8-m.main+dp/hard/libgcc.a(_aeabi_uldivmod.o)
 .debug_line    0x00016189      0x566 /usr/lib/gcc/arm-none-eabi/16.1.0/thumb/v8-m.main+dp/hard/libgcc.a(_udivmoddi4.o)
 .debug_line    0x000166ef       0x4a /usr/lib/gcc/arm-none-eabi/16.1.0/thumb/v8-m.main+dp/hard/libgcc.a(_dvmd_tls.o)

.debug_str      0x00000000     0x913d
 .debug_str     0x00000000     0x913d build/main.o
                               0x1873 (size before relaxing)
 .debug_str     0x0000913d        0x0 build/stm32n6xx_it.o
                                0x22d (size before relaxing)
 .debug_str     0x0000913d        0x0 build/stm32n6xx_hal_msp.o
                               0x1a09 (size before relaxing)
 .debug_str     0x0000913d        0x0 build/system_stm32n6xx_fsbl.o
                                0xfcd (size before relaxing)
 .debug_str     0x0000913d        0x0 build/stm32n6xx_nucleo.o
                               0x2490 (size before relaxing)
 .debug_str     0x0000913d        0x0 build/stm32n6xx_hal.o
                               0x2a3e (size before relaxing)
 .debug_str     0x0000913d        0x0 build/stm32n6xx_hal_rcc.o
                               0x18a4 (size before relaxing)
 .debug_str     0x0000913d        0x0 build/stm32n6xx_hal_rcc_ex.o
                               0x2b65 (size before relaxing)
 .debug_str     0x0000913d        0x0 build/stm32n6xx_hal_gpio.o
                                0x654 (size before relaxing)
 .debug_str     0x0000913d        0x0 build/stm32n6xx_hal_pwr_ex.o
                                0xd47 (size before relaxing)
 .debug_str     0x0000913d        0x0 build/stm32n6xx_hal_cortex.o
                               0x140b (size before relaxing)
 .debug_str     0x0000913d        0x0 build/stm32n6xx_hal_xspi.o
                               0x1a6e (size before relaxing)
 .debug_str     0x0000913d        0x0 build/stm32n6xx_hal_bsec.o
                                0x84c (size before relaxing)
 .debug_str     0x0000913d        0x0 build/stm32n6xx_hal_exti.o
                                0x575 (size before relaxing)
 .debug_str     0x0000913d        0x0 build/stm32n6xx_hal_uart.o
                               0x111e (size before relaxing)
 .debug_str     0x0000913d        0x0 build/startup_stm32n657xx_fsbl.o
                                 0x5b (size before relaxing)
 .debug_str     0x0000913d        0x0 /usr/lib/gcc/arm-none-eabi/16.1.0/../../../../arm-none-eabi/lib/thumb/v8-m.main+dp/hard/libc_nano.a(libc_a-memset.o)
                                0x1ca (size before relaxing)
 .debug_str     0x0000913d        0x0 /usr/lib/gcc/arm-none-eabi/16.1.0/../../../../arm-none-eabi/lib/thumb/v8-m.main+dp/hard/libc_nano.a(libc_a-init.o)
                                0x22b (size before relaxing)
 .debug_str     0x0000913d        0x0 /usr/lib/gcc/arm-none-eabi/16.1.0/thumb/v8-m.main+dp/hard/libgcc.a(_aeabi_uldivmod.o)
                                 0xa2 (size before relaxing)
 .debug_str     0x0000913d        0x0 /usr/lib/gcc/arm-none-eabi/16.1.0/thumb/v8-m.main+dp/hard/libgcc.a(_udivmoddi4.o)
                                0x6a2 (size before relaxing)
 .debug_str     0x0000913d        0x0 /usr/lib/gcc/arm-none-eabi/16.1.0/thumb/v8-m.main+dp/hard/libgcc.a(_dvmd_tls.o)
                                 0xc2 (size before relaxing)

.comment        0x00000000       0x1e
 .comment       0x00000000       0x1e build/main.o
                                 0x1f (size before relaxing)
 .comment       0x0000001e        0x0 build/stm32n6xx_it.o
                                 0x1f (size before relaxing)
 .comment       0x0000001e        0x0 build/stm32n6xx_hal_msp.o
                                 0x1f (size before relaxing)
 .comment       0x0000001e        0x0 build/system_stm32n6xx_fsbl.o
                                 0x1f (size before relaxing)
 .comment       0x0000001e        0x0 build/stm32n6xx_nucleo.o
                                 0x1f (size before relaxing)
 .comment       0x0000001e        0x0 build/stm32n6xx_hal.o
                                 0x1f (size before relaxing)
 .comment       0x0000001e        0x0 build/stm32n6xx_hal_rcc.o
                                 0x1f (size before relaxing)
 .comment       0x0000001e        0x0 build/stm32n6xx_hal_rcc_ex.o
                                 0x1f (size before relaxing)
 .comment       0x0000001e        0x0 build/stm32n6xx_hal_gpio.o
                                 0x1f (size before relaxing)
 .comment       0x0000001e        0x0 build/stm32n6xx_hal_pwr_ex.o
                                 0x1f (size before relaxing)
 .comment       0x0000001e        0x0 build/stm32n6xx_hal_cortex.o
                                 0x1f (size before relaxing)
 .comment       0x0000001e        0x0 build/stm32n6xx_hal_xspi.o
                                 0x1f (size before relaxing)
 .comment       0x0000001e        0x0 build/stm32n6xx_hal_bsec.o
                                 0x1f (size before relaxing)
 .comment       0x0000001e        0x0 build/stm32n6xx_hal_exti.o
                                 0x1f (size before relaxing)
 .comment       0x0000001e        0x0 build/stm32n6xx_hal_uart.o
                                 0x1f (size before relaxing)
 .comment       0x0000001e        0x0 /usr/lib/gcc/arm-none-eabi/16.1.0/../../../../arm-none-eabi/lib/thumb/v8-m.main+dp/hard/libc_nano.a(libc_a-memset.o)
                                 0x1f (size before relaxing)
 .comment       0x0000001e        0x0 /usr/lib/gcc/arm-none-eabi/16.1.0/../../../../arm-none-eabi/lib/thumb/v8-m.main+dp/hard/libc_nano.a(libc_a-init.o)
                                 0x1f (size before relaxing)
 .comment       0x0000001e        0x0 /usr/lib/gcc/arm-none-eabi/16.1.0/thumb/v8-m.main+dp/hard/libgcc.a(_udivmoddi4.o)
                                 0x1f (size before relaxing)

.debug_frame    0x00000000     0x2cd8
 .debug_frame   0x00000000       0xa0 build/main.o
 .debug_frame   0x000000a0       0xb8 build/stm32n6xx_it.o
 .debug_frame   0x00000158       0x64 build/stm32n6xx_hal_msp.o
 .debug_frame   0x000001bc       0x78 build/system_stm32n6xx_fsbl.o
 .debug_frame   0x00000234      0x264 build/stm32n6xx_nucleo.o
 .debug_frame   0x00000498      0x7bc build/stm32n6xx_hal.o
 .debug_frame   0x00000c54      0x2ec build/stm32n6xx_hal_rcc.o
 .debug_frame   0x00000f40      0x4cc build/stm32n6xx_hal_rcc_ex.o
 .debug_frame   0x0000140c      0x19c build/stm32n6xx_hal_gpio.o
 .debug_frame   0x000015a8      0x4bc build/stm32n6xx_hal_pwr_ex.o
 .debug_frame   0x00001a64      0x2c4 build/stm32n6xx_hal_cortex.o
 .debug_frame   0x00001d28      0x4a0 build/stm32n6xx_hal_xspi.o
 .debug_frame   0x000021c8      0x2d0 build/stm32n6xx_hal_bsec.o
 .debug_frame   0x00002498      0x13c build/stm32n6xx_hal_exti.o
 .debug_frame   0x000025d4      0x658 build/stm32n6xx_hal_uart.o
 .debug_frame   0x00002c2c       0x20 /usr/lib/gcc/arm-none-eabi/16.1.0/../../../../arm-none-eabi/lib/thumb/v8-m.main+dp/hard/libc_nano.a(libc_a-memset.o)
 .debug_frame   0x00002c4c       0x2c /usr/lib/gcc/arm-none-eabi/16.1.0/../../../../arm-none-eabi/lib/thumb/v8-m.main+dp/hard/libc_nano.a(libc_a-init.o)
 .debug_frame   0x00002c78       0x2c /usr/lib/gcc/arm-none-eabi/16.1.0/thumb/v8-m.main+dp/hard/libgcc.a(_aeabi_uldivmod.o)
 .debug_frame   0x00002ca4       0x34 /usr/lib/gcc/arm-none-eabi/16.1.0/thumb/v8-m.main+dp/hard/libgcc.a(_udivmoddi4.o)

.debug_loclists
                0x00000000      0xa4b
 .debug_loclists
                0x00000000       0x4d /usr/lib/gcc/arm-none-eabi/16.1.0/../../../../arm-none-eabi/lib/thumb/v8-m.main+dp/hard/libc_nano.a(libc_a-memset.o)
 .debug_loclists
                0x0000004d       0x48 /usr/lib/gcc/arm-none-eabi/16.1.0/../../../../arm-none-eabi/lib/thumb/v8-m.main+dp/hard/libc_nano.a(libc_a-init.o)
 .debug_loclists
                0x00000095      0x9b6 /usr/lib/gcc/arm-none-eabi/16.1.0/thumb/v8-m.main+dp/hard/libgcc.a(_udivmoddi4.o)

.debug_rnglists
                0x00000000       0x9a
 .debug_rnglists
                0x00000000       0x13 /usr/lib/gcc/arm-none-eabi/16.1.0/../../../../arm-none-eabi/lib/thumb/v8-m.main+dp/hard/libc_nano.a(libc_a-memset.o)
 .debug_rnglists
                0x00000013       0x13 /usr/lib/gcc/arm-none-eabi/16.1.0/../../../../arm-none-eabi/lib/thumb/v8-m.main+dp/hard/libc_nano.a(libc_a-init.o)
 .debug_rnglists
                0x00000026       0x74 /usr/lib/gcc/arm-none-eabi/16.1.0/thumb/v8-m.main+dp/hard/libgcc.a(_udivmoddi4.o)

.debug_line_str
                0x00000000       0xa2
 .debug_line_str
                0x00000000       0xa2 /usr/lib/gcc/arm-none-eabi/16.1.0/thumb/v8-m.main+dp/hard/libgcc.a(_aeabi_uldivmod.o)
                                 0x96 (size before relaxing)
 .debug_line_str
                0x000000a2        0x0 /usr/lib/gcc/arm-none-eabi/16.1.0/thumb/v8-m.main+dp/hard/libgcc.a(_dvmd_tls.o)
                                 0x9a (size before relaxing)

Cross Reference Table

Symbol                                            File
ADC1_2_IRQHandler                                 build/startup_stm32n657xx_fsbl.o
ADF1_FLT0_IRQHandler                              build/startup_stm32n657xx_fsbl.o
BCK_ECC_IRQHandler                                build/startup_stm32n657xx_fsbl.o
BSP_COM_DeInit                                    build/stm32n6xx_nucleo.o
BSP_COM_Init                                      build/stm32n6xx_nucleo.o
                                                  build/main.o
BSP_COM_SelectLogPort                             build/stm32n6xx_nucleo.o
BSP_GetBoardID                                    build/stm32n6xx_nucleo.o
BSP_GetBoardName                                  build/stm32n6xx_nucleo.o
BSP_GetTick                                       build/stm32n6xx_nucleo_bus.o
                                                  build/cmw_camera.o
BSP_GetVersion                                    build/stm32n6xx_nucleo.o
BSP_I2C2_DeInit                                   build/stm32n6xx_nucleo_bus.o
                                                  build/cmw_camera.o
BSP_I2C2_Init                                     build/stm32n6xx_nucleo_bus.o
                                                  build/cmw_camera.o
BSP_I2C2_IsReady                                  build/stm32n6xx_nucleo_bus.o
BSP_I2C2_ReadReg                                  build/stm32n6xx_nucleo_bus.o
BSP_I2C2_ReadReg16                                build/stm32n6xx_nucleo_bus.o
                                                  build/cmw_camera.o
BSP_I2C2_WriteReg                                 build/stm32n6xx_nucleo_bus.o
BSP_I2C2_WriteReg16                               build/stm32n6xx_nucleo_bus.o
                                                  build/cmw_camera.o
BSP_LED_DeInit                                    build/stm32n6xx_nucleo.o
BSP_LED_GetState                                  build/stm32n6xx_nucleo.o
BSP_LED_Init                                      build/stm32n6xx_nucleo.o
                                                  build/main.o
BSP_LED_Off                                       build/stm32n6xx_nucleo.o
BSP_LED_On                                        build/stm32n6xx_nucleo.o
                                                  build/main.o
BSP_LED_Toggle                                    build/stm32n6xx_nucleo.o
BSP_PB_Callback                                   build/stm32n6xx_nucleo.o
BSP_PB_DeInit                                     build/stm32n6xx_nucleo.o
BSP_PB_GetState                                   build/stm32n6xx_nucleo.o
BSP_PB_IRQHandler                                 build/stm32n6xx_nucleo.o
BSP_PB_Init                                       build/stm32n6xx_nucleo.o
                                                  build/main.o
BSP_SMPS_Init                                     build/stm32n6xx_nucleo.o
BspCOMInit                                        build/main.o
BusFault_Handler                                  build/stm32n6xx_it.o
CACHEAXI_IRQHandler                               build/startup_stm32n657xx_fsbl.o
CACHE_ECC_IRQHandler                              build/startup_stm32n657xx_fsbl.o
CAMERA_init                                       build/camera.o
CMW_CAMERA_DeInit                                 build/cmw_camera.o
CMW_CAMERA_DisableRestartState                    build/cmw_camera.o
CMW_CAMERA_DoubleBufferStart                      build/cmw_camera.o
CMW_CAMERA_EnableRestartState                     build/cmw_camera.o
CMW_CAMERA_GetDCMIPPHandle                        build/cmw_camera.o
CMW_CAMERA_GetExposure                            build/cmw_camera.o
CMW_CAMERA_GetExposureMode                        build/cmw_camera.o
CMW_CAMERA_GetGain                                build/cmw_camera.o
CMW_CAMERA_GetMirrorFlip                          build/cmw_camera.o
CMW_CAMERA_GetSensorInfo                          build/cmw_camera.o
CMW_CAMERA_GetSensorName                          build/cmw_camera.o
CMW_CAMERA_GetTestPattern                         build/cmw_camera.o
CMW_CAMERA_Init                                   build/cmw_camera.o
                                                  build/camera.o
CMW_CAMERA_ListWBRefModes                         build/cmw_camera.o
CMW_CAMERA_PIPE_ErrorCallback                     build/cmw_camera.o
CMW_CAMERA_PIPE_FrameEventCallback                build/cmw_camera.o
CMW_CAMERA_PIPE_VsyncEventCallback                build/cmw_camera.o
CMW_CAMERA_Resume                                 build/cmw_camera.o
CMW_CAMERA_Run                                    build/cmw_camera.o
CMW_CAMERA_SetDefaultSensorValues                 build/cmw_camera.o
CMW_CAMERA_SetExposure                            build/cmw_camera.o
CMW_CAMERA_SetExposureMode                        build/cmw_camera.o
CMW_CAMERA_SetGain                                build/cmw_camera.o
CMW_CAMERA_SetMirrorFlip                          build/cmw_camera.o
CMW_CAMERA_SetPipeConfig                          build/cmw_camera.o
                                                  build/camera.o
CMW_CAMERA_SetTestPattern                         build/cmw_camera.o
CMW_CAMERA_SetWBRefMode                           build/cmw_camera.o
CMW_CAMERA_Start                                  build/cmw_camera.o
CMW_CAMERA_Suspend                                build/cmw_camera.o
CMW_IMX335_ListWBRefModes                         build/cmw_imx335.o
CMW_IMX335_Probe                                  build/cmw_imx335.o
                                                  build/cmw_camera.o
CMW_IMX335_SetDefaultSensorValues                 build/cmw_imx335.o
                                                  build/cmw_camera.o
CMW_IMX335_SetWBRefMode                           build/cmw_imx335.o
CMW_UTILS_GetPipeConfig                           build/cmw_utils.o
                                                  build/cmw_camera.o
CMW_UTILS_getClosest_HAL_PHYBitrate               build/cmw_utils.o
COM_UART                                          build/stm32n6xx_nucleo.o
CRYP_IRQHandler                                   build/startup_stm32n657xx_fsbl.o
CSI_IRQHandler                                    build/startup_stm32n657xx_fsbl.o
CTI_INT0_IRQHandler                               build/startup_stm32n657xx_fsbl.o
CTI_INT1_IRQHandler                               build/startup_stm32n657xx_fsbl.o
Camera_Ctx                                        build/cmw_camera.o
DCMIPP_IRQHandler                                 build/startup_stm32n657xx_fsbl.o
DCMIPP_initDisplay                                build/camera.o
DCMIPP_initNN                                     build/camera.o
DCMI_PSSI_IRQHandler                              build/startup_stm32n657xx_fsbl.o
DMA2D_IRQHandler                                  build/startup_stm32n657xx_fsbl.o
DTS_IRQHandler                                    build/startup_stm32n657xx_fsbl.o
DebugMon_Handler                                  build/stm32n6xx_it.o
Default_Handler                                   build/startup_stm32n657xx_fsbl.o
ETH1_IRQHandler                                   build/startup_stm32n657xx_fsbl.o
EXTI0_IRQHandler                                  build/startup_stm32n657xx_fsbl.o
EXTI10_IRQHandler                                 build/startup_stm32n657xx_fsbl.o
EXTI11_IRQHandler                                 build/startup_stm32n657xx_fsbl.o
EXTI12_IRQHandler                                 build/startup_stm32n657xx_fsbl.o
EXTI13_IRQHandler                                 build/startup_stm32n657xx_fsbl.o
EXTI14_IRQHandler                                 build/startup_stm32n657xx_fsbl.o
EXTI15_IRQHandler                                 build/startup_stm32n657xx_fsbl.o
EXTI1_IRQHandler                                  build/startup_stm32n657xx_fsbl.o
EXTI2_IRQHandler                                  build/startup_stm32n657xx_fsbl.o
EXTI3_IRQHandler                                  build/startup_stm32n657xx_fsbl.o
EXTI4_IRQHandler                                  build/startup_stm32n657xx_fsbl.o
EXTI5_IRQHandler                                  build/startup_stm32n657xx_fsbl.o
EXTI6_IRQHandler                                  build/startup_stm32n657xx_fsbl.o
EXTI7_IRQHandler                                  build/startup_stm32n657xx_fsbl.o
EXTI8_IRQHandler                                  build/startup_stm32n657xx_fsbl.o
EXTI9_IRQHandler                                  build/startup_stm32n657xx_fsbl.o
Error_Handler                                     build/main.o
                                                  build/stm32n6xx_hal_msp.o
FDCAN1_IT0_IRQHandler                             build/startup_stm32n657xx_fsbl.o
FDCAN1_IT1_IRQHandler                             build/startup_stm32n657xx_fsbl.o
FDCAN2_IT0_IRQHandler                             build/startup_stm32n657xx_fsbl.o
FDCAN2_IT1_IRQHandler                             build/startup_stm32n657xx_fsbl.o
FDCAN3_IT0_IRQHandler                             build/startup_stm32n657xx_fsbl.o
FDCAN3_IT1_IRQHandler                             build/startup_stm32n657xx_fsbl.o
FDCAN_CU_IRQHandler                               build/startup_stm32n657xx_fsbl.o
FMC_IRQHandler                                    build/startup_stm32n657xx_fsbl.o
FPU_IRQHandler                                    build/startup_stm32n657xx_fsbl.o
GFXMMU_IRQHandler                                 build/startup_stm32n657xx_fsbl.o
GFXTIM_IRQHandler                                 build/startup_stm32n657xx_fsbl.o
GPDMA1_Channel0_IRQHandler                        build/startup_stm32n657xx_fsbl.o
GPDMA1_Channel10_IRQHandler                       build/startup_stm32n657xx_fsbl.o
GPDMA1_Channel11_IRQHandler                       build/startup_stm32n657xx_fsbl.o
GPDMA1_Channel12_IRQHandler                       build/startup_stm32n657xx_fsbl.o
GPDMA1_Channel13_IRQHandler                       build/startup_stm32n657xx_fsbl.o
GPDMA1_Channel14_IRQHandler                       build/startup_stm32n657xx_fsbl.o
GPDMA1_Channel15_IRQHandler                       build/startup_stm32n657xx_fsbl.o
GPDMA1_Channel1_IRQHandler                        build/startup_stm32n657xx_fsbl.o
GPDMA1_Channel2_IRQHandler                        build/startup_stm32n657xx_fsbl.o
GPDMA1_Channel3_IRQHandler                        build/startup_stm32n657xx_fsbl.o
GPDMA1_Channel4_IRQHandler                        build/startup_stm32n657xx_fsbl.o
GPDMA1_Channel5_IRQHandler                        build/startup_stm32n657xx_fsbl.o
GPDMA1_Channel6_IRQHandler                        build/startup_stm32n657xx_fsbl.o
GPDMA1_Channel7_IRQHandler                        build/startup_stm32n657xx_fsbl.o
GPDMA1_Channel8_IRQHandler                        build/startup_stm32n657xx_fsbl.o
GPDMA1_Channel9_IRQHandler                        build/startup_stm32n657xx_fsbl.o
GPU2D_ER_IRQHandler                               build/startup_stm32n657xx_fsbl.o
GPU2D_IRQHandler                                  build/startup_stm32n657xx_fsbl.o
HAL_BSEC_ConfigDebug                              build/stm32n6xx_hal_bsec.o
HAL_BSEC_ConfigSAESHDPLIncrementValue             build/stm32n6xx_hal_bsec.o
HAL_BSEC_GetDHUKLockStatus                        build/stm32n6xx_hal_bsec.o
HAL_BSEC_GetDHUKValidity                          build/stm32n6xx_hal_bsec.o
HAL_BSEC_GetDebugConfig                           build/stm32n6xx_hal_bsec.o
HAL_BSEC_GetDebugLockState                        build/stm32n6xx_hal_bsec.o
HAL_BSEC_GetDebugRequest                          build/stm32n6xx_hal_bsec.o
HAL_BSEC_GetDeviceLifeCycleState                  build/stm32n6xx_hal_bsec.o
HAL_BSEC_GetEpochCounterSelection                 build/stm32n6xx_hal_bsec.o
HAL_BSEC_GetErrorCode                             build/stm32n6xx_hal_bsec.o
HAL_BSEC_GetGlobalLockStatus                      build/stm32n6xx_hal_bsec.o
HAL_BSEC_GetHDPLValue                             build/stm32n6xx_hal_bsec.o
HAL_BSEC_GetNumberOfResets                        build/stm32n6xx_hal_bsec.o
HAL_BSEC_GetSAESHDPLIncrementValue                build/stm32n6xx_hal_bsec.o
HAL_BSEC_GetStatus                                build/stm32n6xx_hal_bsec.o
HAL_BSEC_GlobalLock                               build/stm32n6xx_hal_bsec.o
HAL_BSEC_IncrementHDPLValue                       build/stm32n6xx_hal_bsec.o
HAL_BSEC_LockDHUKUse                              build/stm32n6xx_hal_bsec.o
HAL_BSEC_LockDebug                                build/stm32n6xx_hal_bsec.o
HAL_BSEC_OTP_GetShadowState                       build/stm32n6xx_hal_bsec.o
HAL_BSEC_OTP_GetState                             build/stm32n6xx_hal_bsec.o
HAL_BSEC_OTP_Lock                                 build/stm32n6xx_hal_bsec.o
HAL_BSEC_OTP_Program                              build/stm32n6xx_hal_bsec.o
HAL_BSEC_OTP_Read                                 build/stm32n6xx_hal_bsec.o
                                                  build/stm32n6xx_hal.o
                                                  build/stm32n6xx_hal_msp.o
HAL_BSEC_OTP_ReadShadow                           build/stm32n6xx_hal_bsec.o
HAL_BSEC_OTP_Reload                               build/stm32n6xx_hal_bsec.o
HAL_BSEC_OTP_WriteShadow                          build/stm32n6xx_hal_bsec.o
HAL_BSEC_ReadEpochCounter                         build/stm32n6xx_hal_bsec.o
HAL_BSEC_ReadScratchValue                         build/stm32n6xx_hal_bsec.o
HAL_BSEC_ReceiveJTAGData                          build/stm32n6xx_hal_bsec.o
HAL_BSEC_SelectEpochCounter                       build/stm32n6xx_hal_bsec.o
HAL_BSEC_SendJTAGData                             build/stm32n6xx_hal_bsec.o
HAL_BSEC_UnlockDebug                              build/stm32n6xx_hal_bsec.o
HAL_BSEC_WriteScratchValue                        build/stm32n6xx_hal_bsec.o
HAL_CORTEX_ClearEvent                             build/stm32n6xx_hal_cortex.o
HAL_DBGMCU_DisableDBGSleepMode                    build/stm32n6xx_hal.o
HAL_DBGMCU_DisableDBGStandbyMode                  build/stm32n6xx_hal.o
HAL_DBGMCU_DisableDBGStopMode                     build/stm32n6xx_hal.o
HAL_DBGMCU_EnableDBGSleepMode                     build/stm32n6xx_hal.o
HAL_DBGMCU_EnableDBGStandbyMode                   build/stm32n6xx_hal.o
HAL_DBGMCU_EnableDBGStopMode                      build/stm32n6xx_hal.o
HAL_DCMIPP_CSI_ClockChangerFifoFullEventCallback  build/stm32n6xx_hal_dcmipp.o
HAL_DCMIPP_CSI_DisableLineByteCounter             build/stm32n6xx_hal_dcmipp.o
HAL_DCMIPP_CSI_DisableTimer                       build/stm32n6xx_hal_dcmipp.o
HAL_DCMIPP_CSI_EnableLineByteCounter              build/stm32n6xx_hal_dcmipp.o
HAL_DCMIPP_CSI_EnableTimer                        build/stm32n6xx_hal_dcmipp.o
HAL_DCMIPP_CSI_EndOfFrameEventCallback            build/stm32n6xx_hal_dcmipp.o
HAL_DCMIPP_CSI_IRQHandler                         build/stm32n6xx_hal_dcmipp.o
HAL_DCMIPP_CSI_LineByteEventCallback              build/stm32n6xx_hal_dcmipp.o
HAL_DCMIPP_CSI_LineErrorCallback                  build/stm32n6xx_hal_dcmipp.o
HAL_DCMIPP_CSI_PIPE_DoubleBufferStart             build/stm32n6xx_hal_dcmipp.o
                                                  build/cmw_camera.o
HAL_DCMIPP_CSI_PIPE_FullPlanarDoubleBufferStart   build/stm32n6xx_hal_dcmipp.o
HAL_DCMIPP_CSI_PIPE_FullPlanarStart               build/stm32n6xx_hal_dcmipp.o
HAL_DCMIPP_CSI_PIPE_SemiPlanarDoubleBufferStart   build/stm32n6xx_hal_dcmipp.o
HAL_DCMIPP_CSI_PIPE_SemiPlanarStart               build/stm32n6xx_hal_dcmipp.o
HAL_DCMIPP_CSI_PIPE_SetConfig                     build/stm32n6xx_hal_dcmipp.o
                                                  build/cmw_camera.o
HAL_DCMIPP_CSI_PIPE_Start                         build/stm32n6xx_hal_dcmipp.o
                                                  build/cmw_camera.o
HAL_DCMIPP_CSI_PIPE_Stop                          build/stm32n6xx_hal_dcmipp.o
                                                  build/cmw_camera.o
HAL_DCMIPP_CSI_SetConfig                          build/stm32n6xx_hal_dcmipp.o
                                                  build/cmw_camera.o
HAL_DCMIPP_CSI_SetLineByteCounterConfig           build/stm32n6xx_hal_dcmipp.o
HAL_DCMIPP_CSI_SetTimerConfig                     build/stm32n6xx_hal_dcmipp.o
HAL_DCMIPP_CSI_SetVCConfig                        build/stm32n6xx_hal_dcmipp.o
                                                  build/cmw_camera.o
HAL_DCMIPP_CSI_SetVCFilteringConfig               build/stm32n6xx_hal_dcmipp.o
HAL_DCMIPP_CSI_SetWatchdogCounterConfig           build/stm32n6xx_hal_dcmipp.o
HAL_DCMIPP_CSI_ShortPacketDetectionEventCallback  build/stm32n6xx_hal_dcmipp.o
HAL_DCMIPP_CSI_StartOfFrameEventCallback          build/stm32n6xx_hal_dcmipp.o
HAL_DCMIPP_CSI_TimerCounterEventCallback          build/stm32n6xx_hal_dcmipp.o
HAL_DCMIPP_DeInit                                 build/stm32n6xx_hal_dcmipp.o
                                                  build/cmw_camera.o
HAL_DCMIPP_ErrorCallback                          build/stm32n6xx_hal_dcmipp.o
HAL_DCMIPP_GetError                               build/stm32n6xx_hal_dcmipp.o
HAL_DCMIPP_GetMode                                build/stm32n6xx_hal_dcmipp.o
HAL_DCMIPP_GetState                               build/stm32n6xx_hal_dcmipp.o
                                                  build/isp_services.o
HAL_DCMIPP_IRQHandler                             build/stm32n6xx_hal_dcmipp.o
HAL_DCMIPP_Init                                   build/stm32n6xx_hal_dcmipp.o
                                                  build/cmw_camera.o
HAL_DCMIPP_MspDeInit                              build/cmw_camera.o
                                                  build/stm32n6xx_hal_dcmipp.o
HAL_DCMIPP_MspInit                                build/cmw_camera.o
                                                  build/stm32n6xx_hal_dcmipp.o
HAL_DCMIPP_PARALLEL_SetConfig                     build/stm32n6xx_hal_dcmipp.o
HAL_DCMIPP_PARALLEL_SetSyncUnmask                 build/stm32n6xx_hal_dcmipp.o
HAL_DCMIPP_PIPE_CSI_DisableHeader                 build/stm32n6xx_hal_dcmipp.o
HAL_DCMIPP_PIPE_CSI_DisableShare                  build/stm32n6xx_hal_dcmipp.o
HAL_DCMIPP_PIPE_CSI_EnableHeader                  build/stm32n6xx_hal_dcmipp.o
HAL_DCMIPP_PIPE_CSI_EnableShare                   build/stm32n6xx_hal_dcmipp.o
                                                  build/cmw_camera.o
HAL_DCMIPP_PIPE_CSI_ForceDataTypeFormat           build/stm32n6xx_hal_dcmipp.o
HAL_DCMIPP_PIPE_CSI_SetDTMode                     build/stm32n6xx_hal_dcmipp.o
HAL_DCMIPP_PIPE_CSI_SetDTSelection                build/stm32n6xx_hal_dcmipp.o
HAL_DCMIPP_PIPE_DisableComponentsSwap             build/stm32n6xx_hal_dcmipp.o
HAL_DCMIPP_PIPE_DisableCrop                       build/stm32n6xx_hal_dcmipp.o
                                                  build/cmw_camera.o
HAL_DCMIPP_PIPE_DisableDecimation                 build/stm32n6xx_hal_dcmipp.o
                                                  build/cmw_camera.o
HAL_DCMIPP_PIPE_DisableDownsize                   build/stm32n6xx_hal_dcmipp.o
HAL_DCMIPP_PIPE_DisableGammaConversion            build/stm32n6xx_hal_dcmipp.o
                                                  build/isp_services.o
                                                  build/cmw_camera.o
HAL_DCMIPP_PIPE_DisableISPAreaStatisticExtraction build/stm32n6xx_hal_dcmipp.o
HAL_DCMIPP_PIPE_DisableISPBadPixelRemoval         build/stm32n6xx_hal_dcmipp.o
                                                  build/isp_services.o
HAL_DCMIPP_PIPE_DisableISPBlackLevelCalibration   build/stm32n6xx_hal_dcmipp.o
                                                  build/isp_services.o
HAL_DCMIPP_PIPE_DisableISPColorConversion         build/stm32n6xx_hal_dcmipp.o
                                                  build/isp_services.o
HAL_DCMIPP_PIPE_DisableISPCtrlContrast            build/stm32n6xx_hal_dcmipp.o
                                                  build/isp_services.o
HAL_DCMIPP_PIPE_DisableISPDecimation              build/stm32n6xx_hal_dcmipp.o
HAL_DCMIPP_PIPE_DisableISPExposure                build/stm32n6xx_hal_dcmipp.o
                                                  build/isp_services.o
HAL_DCMIPP_PIPE_DisableISPRawBayer2RGB            build/stm32n6xx_hal_dcmipp.o
                                                  build/isp_services.o
HAL_DCMIPP_PIPE_DisableISPRemovalStatistic        build/stm32n6xx_hal_dcmipp.o
                                                  build/isp_services.o
HAL_DCMIPP_PIPE_DisableISPStatisticExtraction     build/stm32n6xx_hal_dcmipp.o
HAL_DCMIPP_PIPE_DisableLimitEvent                 build/stm32n6xx_hal_dcmipp.o
HAL_DCMIPP_PIPE_DisableLineEvent                  build/stm32n6xx_hal_dcmipp.o
HAL_DCMIPP_PIPE_DisableLineWrapping               build/stm32n6xx_hal_dcmipp.o
HAL_DCMIPP_PIPE_DisableRedBlueSwap                build/stm32n6xx_hal_dcmipp.o
                                                  build/cmw_camera.o
HAL_DCMIPP_PIPE_DisableRegionOfInterest           build/stm32n6xx_hal_dcmipp.o
HAL_DCMIPP_PIPE_DisableYUVConversion              build/stm32n6xx_hal_dcmipp.o
HAL_DCMIPP_PIPE_DisableYUVSwap                    build/stm32n6xx_hal_dcmipp.o
HAL_DCMIPP_PIPE_DoubleBufferStart                 build/stm32n6xx_hal_dcmipp.o
HAL_DCMIPP_PIPE_EnableCapture                     build/stm32n6xx_hal_dcmipp.o
HAL_DCMIPP_PIPE_EnableComponentsSwap              build/stm32n6xx_hal_dcmipp.o
HAL_DCMIPP_PIPE_EnableCrop                        build/stm32n6xx_hal_dcmipp.o
                                                  build/cmw_camera.o
HAL_DCMIPP_PIPE_EnableDecimation                  build/stm32n6xx_hal_dcmipp.o
                                                  build/cmw_camera.o
HAL_DCMIPP_PIPE_EnableDownsize                    build/stm32n6xx_hal_dcmipp.o
                                                  build/cmw_camera.o
HAL_DCMIPP_PIPE_EnableGammaConversion             build/stm32n6xx_hal_dcmipp.o
                                                  build/isp_services.o
                                                  build/cmw_camera.o
HAL_DCMIPP_PIPE_EnableISPAreaStatisticExtraction  build/stm32n6xx_hal_dcmipp.o
                                                  build/isp_services.o
HAL_DCMIPP_PIPE_EnableISPBadPixelRemoval          build/stm32n6xx_hal_dcmipp.o
                                                  build/isp_services.o
HAL_DCMIPP_PIPE_EnableISPBlackLevelCalibration    build/stm32n6xx_hal_dcmipp.o
                                                  build/isp_services.o
HAL_DCMIPP_PIPE_EnableISPColorConversion          build/stm32n6xx_hal_dcmipp.o
                                                  build/isp_services.o
HAL_DCMIPP_PIPE_EnableISPCtrlContrast             build/stm32n6xx_hal_dcmipp.o
                                                  build/isp_services.o
HAL_DCMIPP_PIPE_EnableISPDecimation               build/stm32n6xx_hal_dcmipp.o
                                                  build/isp_services.o
HAL_DCMIPP_PIPE_EnableISPExposure                 build/stm32n6xx_hal_dcmipp.o
                                                  build/isp_services.o
HAL_DCMIPP_PIPE_EnableISPRawBayer2RGB             build/stm32n6xx_hal_dcmipp.o
                                                  build/isp_services.o
HAL_DCMIPP_PIPE_EnableISPRemovalStatistic         build/stm32n6xx_hal_dcmipp.o
                                                  build/isp_services.o
HAL_DCMIPP_PIPE_EnableISPStatisticExtraction      build/stm32n6xx_hal_dcmipp.o
                                                  build/isp_services.o
HAL_DCMIPP_PIPE_EnableLimitEvent                  build/stm32n6xx_hal_dcmipp.o
HAL_DCMIPP_PIPE_EnableLineEvent                   build/stm32n6xx_hal_dcmipp.o
HAL_DCMIPP_PIPE_EnableLineWrapping                build/stm32n6xx_hal_dcmipp.o
HAL_DCMIPP_PIPE_EnableRedBlueSwap                 build/stm32n6xx_hal_dcmipp.o
                                                  build/cmw_camera.o
HAL_DCMIPP_PIPE_EnableRegionOfInterest            build/stm32n6xx_hal_dcmipp.o
HAL_DCMIPP_PIPE_EnableYUVConversion               build/stm32n6xx_hal_dcmipp.o
                                                  build/cmw_camera.o
HAL_DCMIPP_PIPE_EnableYUVSwap                     build/stm32n6xx_hal_dcmipp.o
HAL_DCMIPP_PIPE_ErrorCallback                     build/cmw_camera.o
                                                  build/stm32n6xx_hal_dcmipp.o
HAL_DCMIPP_PIPE_FrameEventCallback                build/cmw_camera.o
                                                  build/stm32n6xx_hal_dcmipp.o
HAL_DCMIPP_PIPE_FullPlanarDoubleBufferStart       build/stm32n6xx_hal_dcmipp.o
HAL_DCMIPP_PIPE_FullPlanarStart                   build/stm32n6xx_hal_dcmipp.o
HAL_DCMIPP_PIPE_GetDataCounter                    build/stm32n6xx_hal_dcmipp.o
HAL_DCMIPP_PIPE_GetISPAccumulatedStatisticsCounter build/stm32n6xx_hal_dcmipp.o
                                                  build/isp_services.o
HAL_DCMIPP_PIPE_GetISPAreaStatisticExtractionConfig build/stm32n6xx_hal_dcmipp.o
                                                  build/isp_services.o
HAL_DCMIPP_PIPE_GetISPBadPixelRemovalConfig       build/stm32n6xx_hal_dcmipp.o
                                                  build/isp_services.o
HAL_DCMIPP_PIPE_GetISPBlackLevelCalibrationConfig build/stm32n6xx_hal_dcmipp.o
                                                  build/isp_services.o
HAL_DCMIPP_PIPE_GetISPColorConversionConfig       build/stm32n6xx_hal_dcmipp.o
                                                  build/isp_services.o
HAL_DCMIPP_PIPE_GetISPCtrlContrastConfig          build/stm32n6xx_hal_dcmipp.o
HAL_DCMIPP_PIPE_GetISPDecimationConfig            build/stm32n6xx_hal_dcmipp.o
HAL_DCMIPP_PIPE_GetISPExposureConfig              build/stm32n6xx_hal_dcmipp.o
                                                  build/isp_services.o
HAL_DCMIPP_PIPE_GetISPRawBayer2RGBConfig          build/stm32n6xx_hal_dcmipp.o
HAL_DCMIPP_PIPE_GetISPRemovalStatisticConfig      build/stm32n6xx_hal_dcmipp.o
HAL_DCMIPP_PIPE_GetISPRemovedBadPixelCounter      build/stm32n6xx_hal_dcmipp.o
                                                  build/isp_services.o
HAL_DCMIPP_PIPE_GetISPStatisticExtractionConfig   build/stm32n6xx_hal_dcmipp.o
HAL_DCMIPP_PIPE_GetMemoryAddress                  build/stm32n6xx_hal_dcmipp.o
HAL_DCMIPP_PIPE_GetState                          build/stm32n6xx_hal_dcmipp.o
                                                  build/cmw_camera.o
HAL_DCMIPP_PIPE_IsEnabledGammaConversion          build/stm32n6xx_hal_dcmipp.o
                                                  build/isp_services.o
HAL_DCMIPP_PIPE_IsEnabledISPAreaStatisticExtraction build/stm32n6xx_hal_dcmipp.o
                                                  build/isp_services.o
HAL_DCMIPP_PIPE_IsEnabledISPBadPixelRemoval       build/stm32n6xx_hal_dcmipp.o
                                                  build/isp_services.o
HAL_DCMIPP_PIPE_IsEnabledISPBlackLevelCalibration build/stm32n6xx_hal_dcmipp.o
                                                  build/isp_services.o
HAL_DCMIPP_PIPE_IsEnabledISPColorConversion       build/stm32n6xx_hal_dcmipp.o
                                                  build/isp_services.o
HAL_DCMIPP_PIPE_IsEnabledISPCtrlContrast          build/stm32n6xx_hal_dcmipp.o
HAL_DCMIPP_PIPE_IsEnabledISPDecimation            build/stm32n6xx_hal_dcmipp.o
HAL_DCMIPP_PIPE_IsEnabledISPExposure              build/stm32n6xx_hal_dcmipp.o
                                                  build/isp_services.o
HAL_DCMIPP_PIPE_IsEnabledISPRawBayer2RGB          build/stm32n6xx_hal_dcmipp.o
HAL_DCMIPP_PIPE_IsEnabledISPRemovalStatistic      build/stm32n6xx_hal_dcmipp.o
HAL_DCMIPP_PIPE_IsEnabledISPStatisticExtraction   build/stm32n6xx_hal_dcmipp.o
HAL_DCMIPP_PIPE_LimitEventCallback                build/stm32n6xx_hal_dcmipp.o
HAL_DCMIPP_PIPE_LineEventCallback                 build/stm32n6xx_hal_dcmipp.o
HAL_DCMIPP_PIPE_PARALLEL_SetInputPixelFormat      build/stm32n6xx_hal_dcmipp.o
HAL_DCMIPP_PIPE_ReadFrameCounter                  build/stm32n6xx_hal_dcmipp.o
HAL_DCMIPP_PIPE_ResetFrameCounter                 build/stm32n6xx_hal_dcmipp.o
HAL_DCMIPP_PIPE_Resume                            build/stm32n6xx_hal_dcmipp.o
                                                  build/cmw_camera.o
HAL_DCMIPP_PIPE_SemiPlanarDoubleBufferStart       build/stm32n6xx_hal_dcmipp.o
HAL_DCMIPP_PIPE_SemiPlanarStart                   build/stm32n6xx_hal_dcmipp.o
HAL_DCMIPP_PIPE_SetBytesDecimationConfig          build/stm32n6xx_hal_dcmipp.o
HAL_DCMIPP_PIPE_SetCaptureMode                    build/stm32n6xx_hal_dcmipp.o
HAL_DCMIPP_PIPE_SetConfig                         build/stm32n6xx_hal_dcmipp.o
                                                  build/cmw_camera.o
HAL_DCMIPP_PIPE_SetCropConfig                     build/stm32n6xx_hal_dcmipp.o
                                                  build/cmw_camera.o
HAL_DCMIPP_PIPE_SetDecimationConfig               build/stm32n6xx_hal_dcmipp.o
                                                  build/cmw_camera.o
HAL_DCMIPP_PIPE_SetDownsizeConfig                 build/stm32n6xx_hal_dcmipp.o
                                                  build/cmw_camera.o
HAL_DCMIPP_PIPE_SetFrameCounterConfig             build/stm32n6xx_hal_dcmipp.o
HAL_DCMIPP_PIPE_SetFrameRate                      build/stm32n6xx_hal_dcmipp.o
HAL_DCMIPP_PIPE_SetFullPlanarMemoryAddress        build/stm32n6xx_hal_dcmipp.o
HAL_DCMIPP_PIPE_SetISPAreaStatisticExtractionConfig build/stm32n6xx_hal_dcmipp.o
                                                  build/isp_services.o
HAL_DCMIPP_PIPE_SetISPBadPixelRemovalConfig       build/stm32n6xx_hal_dcmipp.o
                                                  build/isp_services.o
HAL_DCMIPP_PIPE_SetISPBlackLevelCalibrationConfig build/stm32n6xx_hal_dcmipp.o
                                                  build/isp_services.o
HAL_DCMIPP_PIPE_SetISPColorConversionConfig       build/stm32n6xx_hal_dcmipp.o
                                                  build/isp_services.o
HAL_DCMIPP_PIPE_SetISPCtrlContrastConfig          build/stm32n6xx_hal_dcmipp.o
                                                  build/isp_services.o
HAL_DCMIPP_PIPE_SetISPDecimationConfig            build/stm32n6xx_hal_dcmipp.o
                                                  build/isp_services.o
HAL_DCMIPP_PIPE_SetISPExposureConfig              build/stm32n6xx_hal_dcmipp.o
                                                  build/isp_services.o
HAL_DCMIPP_PIPE_SetISPRawBayer2RGBConfig          build/stm32n6xx_hal_dcmipp.o
                                                  build/isp_services.o
HAL_DCMIPP_PIPE_SetISPRemovalStatisticConfig      build/stm32n6xx_hal_dcmipp.o
                                                  build/isp_services.o
HAL_DCMIPP_PIPE_SetISPStatisticExtractionConfig   build/stm32n6xx_hal_dcmipp.o
                                                  build/isp_services.o
HAL_DCMIPP_PIPE_SetLineWrappingConfig             build/stm32n6xx_hal_dcmipp.o
HAL_DCMIPP_PIPE_SetLinesDecimationConfig          build/stm32n6xx_hal_dcmipp.o
HAL_DCMIPP_PIPE_SetMemoryAddress                  build/stm32n6xx_hal_dcmipp.o
HAL_DCMIPP_PIPE_SetPitch                          build/stm32n6xx_hal_dcmipp.o
                                                  build/cmw_camera.o
HAL_DCMIPP_PIPE_SetPixelPackerFormat              build/stm32n6xx_hal_dcmipp.o
                                                  build/cmw_camera.o
HAL_DCMIPP_PIPE_SetRegionOfInterestConfig         build/stm32n6xx_hal_dcmipp.o
HAL_DCMIPP_PIPE_SetSemiPlanarMemoryAddress        build/stm32n6xx_hal_dcmipp.o
HAL_DCMIPP_PIPE_SetYUVConversionConfig            build/stm32n6xx_hal_dcmipp.o
                                                  build/cmw_camera.o
HAL_DCMIPP_PIPE_Start                             build/stm32n6xx_hal_dcmipp.o
HAL_DCMIPP_PIPE_Stop                              build/stm32n6xx_hal_dcmipp.o
HAL_DCMIPP_PIPE_Suspend                           build/stm32n6xx_hal_dcmipp.o
                                                  build/cmw_camera.o
HAL_DCMIPP_PIPE_VsyncEventCallback                build/cmw_camera.o
                                                  build/stm32n6xx_hal_dcmipp.o